qdir:    "c:\program files (x86)\steam\steamapps\sourcemods\who\modelsrc\chessandpieces\king_white\"
gamedir: "C:\Program Files (x86)\Steam\steamapps\sourcemods\who\"
g_path:  "C:\Program Files (x86)\Steam\steamapps\sourcemods\who\ModelSrc\chessandpieces\king_white\king_white.qc"
Building binary model files...
Working on "king_white.qc"
SMD MODEL king.smd
SMD MODEL king_colls.smd
SMD MODEL anims/idle.smd
Model has 1 convex sub-parts
Collision model completed.
---------------------
writing C:\Program Files (x86)\Steam\steamapps\sourcemods\who\models/chessandpieces/king_white.mdl:
bones          896 bytes (1)
animations     116 bytes (1 anims) (1 frames) [0:00]
sequences      220 bytes (1 seq) 
ik/pose        164 bytes
eyeballs         0 bytes (0 eyeballs)
flexes           0 bytes (0 flexes)
textures        72 bytes
keyvalues        0 bytes
bone transforms        0 bytes
bone flex driver       0 bytes
Collision model volume 1.00 in^3
collision        0 bytes
total         1704
---------------------
writing C:\Program Files (x86)\Steam\steamapps\sourcemods\who\models/chessandpieces/king_white.vvd:
vertices    126864 bytes (2643 vertices)
tangents     42288 bytes (2643 vertices)
total       169216 bytes
---------------------
Generating optimized mesh "C:\Program Files (x86)\Steam\steamapps\sourcemods\who\models/chessandpieces/king_white.sw.vtx":
body parts:         8 bytes
models:            20 bytes
model LODs:        12 bytes
meshes:             9 bytes
strip groups:      25 bytes
strips:            27 bytes
verts:          23787 bytes
indices:        25032 bytes
bone changes:      16 bytes
everything:     48960 bytes
---------------------
Generating optimized mesh "C:\Program Files (x86)\Steam\steamapps\sourcemods\who\models/chessandpieces/king_white.dx80.vtx":
body parts:         8 bytes
models:            20 bytes
model LODs:        12 bytes
meshes:             9 bytes
strip groups:      25 bytes
strips:            27 bytes
verts:          23787 bytes
indices:        25032 bytes
bone changes:      16 bytes
everything:     48960 bytes
---------------------
Generating optimized mesh "C:\Program Files (x86)\Steam\steamapps\sourcemods\who\models/chessandpieces/king_white.dx90.vtx":
body parts:         8 bytes
models:            20 bytes
model LODs:        12 bytes
meshes:             9 bytes
strip groups:      25 bytes
strips:            27 bytes
verts:          23787 bytes
indices:        25032 bytes
bone changes:      16 bytes
everything:     48960 bytes

Completed "king_white.qc"



