qdir:    "c:\program files (x86)\steam\steamapps\sourcemods\who\modelsrc\chessandpieces\board\"
gamedir: "C:\Program Files (x86)\Steam\steamapps\common\Source SDK Base 2013 Singleplayer\sourcetest\"
g_path:  "C:\Program Files (x86)\Steam\steamapps\sourcemods\who\ModelSrc\chessandpieces\board\board.qc"
Building binary model files...
Working on "board.qc"
SMD MODEL chess_board.smd
SMD MODEL anims/idle.smd
WARNING: Model has 2-dimensional geometry (less than 0.500 inches thick on any axis)!!!
WARNING: Model has 2-dimensional geometry (less than 0.500 inches thick on any axis)!!!
WARNING: Model has 2-dimensional geometry (less than 0.500 inches thick on any axis)!!!
WARNING: Model has 2-dimensional geometry (less than 0.500 inches thick on any axis)!!!
WARNING: Model has 2-dimensional geometry (less than 0.500 inches thick on any axis)!!!
WARNING: Error with convex elements of chess_board.smd, building single convex!!!!
Collision model completed.
---------------------
writing C:\Program Files (x86)\Steam\steamapps\common\Source SDK Base 2013 Singleplayer\sourcetest\models/chessandpieces/board.mdl:
bones          896 bytes (1)
animations     116 bytes (1 anims) (1 frames) [0:00]
sequences      220 bytes (1 seq) 
ik/pose        164 bytes
eyeballs         0 bytes (0 eyeballs)
flexes           0 bytes (0 flexes)
textures        72 bytes
keyvalues        0 bytes
bone transforms        0 bytes
bone flex driver       0 bytes
collision        0 bytes
total         1700
---------------------
writing C:\Program Files (x86)\Steam\steamapps\common\Source SDK Base 2013 Singleplayer\sourcetest\models/chessandpieces/board.vvd:
vertices     73248 bytes (1526 vertices)
tangents     24416 bytes (1526 vertices)
total        97728 bytes
---------------------
Generating optimized mesh "C:\Program Files (x86)\Steam\steamapps\common\Source SDK Base 2013 Singleplayer\sourcetest\models/chessandpieces/board.sw.vtx":
body parts:         8 bytes
models:            20 bytes
model LODs:        12 bytes
meshes:             9 bytes
strip groups:      25 bytes
strips:            27 bytes
verts:          13734 bytes
indices:        13248 bytes
bone changes:      16 bytes
everything:     27123 bytes
---------------------
Generating optimized mesh "C:\Program Files (x86)\Steam\steamapps\common\Source SDK Base 2013 Singleplayer\sourcetest\models/chessandpieces/board.dx80.vtx":
body parts:         8 bytes
models:            20 bytes
model LODs:        12 bytes
meshes:             9 bytes
strip groups:      25 bytes
strips:            27 bytes
verts:          13734 bytes
indices:        13248 bytes
bone changes:      16 bytes
everything:     27123 bytes
---------------------
Generating optimized mesh "C:\Program Files (x86)\Steam\steamapps\common\Source SDK Base 2013 Singleplayer\sourcetest\models/chessandpieces/board.dx90.vtx":
body parts:         8 bytes
models:            20 bytes
model LODs:        12 bytes
meshes:             9 bytes
strip groups:      25 bytes
strips:            27 bytes
verts:          13734 bytes
indices:        13248 bytes
bone changes:      16 bytes
everything:     27123 bytes

Completed "board.qc"



