qdir:    "c:\program files (x86)\steam\steamapps\sourcemods\who\modelsrc\him\mask\"
gamedir: "C:\Program Files (x86)\Steam\steamapps\sourcemods\who\"
g_path:  "C:\Program Files (x86)\Steam\steamapps\sourcemods\who\ModelSrc\him\mask\mask.qc"
Building binary model files...
Working on "mask.qc"
SMD MODEL ref.smd
SMD MODEL colls.smd
SMD MODEL anims/idle.smd
Model has 1 convex sub-parts
Collision model completed.
---------------------
writing C:\Program Files (x86)\Steam\steamapps\sourcemods\who\models/him/mask.mdl:
bones          964 bytes (1)
animations     112 bytes (1 anims) (1 frames) [0:00]
sequences      220 bytes (1 seq) 
ik/pose        164 bytes
eyeballs         0 bytes (0 eyeballs)
flexes           0 bytes (0 flexes)
textures        72 bytes
keyvalues        0 bytes
bone transforms        0 bytes
bone flex driver       0 bytes
Collision model volume 673.78 in^3
collision        0 bytes
total         1728
---------------------
writing C:\Program Files (x86)\Steam\steamapps\sourcemods\who\models/him/mask.vvd:
vertices     93408 bytes (1946 vertices)
tangents     31136 bytes (1946 vertices)
total       124608 bytes
---------------------
Generating optimized mesh "C:\Program Files (x86)\Steam\steamapps\sourcemods\who\models/him/mask.sw.vtx":
body parts:         8 bytes
models:            20 bytes
model LODs:        12 bytes
meshes:             9 bytes
strip groups:      25 bytes
strips:            27 bytes
verts:          17514 bytes
indices:        18072 bytes
bone changes:      16 bytes
everything:     35727 bytes
---------------------
Generating optimized mesh "C:\Program Files (x86)\Steam\steamapps\sourcemods\who\models/him/mask.dx80.vtx":
body parts:         8 bytes
models:            20 bytes
model LODs:        12 bytes
meshes:             9 bytes
strip groups:      25 bytes
strips:            27 bytes
verts:          17514 bytes
indices:        18072 bytes
bone changes:      16 bytes
everything:     35727 bytes
---------------------
Generating optimized mesh "C:\Program Files (x86)\Steam\steamapps\sourcemods\who\models/him/mask.dx90.vtx":
body parts:         8 bytes
models:            20 bytes
model LODs:        12 bytes
meshes:             9 bytes
strip groups:      25 bytes
strips:            27 bytes
verts:          17514 bytes
indices:        18072 bytes
bone changes:      16 bytes
everything:     35727 bytes

Completed "mask.qc"



