qdir:    "c:\program files (x86)\steam\steamapps\sourcemods\who\modelsrc\chessandpieces\pieces\"
gamedir: "C:\Program Files (x86)\Steam\steamapps\common\Source SDK Base 2013 Singleplayer\sourcetest\"
g_path:  "C:\Program Files (x86)\Steam\steamapps\sourcemods\who\ModelSrc\chessandpieces\pieces\pieces.qc"
Building binary model files...
Working on "pieces.qc"
SMD MODEL chess_pieces.smd
SMD MODEL chess_pieces_collz.smd
SMD MODEL anims/idle.smd
WARNING: Model has 2-dimensional geometry (less than 0.500 inches thick on any axis)!!!
WARNING: Model has 2-dimensional geometry (less than 0.500 inches thick on any axis)!!!
WARNING: Model has 2-dimensional geometry (less than 0.500 inches thick on any axis)!!!
WARNING: Model has 2-dimensional geometry (less than 0.500 inches thick on any axis)!!!
WARNING: Model has 2-dimensional geometry (less than 0.500 inches thick on any axis)!!!
WARNING: Model has 2-dimensional geometry (less than 0.500 inches thick on any axis)!!!
WARNING: Model has 2-dimensional geometry (less than 0.500 inches thick on any axis)!!!
WARNING: Model has 2-dimensional geometry (less than 0.500 inches thick on any axis)!!!
WARNING: Model has 2-dimensional geometry (less than 0.500 inches thick on any axis)!!!
WARNING: Model has 2-dimensional geometry (less than 0.500 inches thick on any axis)!!!
WARNING: Model has 2-dimensional geometry (less than 0.500 inches thick on any axis)!!!
WARNING: Model has 2-dimensional geometry (less than 0.500 inches thick on any axis)!!!
WARNING: Model has 2-dimensional geometry (less than 0.500 inches thick on any axis)!!!
WARNING: Model has 2-dimensional geometry (less than 0.500 inches thick on any axis)!!!
WARNING: Model has 2-dimensional geometry (less than 0.500 inches thick on any axis)!!!
WARNING: Model has 2-dimensional geometry (less than 0.500 inches thick on any axis)!!!
WARNING: Model has 2-dimensional geometry (less than 0.500 inches thick on any axis)!!!
WARNING: Model has 2-dimensional geometry (less than 0.500 inches thick on any axis)!!!
WARNING: Model has 2-dimensional geometry (less than 0.500 inches thick on any axis)!!!
WARNING: Model has 2-dimensional geometry (less than 0.500 inches thick on any axis)!!!
WARNING: Model has 2-dimensional geometry (less than 0.500 inches thick on any axis)!!!
WARNING: Model has 2-dimensional geometry (less than 0.500 inches thick on any axis)!!!
WARNING: Model has 2-dimensional geometry (less than 0.500 inches thick on any axis)!!!
WARNING: Model has 2-dimensional geometry (less than 0.500 inches thick on any axis)!!!
WARNING: Model has 2-dimensional geometry (less than 0.500 inches thick on any axis)!!!
WARNING: Error with convex elements of chess_pieces_collz.smd, building single convex!!!!
Model has 7 convex sub-parts
Collision model completed.
---------------------
writing C:\Program Files (x86)\Steam\steamapps\common\Source SDK Base 2013 Singleplayer\sourcetest\models/chessandpieces/pieces.mdl:
bones          896 bytes (1)
animations     116 bytes (1 anims) (1 frames) [0:00]
sequences      220 bytes (1 seq) 
ik/pose        164 bytes
eyeballs         0 bytes (0 eyeballs)
flexes           0 bytes (0 flexes)
textures       136 bytes
keyvalues        0 bytes
bone transforms        0 bytes
bone flex driver       0 bytes
Collision model volume 12.54 in^3
collision        0 bytes
total         1912
---------------------
writing C:\Program Files (x86)\Steam\steamapps\common\Source SDK Base 2013 Singleplayer\sourcetest\models/chessandpieces/pieces.vvd:
vertices    676224 bytes (14088 vertices)
tangents    225408 bytes (14088 vertices)
total       901696 bytes
---------------------
Generating optimized mesh "C:\Program Files (x86)\Steam\steamapps\common\Source SDK Base 2013 Singleplayer\sourcetest\models/chessandpieces/pieces.sw.vtx":
body parts:         8 bytes
models:            20 bytes
model LODs:        12 bytes
meshes:            18 bytes
strip groups:      50 bytes
strips:            54 bytes
verts:         126792 bytes
indices:       132240 bytes
bone changes:      24 bytes
everything:    259242 bytes
---------------------
Generating optimized mesh "C:\Program Files (x86)\Steam\steamapps\common\Source SDK Base 2013 Singleplayer\sourcetest\models/chessandpieces/pieces.dx80.vtx":
body parts:         8 bytes
models:            20 bytes
model LODs:        12 bytes
meshes:            18 bytes
strip groups:      50 bytes
strips:            54 bytes
verts:         126792 bytes
indices:       132240 bytes
bone changes:      24 bytes
everything:    259242 bytes
---------------------
Generating optimized mesh "C:\Program Files (x86)\Steam\steamapps\common\Source SDK Base 2013 Singleplayer\sourcetest\models/chessandpieces/pieces.dx90.vtx":
body parts:         8 bytes
models:            20 bytes
model LODs:        12 bytes
meshes:            18 bytes
strip groups:      50 bytes
strips:            54 bytes
verts:         126792 bytes
indices:       132240 bytes
bone changes:      24 bytes
everything:    259242 bytes

Completed "pieces.qc"



