qdir:    "c:\program files (x86)\steam\steamapps\sourcemods\who\modelsrc\placeholder\frame_weirdimage\"
gamedir: "C:\Program Files (x86)\Steam\steamapps\sourcemods\who\"
g_path:  "C:\Program Files (x86)\Steam\steamapps\sourcemods\who\ModelSrc\placeholder\frame_weirdimage\frame_weirdimage.qc"
Building binary model files...
Working on "frame_weirdimage.qc"
SMD MODEL ref.smd
SMD MODEL colls.smd
SMD MODEL anims/idle.smd
WARNING: Model has 2-dimensional geometry (less than 0.500 inches thick on any axis)!!!
WARNING: Error with convex elements of colls.smd, building single convex!!!!
Model has 2 convex sub-parts
Collision model completed.
---------------------
writing C:\Program Files (x86)\Steam\steamapps\sourcemods\who\models/placeholder/frame_weirdimage.mdl:
bones          896 bytes (1)
animations     116 bytes (1 anims) (1 frames) [0:00]
sequences      220 bytes (1 seq) 
ik/pose        164 bytes
eyeballs         0 bytes (0 eyeballs)
flexes           0 bytes (0 flexes)
textures       136 bytes
keyvalues        0 bytes
bone transforms        0 bytes
bone flex driver       0 bytes
Collision model volume 1027.26 in^3
collision        0 bytes
total         1928
---------------------
writing C:\Program Files (x86)\Steam\steamapps\sourcemods\who\models/placeholder/frame_weirdimage.vvd:
vertices     30384 bytes (633 vertices)
tangents     10128 bytes (633 vertices)
total        40576 bytes
---------------------
Generating optimized mesh "C:\Program Files (x86)\Steam\steamapps\sourcemods\who\models/placeholder/frame_weirdimage.sw.vtx":
body parts:         8 bytes
models:            20 bytes
model LODs:        12 bytes
meshes:            18 bytes
strip groups:      50 bytes
strips:            54 bytes
verts:           5697 bytes
indices:         5628 bytes
bone changes:      24 bytes
everything:     11535 bytes
---------------------
Generating optimized mesh "C:\Program Files (x86)\Steam\steamapps\sourcemods\who\models/placeholder/frame_weirdimage.dx80.vtx":
body parts:         8 bytes
models:            20 bytes
model LODs:        12 bytes
meshes:            18 bytes
strip groups:      50 bytes
strips:            54 bytes
verts:           5697 bytes
indices:         5628 bytes
bone changes:      24 bytes
everything:     11535 bytes
---------------------
Generating optimized mesh "C:\Program Files (x86)\Steam\steamapps\sourcemods\who\models/placeholder/frame_weirdimage.dx90.vtx":
body parts:         8 bytes
models:            20 bytes
model LODs:        12 bytes
meshes:            18 bytes
strip groups:      50 bytes
strips:            54 bytes
verts:           5697 bytes
indices:         5628 bytes
bone changes:      24 bytes
everything:     11535 bytes

Completed "frame_weirdimage.qc"



