qdir:    "c:\program files (x86)\steam\steamapps\sourcemods\who\modelsrc\placeholder\win95_msgbox\"
gamedir: "C:\Program Files (x86)\Steam\steamapps\sourcemods\who\"
g_path:  "C:\Program Files (x86)\Steam\steamapps\sourcemods\who\ModelSrc\placeholder\win95_msgbox\win95_msgbox.qc"
Building binary model files...
Working on "win95_msgbox.qc"
SMD MODEL ref.smd
SMD MODEL anims/idle.smd
SMD MODEL colls.smd
WARNING: Model has 2-dimensional geometry (less than 0.500 inches thick on any axis)!!!
WARNING: Model has 2-dimensional geometry (less than 0.500 inches thick on any axis)!!!
WARNING: Model has 2-dimensional geometry (less than 0.500 inches thick on any axis)!!!
WARNING: Model has 2-dimensional geometry (less than 0.500 inches thick on any axis)!!!
WARNING: Model has 2-dimensional geometry (less than 0.500 inches thick on any axis)!!!
WARNING: Model has 2-dimensional geometry (less than 0.500 inches thick on any axis)!!!
WARNING: Error with convex elements of colls.smd, building single convex!!!!
Model has 1 convex sub-parts
Collision model completed.
---------------------
writing C:\Program Files (x86)\Steam\steamapps\sourcemods\who\models/placeholder/win95_msgbox.mdl:
bones          964 bytes (1)
animations     124 bytes (1 anims) (1 frames) [0:00]
sequences      220 bytes (1 seq) 
ik/pose        164 bytes
eyeballs         0 bytes (0 eyeballs)
flexes           0 bytes (0 flexes)
textures       136 bytes
keyvalues       56 bytes
bone transforms        0 bytes
bone flex driver       0 bytes
Collision model volume 13456.93 in^3
collision        0 bytes
total         2008
---------------------
writing C:\Program Files (x86)\Steam\steamapps\sourcemods\who\models/placeholder/win95_msgbox.vvd:
vertices      1152 bytes (24 vertices)
tangents       384 bytes (24 vertices)
total         1600 bytes
---------------------
Generating optimized mesh "C:\Program Files (x86)\Steam\steamapps\sourcemods\who\models/placeholder/win95_msgbox.sw.vtx":
body parts:         8 bytes
models:            20 bytes
model LODs:        12 bytes
meshes:            18 bytes
strip groups:      50 bytes
strips:            54 bytes
verts:            216 bytes
indices:           72 bytes
bone changes:       8 bytes
everything:       482 bytes
---------------------
Generating optimized mesh "C:\Program Files (x86)\Steam\steamapps\sourcemods\who\models/placeholder/win95_msgbox.dx80.vtx":
body parts:         8 bytes
models:            20 bytes
model LODs:        12 bytes
meshes:            18 bytes
strip groups:      50 bytes
strips:            54 bytes
verts:            216 bytes
indices:           72 bytes
bone changes:      24 bytes
everything:       498 bytes
---------------------
Generating optimized mesh "C:\Program Files (x86)\Steam\steamapps\sourcemods\who\models/placeholder/win95_msgbox.dx90.vtx":
body parts:         8 bytes
models:            20 bytes
model LODs:        12 bytes
meshes:            18 bytes
strip groups:      50 bytes
strips:            54 bytes
verts:            216 bytes
indices:           72 bytes
bone changes:      24 bytes
everything:       498 bytes

Completed "win95_msgbox.qc"



