PRT1
78
195
4 0 48 (1024 -66 32 ) (1024 -66 -14 ) (1024 -176 -14 ) (1024 -176 32 ) 
4 0 38 (1024 -96 32 ) (1024 -160 32 ) (1024 -160 144 ) (1024 -96 144 ) 
4 0 37 (1024 -80 32 ) (1024 -96 32 ) (1024 -96 144 ) (1024 -80 144 ) 
4 0 36 (1024 -66 144 ) (1024 -66 32 ) (1024 -80 32 ) (1024 -80 144 ) 
4 0 33 (1024 -66 176 ) (1024 -66 144 ) (1024 -96 144 ) (1024 -96 176 ) 
4 0 29 (1024 -66 208 ) (1024 -66 176 ) (1024 -176 176 ) (1024 -176 208 ) 
4 0 19 (1024 -96 208 ) (1024 -160 208 ) (1024 -160 320 ) (1024 -96 320 ) 
4 0 17 (1024 -66 320 ) (1024 -66 208 ) (1024 -96 208 ) (1024 -96 320 ) 
4 0 14 (1024 -176 366 ) (1024 -96 366 ) (1024 -96 352 ) (1024 -176 352 ) 
4 0 13 (1024 -96 366 ) (1024 -66 366 ) (1024 -66 320 ) (1024 -96 320 ) 
4 0 4 (1024 -176 -14 ) (1040 -176 -14 ) (1040 -176 32 ) (1024 -176 32 ) 
4 0 2 (1040 -176 320 ) (1040 -176 366 ) (1024 -176 366 ) (1024 -176 320 ) 
4 0 3 (1040 -176 144 ) (1040 -176 208 ) (1024 -176 208 ) (1024 -176 144 ) 
4 0 1 (1040 -176 -14 ) (1054 -176 -14 ) (1054 -176 366 ) (1040 -176 366 ) 
4 1 5 (1040 -272 -14 ) (1054 -272 -14 ) (1054 -272 366 ) (1040 -272 366 ) 
4 1 4 (1040 -176 32 ) (1040 -176 -14 ) (1040 -272 -14 ) (1040 -272 32 ) 
4 1 2 (1040 -176 366 ) (1040 -176 320 ) (1040 -272 320 ) (1040 -272 366 ) 
4 1 3 (1040 -176 208 ) (1040 -176 144 ) (1040 -272 144 ) (1040 -272 208 ) 
4 2 14 (1024 -272 366 ) (1024 -176 366 ) (1024 -176 352 ) (1024 -272 352 ) 
4 2 5 (1040 -272 320 ) (1040 -272 366 ) (1024 -272 366 ) (1024 -272 320 ) 
4 3 5 (1040 -272 144 ) (1040 -272 208 ) (1024 -272 208 ) (1024 -272 144 ) 
4 4 49 (1024 -176 0 ) (1024 -176 -14 ) (1024 -272 -14 ) (1024 -272 0 ) 
4 4 5 (1024 -272 -14 ) (1040 -272 -14 ) (1040 -272 32 ) (1024 -272 32 ) 
4 5 54 (1024 -352 -14 ) (1024 -382 -14 ) (1024 -382 32 ) (1024 -352 32 ) 
4 5 50 (1024 -272 32 ) (1024 -272 -14 ) (1024 -352 -14 ) (1024 -352 32 ) 
4 5 47 (1024 -368 32 ) (1024 -382 32 ) (1024 -382 144 ) (1024 -368 144 ) 
4 5 46 (1024 -352 32 ) (1024 -368 32 ) (1024 -368 144 ) (1024 -352 144 ) 
4 5 42 (1024 -288 32 ) (1024 -352 32 ) (1024 -352 144 ) (1024 -288 144 ) 
4 5 35 (1024 -352 144 ) (1024 -382 144 ) (1024 -382 208 ) (1024 -352 208 ) 
4 5 30 (1024 -272 208 ) (1024 -272 176 ) (1024 -352 176 ) (1024 -352 208 ) 
4 5 27 (1024 -352 208 ) (1024 -382 208 ) (1024 -382 320 ) (1024 -352 320 ) 
4 5 25 (1024 -288 208 ) (1024 -352 208 ) (1024 -352 320 ) (1024 -288 320 ) 
4 5 16 (1024 -382 366 ) (1024 -352 366 ) (1024 -352 320 ) (1024 -382 320 ) 
4 5 14 (1024 -352 366 ) (1024 -272 366 ) (1024 -272 352 ) (1024 -352 352 ) 
4 6 9 (0 62 960 ) (0 448 960 ) (0 448 204 ) (0 62 204 ) 
4 6 8 (0 448 204 ) (448 448 204 ) (448 62 204 ) (0 62 204 ) 
4 6 7 (448 62 212 ) (448 62 960 ) (0 62 960 ) (0 62 212 ) 
4 7 62 (448 0 212 ) (448 0 352 ) (0 0 352 ) (0 0 212 ) 
4 7 61 (448 0 352 ) (448 0 960 ) (0 0 960 ) (0 0 352 ) 
4 7 10 (0 0 212 ) (0 0 960 ) (0 62 960 ) (0 62 212 ) 
4 8 66 (448 0 64 ) (448 0 204 ) (0 0 204 ) (0 0 64 ) 
4 8 12 (0 0 64 ) (0 0 204 ) (0 448 204 ) (0 448 64 ) 
4 9 12 (-392 62 204 ) (-392 448 204 ) (0 448 204 ) (0 62 204 ) 
4 9 10 (-392 62 960 ) (-392 62 212 ) (0 62 212 ) (0 62 960 ) 
4 9 11 (-392 448 960 ) (-392 448 204 ) (-392 62 204 ) (-392 62 960 ) 
4 10 69 (0 0 212 ) (0 0 960 ) (-392 0 960 ) (-392 0 212 ) 
4 10 11 (-392 0 212 ) (-392 0 960 ) (-392 62 960 ) (-392 62 212 ) 
4 11 73 (-448 0 212 ) (-448 0 204 ) (-392 0 204 ) (-392 0 212 ) 
4 11 71 (-392 0 960 ) (-448 0 960 ) (-448 0 212 ) (-392 0 212 ) 
4 11 12 (-392 0 204 ) (-448 0 204 ) (-448 448 204 ) (-392 448 204 ) 
4 12 75 (0 0 64 ) (0 0 204 ) (-391.989990 0 204 ) (-391.989990 0 64 ) 
4 12 77 (-391.989990 0 204 ) (-448 0 204 ) (-448 0 64 ) (-391.989990 0 64 ) 
4 13 56 (544 -80 320 ) (544 -96 320 ) (544 -96 366 ) (544 -80 366 ) 
4 13 55 (544 -66 320 ) (544 -80 320 ) (544 -80 366 ) (544 -66 366 ) 
4 13 18 (544 -80 320 ) (544 -66 320 ) (816 -66 320 ) (816 -80 320 ) 
4 13 17 (816 -66 320 ) (1024 -66 320 ) (1024 -96 320 ) (816 -96 320 ) 
4 13 14 (1024 -96 352 ) (1024 -96 366 ) (544 -96 366 ) (544 -96 352 ) 
4 14 56 (544 -352 352 ) (544 -352 366 ) (544 -96 366 ) (544 -96 352 ) 
4 14 16 (1024 -352 352 ) (1024 -352 366 ) (544 -352 366 ) (544 -352 352 ) 
4 15 25 (816 -288 320 ) (1024 -288 320 ) (1024 -352 320 ) (816 -352 320 ) 
4 15 26 (544 -352 320 ) (544 -288 320 ) (800 -288 320 ) (800 -352 320 ) 
4 15 24 (544 -288 320 ) (544 -272 320 ) (800 -272 320 ) (800 -288 320 ) 
4 15 22 (640 -96 320 ) (704 -96 320 ) (704 -176 320 ) (640 -176 320 ) 
4 15 21 (704 -96 320 ) (800 -96 320 ) (800 -272 320 ) (704 -272 320 ) 
4 15 23 (544 -272 320 ) (544 -96 320 ) (640 -96 320 ) (640 -272 320 ) 
4 15 19 (816 -96 320 ) (1024 -96 320 ) (1024 -160 320 ) (816 -160 320 ) 
4 15 20 (1024 -176 320 ) (1024 -272 320 ) (816 -272 320 ) (816 -176 320 ) 
4 16 60 (544 -368 320 ) (544 -382 320 ) (544 -382 366 ) (544 -368 366 ) 
4 16 56 (544 -352 320 ) (544 -368 320 ) (544 -368 366 ) (544 -352 366 ) 
4 16 28 (544 -382 320 ) (544 -368 320 ) (816 -368 320 ) (816 -382 320 ) 
4 16 27 (816 -352 320 ) (1024 -352 320 ) (1024 -382 320 ) (816 -382 320 ) 
4 17 29 (816 -66 208 ) (1024 -66 208 ) (1024 -96 208 ) (816 -96 208 ) 
4 17 19 (816 -96 208 ) (1024 -96 208 ) (1024 -96 320 ) (816 -96 320 ) 
4 17 18 (816 -66 320 ) (816 -66 208 ) (816 -80 208 ) (816 -80 320 ) 
4 18 55 (544 -66 208 ) (544 -80 208 ) (544 -80 320 ) (544 -66 320 ) 
4 18 31 (544 -80 208 ) (544 -66 208 ) (800 -66 208 ) (800 -80 208 ) 
4 18 29 (800 -66 208 ) (816 -66 208 ) (816 -80 208 ) (800 -80 208 ) 
4 19 29 (816 -96 208 ) (1024 -96 208 ) (1024 -160 208 ) (816 -160 208 ) 
4 21 32 (704 -96 208 ) (800 -96 208 ) (800 -272 208 ) (704 -272 208 ) 
4 21 24 (704 -272 208 ) (800 -272 208 ) (800 -272 320 ) (704 -272 320 ) 
4 21 22 (704 -96 320 ) (704 -96 208 ) (704 -176 208 ) (704 -176 320 ) 
4 22 32 (640 -96 208 ) (704 -96 208 ) (704 -176 208 ) (640 -176 208 ) 
4 22 23 (640 -96 320 ) (640 -96 208 ) (640 -176 208 ) (640 -176 320 ) 
4 23 32 (544 -272 208 ) (544 -96 208 ) (640 -96 208 ) (640 -272 208 ) 
4 23 24 (544 -272 208 ) (640 -272 208 ) (640 -272 320 ) (544 -272 320 ) 
4 24 32 (544 -288 208 ) (544 -272 208 ) (800 -272 208 ) (800 -288 208 ) 
4 24 26 (544 -288 208 ) (800 -288 208 ) (800 -288 320 ) (544 -288 320 ) 
4 25 30 (816 -288 208 ) (1024 -288 208 ) (1024 -352 208 ) (816 -352 208 ) 
4 25 27 (816 -352 208 ) (1024 -352 208 ) (1024 -352 320 ) (816 -352 320 ) 
4 26 32 (544 -352 208 ) (544 -288 208 ) (800 -288 208 ) (800 -352 208 ) 
4 27 35 (816 -352 208 ) (1024 -352 208 ) (1024 -382 208 ) (816 -382 208 ) 
4 27 28 (816 -368 208 ) (816 -382 208 ) (816 -382 320 ) (816 -368 320 ) 
4 28 60 (544 -368 208 ) (544 -382 208 ) (544 -382 320 ) (544 -368 320 ) 
4 28 35 (544 -382 208 ) (544 -368 208 ) (816 -368 208 ) (816 -382 208 ) 
4 29 33 (800 -96 176 ) (800 -66 176 ) (1024 -66 176 ) (1024 -96 176 ) 
4 29 31 (800 -66 176 ) (800 -96 176 ) (800 -96 208 ) (800 -66 208 ) 
4 30 35 (1024 -352 176 ) (1024 -352 208 ) (800 -352 208 ) (800 -352 176 ) 
4 31 57 (544 -80 176 ) (544 -96 176 ) (544 -96 208 ) (544 -80 208 ) 
4 31 55 (544 -66 176 ) (544 -80 176 ) (544 -80 208 ) (544 -66 208 ) 
4 31 33 (544 -96 176 ) (544 -66 176 ) (800 -66 176 ) (800 -96 176 ) 
4 33 57 (544 -80 144 ) (544 -96 144 ) (544 -96 176 ) (544 -80 176 ) 
4 33 55 (544 -66 144 ) (544 -80 144 ) (544 -80 176 ) (544 -66 176 ) 
4 33 37 (816 -80 144 ) (1024 -80 144 ) (1024 -96 144 ) (816 -96 144 ) 
4 33 36 (544 -80 144 ) (544 -66 144 ) (1024 -66 144 ) (1024 -80 144 ) 
4 34 44 (704 -272 144 ) (704 -352 144 ) (640 -352 144 ) (640 -272 144 ) 
4 34 43 (704 -176 144 ) (800 -176 144 ) (800 -352 144 ) (704 -352 144 ) 
4 34 45 (544 -352 144 ) (544 -176 144 ) (640 -176 144 ) (640 -352 144 ) 
4 34 42 (1024 -288 144 ) (1024 -352 144 ) (816 -352 144 ) (816 -288 144 ) 
4 34 41 (800 -176 144 ) (1024 -176 144 ) (1024 -256 144 ) (800 -256 144 ) 
4 34 40 (544 -176 144 ) (544 -160 144 ) (800 -160 144 ) (800 -176 144 ) 
4 34 38 (816 -96 144 ) (1024 -96 144 ) (1024 -160 144 ) (816 -160 144 ) 
4 34 39 (544 -160 144 ) (544 -96 144 ) (800 -96 144 ) (800 -160 144 ) 
4 35 60 (544 -368 144 ) (544 -382 144 ) (544 -382 208 ) (544 -368 208 ) 
4 35 57 (544 -352 144 ) (544 -368 144 ) (544 -368 208 ) (544 -352 208 ) 
4 35 47 (544 -382 144 ) (544 -368 144 ) (1024 -368 144 ) (1024 -382 144 ) 
4 35 46 (816 -352 144 ) (1024 -352 144 ) (1024 -368 144 ) (816 -368 144 ) 
4 36 55 (544 -66 32 ) (544 -80 32 ) (544 -80 144 ) (544 -66 144 ) 
4 36 51 (544 -80 32 ) (544 -66 32 ) (800 -66 32 ) (800 -80 32 ) 
4 36 48 (800 -66 32 ) (1024 -66 32 ) (1024 -80 32 ) (800 -80 32 ) 
4 36 37 (816 -80 32 ) (1024 -80 32 ) (1024 -80 144 ) (816 -80 144 ) 
4 37 48 (816 -80 32 ) (1024 -80 32 ) (1024 -96 32 ) (816 -96 32 ) 
4 37 38 (816 -96 32 ) (1024 -96 32 ) (1024 -96 144 ) (816 -96 144 ) 
4 38 48 (816 -96 32 ) (1024 -96 32 ) (1024 -160 32 ) (816 -160 32 ) 
4 39 52 (544 -160 32 ) (544 -96 32 ) (800 -96 32 ) (800 -160 32 ) 
4 39 40 (544 -160 32 ) (800 -160 32 ) (800 -160 144 ) (544 -160 144 ) 
4 40 52 (544 -176 32 ) (544 -160 32 ) (800 -160 32 ) (800 -176 32 ) 
4 40 43 (704 -176 32 ) (800 -176 32 ) (800 -176 144 ) (704 -176 144 ) 
4 40 45 (544 -176 32 ) (640 -176 32 ) (640 -176 144 ) (544 -176 144 ) 
4 41 43 (800 -176 144 ) (800 -176 32 ) (800 -256 32 ) (800 -256 144 ) 
4 42 50 (1024 -288 32 ) (1024 -352 32 ) (816 -352 32 ) (816 -288 32 ) 
4 42 46 (816 -352 32 ) (1024 -352 32 ) (1024 -352 144 ) (816 -352 144 ) 
4 43 52 (704 -176 32 ) (800 -176 32 ) (800 -352 32 ) (704 -352 32 ) 
4 43 44 (704 -272 32 ) (704 -352 32 ) (704 -352 144 ) (704 -272 144 ) 
4 44 52 (704 -272 32 ) (704 -352 32 ) (640 -352 32 ) (640 -272 32 ) 
4 44 45 (640 -272 32 ) (640 -352 32 ) (640 -352 144 ) (640 -272 144 ) 
4 45 52 (544 -352 32 ) (544 -176 32 ) (640 -176 32 ) (640 -352 32 ) 
4 46 54 (816 -352 32 ) (1024 -352 32 ) (1024 -368 32 ) (816 -368 32 ) 
4 46 47 (816 -368 32 ) (1024 -368 32 ) (1024 -368 144 ) (816 -368 144 ) 
4 47 60 (544 -368 32 ) (544 -382 32 ) (544 -382 144 ) (544 -368 144 ) 
4 47 54 (544 -382 32 ) (544 -368 32 ) (1024 -368 32 ) (1024 -382 32 ) 
4 48 53 (800 -96 -14 ) (800 -176 -14 ) (800 -176 0 ) (800 -96 0 ) 
4 48 51 (800 -66 -14 ) (800 -96 -14 ) (800 -96 32 ) (800 -66 32 ) 
4 48 49 (800 -176 0 ) (800 -176 -14 ) (1024 -176 -14 ) (1024 -176 0 ) 
4 49 53 (800 -176 -14 ) (800 -272 -14 ) (800 -272 0 ) (800 -176 0 ) 
4 49 50 (800 -272 0 ) (800 -272 -14 ) (1024 -272 -14 ) (1024 -272 0 ) 
4 50 54 (800 -352 -14 ) (1024 -352 -14 ) (1024 -352 32 ) (800 -352 32 ) 
4 50 53 (800 -272 -14 ) (800 -352 -14 ) (800 -352 0 ) (800 -272 0 ) 
4 51 58 (544 -80 -14 ) (544 -96 -14 ) (544 -96 32 ) (544 -80 32 ) 
4 51 55 (544 -66 -14 ) (544 -80 -14 ) (544 -80 32 ) (544 -66 32 ) 
4 51 53 (544 -96 -14 ) (800 -96 -14 ) (800 -96 0 ) (544 -96 0 ) 
4 53 58 (544 -96 -14 ) (544 -352 -14 ) (544 -352 0 ) (544 -96 0 ) 
4 53 54 (544 -352 -14 ) (800 -352 -14 ) (800 -352 0 ) (544 -352 0 ) 
4 54 60 (544 -368 -14 ) (544 -382 -14 ) (544 -382 32 ) (544 -368 32 ) 
4 54 58 (544 -352 -14 ) (544 -368 -14 ) (544 -368 32 ) (544 -352 32 ) 
4 55 58 (528 -80 -14 ) (544 -80 -14 ) (544 -80 32 ) (528 -80 32 ) 
4 55 56 (544 -80 320 ) (544 -80 366 ) (528 -80 366 ) (528 -80 320 ) 
4 55 57 (544 -80 144 ) (544 -80 208 ) (528 -80 208 ) (528 -80 144 ) 
4 55 59 (514 -80 366 ) (514 -80 -14 ) (528 -80 -14 ) (528 -80 366 ) 
4 56 60 (544 -368 320 ) (544 -368 366 ) (528 -368 366 ) (528 -368 320 ) 
4 56 59 (528 -80 366 ) (528 -80 320 ) (528 -368 320 ) (528 -368 366 ) 
4 57 60 (544 -368 144 ) (544 -368 208 ) (528 -368 208 ) (528 -368 144 ) 
4 57 59 (528 -80 208 ) (528 -80 144 ) (528 -368 144 ) (528 -368 208 ) 
4 58 60 (528 -368 -14 ) (544 -368 -14 ) (544 -368 32 ) (528 -368 32 ) 
4 58 59 (528 -80 32 ) (528 -80 -14 ) (528 -368 -14 ) (528 -368 32 ) 
4 59 60 (514 -368 366 ) (514 -368 -14 ) (528 -368 -14 ) (528 -368 366 ) 
4 61 72 (0 -116 352 ) (0 -448 352 ) (0 -448 960 ) (0 -116 960 ) 
4 61 70 (0 -108 352 ) (0 -116 352 ) (0 -116 960 ) (0 -108 960 ) 
4 61 69 (0 0 960 ) (0 0 352 ) (0 -108 352 ) (0 -108 960 ) 
4 61 64 (448 -116 352 ) (448 -448 352 ) (0 -448 352 ) (0 -116 352 ) 
4 61 62 (0 0 352 ) (448 0 352 ) (448 -108 352 ) (0 -108 352 ) 
4 62 69 (0 0 352 ) (0 0 212 ) (0 -108 212 ) (0 -108 352 ) 
4 62 63 (12.010401 -108 212 ) (56 -108 212 ) (56 -108 302 ) (12.010401 -108 302 ) 
4 63 64 (12.010401 -116 212 ) (56 -116 212 ) (56 -116 302 ) (12.010401 -116 302 ) 
4 64 72 (0 -116 212 ) (0 -448 212 ) (0 -448 352 ) (0 -116 352 ) 
4 64 65 (0 -448 212 ) (0 -224 212 ) (448 -224 212 ) (448 -448 212 ) 
4 65 74 (0 -224 204 ) (0 -448 204 ) (0 -448 212 ) (0 -224 212 ) 
4 65 68 (0 -448 204 ) (0 -224 204 ) (448 -224 204 ) (448 -448 204 ) 
4 66 75 (0 0 204 ) (0 0 64 ) (0 -108 64 ) (0 -108 204 ) 
4 66 67 (12.010401 -108 64 ) (56 -108 64 ) (56 -108 154 ) (12.010401 -108 154 ) 
4 67 68 (12.010401 -116 64 ) (56 -116 64 ) (56 -116 154 ) (12.010401 -116 154 ) 
4 68 76 (0 -116 64 ) (0 -448 64 ) (0 -448 204 ) (0 -116 204 ) 
4 69 70 (-391.989990 -108 960 ) (-391.989990 -108 352 ) (0 -108 352 ) (0 -108 960 ) 
4 69 71 (-391.989990 0 212 ) (-391.989990 -108 212 ) (-391.989990 -108 960 ) (-391.989990 0 960 ) 
4 70 72 (0 -116 352 ) (0 -116 960 ) (-391.989990 -116 960 ) (-391.989990 -116 352 ) 
4 70 71 (-391.989990 -116 352 ) (-391.989990 -116 960 ) (-391.989990 -108 960 ) (-391.989990 -108 352 ) 
4 71 73 (-448 -116 212 ) (-448 0 212 ) (-391.989990 0 212 ) (-391.989990 -116 212 ) 
4 71 72 (-448 -116 960 ) (-448 -116 212 ) (-391.989990 -116 212 ) (-391.989990 -116 960 ) 
4 72 74 (-448 -448 212 ) (-448 -224 212 ) (0 -224 212 ) (0 -448 212 ) 
4 72 73 (-448 -224 212 ) (-448 -116 212 ) (-392 -116 212 ) (-392 -224 212 ) 
4 73 77 (-448 -224 204 ) (-448 0 204 ) (-392 0 204 ) (-392 -224 204 ) 
4 73 74 (-448 -224 204 ) (-392 -224 204 ) (-392 -224 212 ) (-448 -224 212 ) 
4 74 76 (-391.989990 -224 204 ) (0 -224 204 ) (0 -448 204 ) (-391.989990 -448 204 ) 
4 74 77 (-448 -448 204 ) (-448 -224 204 ) (-391.989990 -224 204 ) (-391.989990 -448 204 ) 
4 75 77 (-391.989990 0 64 ) (-391.989990 -108 64 ) (-391.989990 -108 204 ) (-391.989990 0 204 ) 
4 76 77 (-391.989990 -116 64 ) (-391.989990 -448 64 ) (-391.989990 -448 204 ) (-391.989990 -116 204 ) 
