PRT1
133
298
4 0 25 (0 0 273.059998 ) (0 0 184 ) (637.462036 0 184 ) (637.462036 0 273.059998 ) 
4 0 8 (0 0 184 ) (0 0 273.059998 ) (0 360 273.059998 ) (0 360 184 ) 
4 0 3 (0 192 184 ) (0 360 184 ) (184 360 184 ) (184 192 184 ) 
4 0 2 (184 192 184 ) (184 360 184 ) (192 360 184 ) (192 192 184 ) 
4 0 1 (637.462036 0 184 ) (192 0 184 ) (192 360 184 ) (637.462036 360 184 ) 
4 1 26 (637.462036 0 184 ) (192 0 184 ) (192 0 0 ) (637.462036 0 0 ) 
4 1 5 (192 360 0 ) (637.462036 360 0 ) (637.462036 0 0 ) (192 0 0 ) 
4 1 2 (192 360 0 ) (192 192 0 ) (192 192 184 ) (192 360 184 ) 
4 2 6 (184 360 0 ) (192 360 0 ) (192 192 0 ) (184 192 0 ) 
4 2 3 (184 360 0 ) (184 192 0 ) (184 192 184 ) (184 360 184 ) 
4 3 11 (0 360 80 ) (0 360 0 ) (0 192 0 ) (0 192 80 ) 
4 3 9 (0 192 184 ) (0 360 184 ) (0 360 80 ) (0 192 80 ) 
4 3 6 (0 192 0 ) (0 360 0 ) (184 360 0 ) (184 192 0 ) 
4 4 28 (0 0 176 ) (0 0 0 ) (184 0 0 ) (184 0 176 ) 
4 4 12 (0 0 0 ) (0 0 80 ) (0 184 80 ) (0 184 0 ) 
4 4 10 (0 0 80 ) (0 0 176 ) (0 184 176 ) (0 184 80 ) 
4 5 30 (637.462036 0 -224.481995 ) (637.462036 0 0 ) (192 0 0 ) (192 0 -224.481995 ) 
4 5 7 (192 0 -224.481995 ) (192 0 -8 ) (192 192 -8 ) (192 192 -224.481995 ) 
4 5 6 (192 192 0 ) (192 360 0 ) (192 360 -224.481995 ) (192 192 -224.481995 ) 
4 6 11 (0 192 0 ) (0 360 0 ) (0 360 -224.481995 ) (0 192 -224.481995 ) 
4 6 7 (0 192 -224.481995 ) (192 192 -224.481995 ) (192 192 -8 ) (0 192 -8 ) 
4 7 31 (192 0 -224.481995 ) (192 0 -8 ) (0 0 -8 ) (0 0 -224.481995 ) 
4 7 15 (0 0 -224.481995 ) (0 0 -184 ) (0 192 -184 ) (0 192 -224.481995 ) 
4 7 14 (0 0 -184 ) (0 0 -8 ) (0 192 -8 ) (0 192 -184 ) 
4 8 33 (0 0 184 ) (0 0 273.059998 ) (-192 0 273.059998 ) (-192 0 184 ) 
4 8 17 (-192 0 192 ) (-192 0 273.059998 ) (-192 200 273.059998 ) (-192 200 192 ) 
4 8 16 (-192 200 273.059998 ) (-192 360 273.059998 ) (-192 360 184 ) (-192 200 184 ) 
4 8 9 (-192 192 184 ) (-192 360 184 ) (0 360 184 ) (0 192 184 ) 
4 9 18 (-192 360 176 ) (-192 360 80 ) (-192 200 80 ) (-192 200 176 ) 
4 9 16 (-192 200 184 ) (-192 360 184 ) (-192 360 176 ) (-192 200 176 ) 
4 9 11 (-192 192 80 ) (-192 360 80 ) (0 360 80 ) (0 192 80 ) 
4 10 34 (0 0 80 ) (0 0 176 ) (-184 0 176 ) (-184 0 80 ) 
4 10 12 (0 0 80 ) (-184 0 80 ) (-184 184 80 ) (0 184 80 ) 
4 11 22 (-192 192 -224.481995 ) (-192 192 -184 ) (-192 360 -184 ) (-192 360 -224.481995 ) 
4 11 18 (-192 200 80 ) (-192 360 80 ) (-192 360 -184 ) (-192 200 -184 ) 
4 11 15 (0 192 -224.481995 ) (0 192 -184 ) (-192 192 -184 ) (-192 192 -224.481995 ) 
4 11 14 (0 192 -184 ) (0 192 -8 ) (-184 192 -8 ) (-184 192 -184 ) 
4 12 36 (0 0 0 ) (0 0 80 ) (-184 0 80 ) (-184 0 0 ) 
4 12 13 (-184 16 0 ) (-184 0 0 ) (-184 0 80 ) (-184 16 80 ) 
4 13 37 (-184 0 80 ) (-192 0 80 ) (-192 0 0 ) (-184 0 0 ) 
4 13 19 (-192 0 0 ) (-192 0 80 ) (-192 16 80 ) (-192 16 0 ) 
4 14 38 (0 0 -184 ) (0 0 -8 ) (-184 0 -8 ) (-184 0 -184 ) 
4 14 15 (-184 192 -184 ) (0 192 -184 ) (0 0 -184 ) (-184 0 -184 ) 
4 15 39 (0 0 -224.481995 ) (0 0 -184 ) (-192 0 -184 ) (-192 0 -224.481995 ) 
4 15 23 (-192 0 -224.481995 ) (-192 0 -200 ) (-192 192 -200 ) (-192 192 -224.481995 ) 
4 16 24 (-488 360 273.059998 ) (-488 360 176 ) (-488 200 176 ) (-488 200 273.059998 ) 
4 16 18 (-488 200 176 ) (-488 360 176 ) (-192 360 176 ) (-192 200 176 ) 
4 16 17 (-192 200 192 ) (-192 200 273.059998 ) (-488 200 273.059998 ) (-488 200 192 ) 
4 17 41 (-192 0 192 ) (-192 0 273.059998 ) (-488 0 273.059998 ) (-488 0 192 ) 
4 17 24 (-488 0 192 ) (-488 0 273.059998 ) (-488 200 273.059998 ) (-488 200 192 ) 
4 18 24 (-488 360 176 ) (-488 360 -184 ) (-488 200 -184 ) (-488 200 176 ) 
4 18 22 (-488 200 -184 ) (-488 360 -184 ) (-192 360 -184 ) (-192 200 -184 ) 
4 19 43 (-192 0 0 ) (-192 0 176 ) (-480 0 176 ) (-480 0 0 ) 
4 19 20 (-480 0 0 ) (-480 192 0 ) (-192 192 0 ) (-192 0 0 ) 
4 20 44 (-192 0 -1 ) (-192 0 0 ) (-480 0 0 ) (-480 0 -1 ) 
4 20 21 (-480 0 -1 ) (-480 192 -1 ) (-192 192 -1 ) (-192 0 -1 ) 
4 21 45 (-192 0 -184 ) (-192 0 -1 ) (-480 0 -1 ) (-480 0 -184 ) 
4 22 24 (-488 360 -184 ) (-488 360 -224.481995 ) (-488 192 -224.481995 ) (-488 192 -184 ) 
4 22 23 (-488 192 -224.481995 ) (-192 192 -224.481995 ) (-192 192 -200 ) (-488 192 -200 ) 
4 23 48 (-192 0 -224.481995 ) (-192 0 -200 ) (-488 0 -200 ) (-488 0 -224.481995 ) 
4 23 24 (-488 192 -224.481995 ) (-488 0 -224.481995 ) (-488 0 -200 ) (-488 192 -200 ) 
4 24 52 (-488 0 -224.481995 ) (-488 0 273.059998 ) (-516.098999 0 273.059998 ) (-516.098999 0 -224.481995 ) 
4 25 33 (0 0 273.059998 ) (0 0 184 ) (0 -416 184 ) (0 -416 273.059998 ) 
4 25 29 (184 -416 184 ) (0 -416 184 ) (0 -192 184 ) (184 -192 184 ) 
4 25 27 (192 -416 184 ) (184 -416 184 ) (184 -192 184 ) (192 -192 184 ) 
4 25 26 (637.462036 -416 184 ) (192 -416 184 ) (192 0 184 ) (637.462036 0 184 ) 
4 26 30 (637.462036 -416 0 ) (192 -416 0 ) (192 0 0 ) (637.462036 0 0 ) 
4 26 27 (192 -192 0 ) (192 -416 0 ) (192 -416 184 ) (192 -192 184 ) 
4 27 32 (192 -416 0 ) (184 -416 0 ) (184 -192 0 ) (192 -192 0 ) 
4 27 29 (184 -192 0 ) (184 -416 0 ) (184 -416 184 ) (184 -192 184 ) 
4 28 36 (0 0 80 ) (0 0 0 ) (0 -184 0 ) (0 -184 80 ) 
4 28 34 (0 0 176 ) (0 0 80 ) (0 -184 80 ) (0 -184 176 ) 
4 29 40 (0 -192 0 ) (0 -416 0 ) (0 -416 80 ) (0 -192 80 ) 
4 29 35 (0 -416 80 ) (0 -416 184 ) (0 -192 184 ) (0 -192 80 ) 
4 29 32 (184 -416 0 ) (0 -416 0 ) (0 -192 0 ) (184 -192 0 ) 
4 30 31 (192 0 -8 ) (192 0 -224.481995 ) (192 -192 -224.481995 ) (192 -192 -8 ) 
4 30 32 (192 -416 -224.481995 ) (192 -416 0 ) (192 -192 0 ) (192 -192 -224.481995 ) 
4 31 39 (0 0 -184 ) (0 0 -224.481995 ) (0 -192 -224.481995 ) (0 -192 -184 ) 
4 31 38 (0 0 -8 ) (0 0 -184 ) (0 -192 -184 ) (0 -192 -8 ) 
4 31 32 (0 -192 -224.481995 ) (192 -192 -224.481995 ) (192 -192 -8 ) (0 -192 -8 ) 
4 32 40 (0 -192 -224.481995 ) (0 -416 -224.481995 ) (0 -416 0 ) (0 -192 0 ) 
4 33 51 (-192 -416 184 ) (-192 -416 192 ) (-192 -200 192 ) (-192 -200 184 ) 
4 33 49 (-192 -416 192 ) (-192 -416 273.059998 ) (-192 -192 273.059998 ) (-192 -192 192 ) 
4 33 42 (-192 -184 184 ) (-192 -192 184 ) (-192 -192 192 ) (-192 -184 192 ) 
4 33 41 (-192 -192 273.059998 ) (-192 0 273.059998 ) (-192 0 192 ) (-192 -192 192 ) 
4 33 35 (0 -416 184 ) (-192 -416 184 ) (-192 -192 184 ) (0 -192 184 ) 
4 34 36 (-184 0 80 ) (0 0 80 ) (0 -184 80 ) (-184 -184 80 ) 
4 35 51 (-192 -416 80 ) (-192 -416 184 ) (-192 -200 184 ) (-192 -200 80 ) 
4 35 40 (0 -416 80 ) (-192 -416 80 ) (-192 -192 80 ) (0 -192 80 ) 
4 36 37 (-184 0 0 ) (-184 -24 0 ) (-184 -24 80 ) (-184 0 80 ) 
4 37 43 (-192 -24 80 ) (-192 0 80 ) (-192 0 0 ) (-192 -24 0 ) 
4 38 40 (-184 -192 -184 ) (0 -192 -184 ) (0 -192 -8 ) (-184 -192 -8 ) 
4 38 39 (0 -192 -184 ) (-184 -192 -184 ) (-184 0 -184 ) (0 0 -184 ) 
4 39 48 (-192 -192 -224.481995 ) (-192 -192 -200 ) (-192 0 -200 ) (-192 0 -224.481995 ) 
4 39 40 (-192 -192 -184 ) (-192 -192 -224.481995 ) (0 -192 -224.481995 ) (0 -192 -184 ) 
4 40 50 (-192 -192 -184 ) (-192 -192 -224.481995 ) (-192 -200 -224.481995 ) (-192 -200 -184 ) 
4 40 51 (-192 -416 -224.481995 ) (-192 -416 80 ) (-192 -200 80 ) (-192 -200 -224.481995 ) 
4 41 52 (-488 -192 192 ) (-488 -192 273.059998 ) (-488 0 273.059998 ) (-488 0 192 ) 
4 41 49 (-488 -192 273.059998 ) (-488 -192 192 ) (-192 -192 192 ) (-192 -192 273.059998 ) 
4 41 47 (-480 -192 192 ) (-488 -192 192 ) (-488 -184 192 ) (-480 -184 192 ) 
4 41 42 (-192 -192 192 ) (-480 -192 192 ) (-480 -184 192 ) (-192 -184 192 ) 
4 42 47 (-480 -192 184 ) (-480 -192 192 ) (-480 -184 192 ) (-480 -184 184 ) 
4 42 46 (-192 -192 176 ) (-480 -192 176 ) (-480 -184 176 ) (-192 -184 176 ) 
4 43 46 (-192 -184 176 ) (-480 -184 176 ) (-480 -184 0 ) (-192 -184 0 ) 
4 43 44 (-192 -184 0 ) (-480 -184 0 ) (-480 0 0 ) (-192 0 0 ) 
4 44 45 (-192 -184 -1 ) (-480 -184 -1 ) (-480 0 -1 ) (-192 0 -1 ) 
4 44 46 (-480 -184 0 ) (-480 -184 -1 ) (-192 -184 -1 ) (-192 -184 0 ) 
4 45 46 (-480 -184 -1 ) (-480 -184 -184 ) (-192 -184 -184 ) (-192 -184 -1 ) 
4 47 52 (-488 -192 184 ) (-488 -192 192 ) (-488 -184 192 ) (-488 -184 184 ) 
4 48 52 (-488 -192 -224.481995 ) (-488 -192 -200 ) (-488 0 -200 ) (-488 0 -224.481995 ) 
4 48 50 (-488 -192 -200 ) (-488 -192 -224.481995 ) (-192 -192 -224.481995 ) (-192 -192 -200 ) 
4 49 52 (-488 -416 192 ) (-488 -416 273.059998 ) (-488 -192 273.059998 ) (-488 -192 192 ) 
4 49 51 (-192 -416 192 ) (-488 -416 192 ) (-488 -200 192 ) (-192 -200 192 ) 
4 50 52 (-488 -192 -184 ) (-488 -192 -224.481995 ) (-488 -200 -224.481995 ) (-488 -200 -184 ) 
4 50 51 (-488 -200 -224.481995 ) (-192 -200 -224.481995 ) (-192 -200 -184 ) (-488 -200 -184 ) 
4 51 52 (-488 -416 -224.481995 ) (-488 -416 192 ) (-488 -200 192 ) (-488 -200 -224.481995 ) 
4 53 78 (-3835.820068 -4096 -310.531006 ) (-3835.820068 -4096 183.468994 ) (-4096 -4096 183.468994 ) (-4096 -4096 -310.531006 ) 
4 53 54 (-4096 -4096 -310.531006 ) (-4096 -4096 183.468994 ) (-4096 -3818 183.468994 ) (-4096 -3818 -310.531006 ) 
4 54 79 (-4096 -4096 -310.531006 ) (-4096 -4096 183.468994 ) (-4763.169922 -4096 183.468994 ) (-4763.169922 -4096 -310.531006 ) 
4 54 56 (-4763.169922 -4096 -310.531006 ) (-4763.169922 -4096 183.468994 ) (-4763.169922 -3818 183.468994 ) (-4763.169922 -3818 -310.531006 ) 
4 56 80 (-4763.169922 -4096 -310.531006 ) (-4763.169922 -4096 183.468994 ) (-5120 -4096 183.468994 ) (-5120 -4096 -310.531006 ) 
4 56 57 (-5120 -4096 -310.531006 ) (-5120 -4096 183.468994 ) (-5120 -3818 183.468994 ) (-5120 -3818 -310.531006 ) 
4 57 82 (-5120 -4096 -310.531006 ) (-5120 -4096 183.468994 ) (-5142.440430 -4096 183.468994 ) (-5142.440430 -4096 -310.531006 ) 
4 57 58 (-5142.440430 -4096 -310.531006 ) (-5142.440430 -4096 183.468994 ) (-5142.440430 -3818 183.468994 ) (-5142.440430 -3818 -310.531006 ) 
4 58 84 (-5142.440430 -4096 -310.531006 ) (-5142.440430 -4096 183.468994 ) (-5145.700195 -4096 183.468994 ) (-5145.700195 -4096 -310.531006 ) 
4 58 61 (-5145.700195 -4096 -310.531006 ) (-5145.700195 -4096 183.468994 ) (-5145.700195 -3890 183.468994 ) (-5145.700195 -3890 -310.531006 ) 
4 58 60 (-5145.700195 -3818 -65 ) (-5145.700195 -3818 -310.531006 ) (-5145.700195 -3890 -310.531006 ) (-5145.700195 -3890 -65 ) 
4 58 59 (-5145.700195 -3890 183.468994 ) (-5145.700195 -3818 183.468994 ) (-5145.700195 -3818 -65 ) (-5145.700195 -3890 -65 ) 
4 59 62 (-5323.720215 -3890 183.468994 ) (-5376 -3890 183.468994 ) (-5376 -3890 -65 ) (-5323.720215 -3890 -65 ) 
4 59 61 (-5145.700195 -3890 -65 ) (-5145.700195 -3890 183.468994 ) (-5323.720215 -3890 183.468994 ) (-5323.720215 -3890 -65 ) 
4 59 60 (-5145.700195 -3890 -65 ) (-5323.720215 -3890 -65 ) (-5323.720215 -3818 -65 ) (-5145.700195 -3818 -65 ) 
4 60 61 (-5323.720215 -3890 -310.531006 ) (-5145.700195 -3890 -310.531006 ) (-5145.700195 -3890 -65 ) (-5323.720215 -3890 -65 ) 
4 61 85 (-5145.700195 -4096 -310.531006 ) (-5145.700195 -4096 183.468994 ) (-5323.720215 -4096 183.468994 ) (-5323.720215 -4096 -310.531006 ) 
4 61 77 (-5323.720215 -4069.440186 -310.531006 ) (-5323.720215 -4096 -310.531006 ) (-5323.720215 -4096 -157.886017 ) (-5323.720215 -4069.440186 -157.886017 ) 
5 61 76 (-5323.720215 -4030.959961 -310.531006 ) (-5323.720215 -4069.440186 -310.531006 ) (-5323.720215 -4069.440186 -158.886017 ) (-5323.720215 -4037.090088 -158.886017 ) (-5323.720215 -4030.959961 -220.187485 ) 
3 61 73 (-5323.720215 -4037.190186 -157.886017 ) (-5323.720215 -4030.959961 -157.886017 ) (-5323.720215 -4030.959961 -220.187485 ) 
5 61 72 (-5323.720215 -4096 -157.886017 ) (-5323.720215 -4096 -152.736603 ) (-5323.720215 -4070.090088 -146.885956 ) (-5323.720215 -4069.090332 -152.884232 ) (-5323.720215 -4069.090332 -157.886017 ) 
10 61 71 (-5323.720215 -4096 -152.736603 ) (-5323.720215 -4096 -108.740219 ) (-5323.720215 -4094.087891 -109.887604 ) (-5323.720215 -4089.091064 -113.884933 ) (-5323.720215 -4084.090332 -118.885895 ) (-5323.720215 -4080.091064 -123.884758 ) (-5323.720215 -4077.087402 -128.890884 ) (-5323.720215 -4074.091064 -134.883652 ) (-5323.720215 -4072.089600 -139.887192 ) (-5323.720215 -4070.090088 -146.885956 ) 
4 61 70 (-5323.720215 -4030.959961 -145.646240 ) (-5323.720215 -4030.959961 -157.886017 ) (-5323.720215 -4032 -157.886017 ) (-5323.720215 -4032 -151.886414 ) 
4 61 68 (-5323.720215 -4096 -66 ) (-5323.720215 -4096 183.468994 ) (-5323.720215 -4050 183.468994 ) (-5323.720215 -4050 -66 ) 
4 61 67 (-5323.720215 -4050 183.468994 ) (-5323.720215 -4030.959961 183.468994 ) (-5323.720215 -4030.959961 -65 ) (-5323.720215 -4050 -65 ) 
4 61 65 (-5323.720215 -3890 -157.886017 ) (-5323.720215 -3890 -158.531006 ) (-5323.720215 -3913.120117 -158.531006 ) (-5323.720215 -3913.120117 -157.886017 ) 
4 61 66 (-5323.720215 -3913.120117 -310.531006 ) (-5323.720215 -4030.959961 -310.531006 ) (-5323.720215 -4030.959961 -157.886017 ) (-5323.720215 -3913.120117 -157.886017 ) 
29 61 64 (-5323.720215 -3912 -157.886017 ) (-5323.720215 -4030.959961 -157.886017 ) (-5323.720215 -4030.959961 -145.746414 ) (-5323.720215 -4029 -138.886078 ) (-5323.720215 -4027 -133.885132 ) (-5323.720215 -4024 -127.886154 ) (-5323.720215 -4021 -122.885452 ) (-5323.720215 -4017 -117.885674 ) (-5323.720215 -4012 -112.886223 ) (-5323.720215 -4007 -108.885773 ) (-5323.720215 -4002 -105.885963 ) (-5323.720215 -3996 -102.886086 ) (-5323.720215 -3991 -100.886208 ) (-5323.720215 -3984 -98.886505 ) (-5323.720215 -3978 -97.886497 ) (-5323.720215 -3966 -97.886497 ) (-5323.720215 -3960 -98.886497 ) (-5323.720215 -3953 -100.885818 ) (-5323.720215 -3948 -102.885941 ) (-5323.720215 -3942 -105.885498 ) (-5323.720215 -3937 -108.886276 ) (-5323.720215 -3932 -112.886559 ) (-5323.720215 -3927 -117.886154 ) (-5323.720215 -3923 -122.885040 ) (-5323.720215 -3920 -127.885788 ) (-5323.720215 -3917 -133.886993 ) (-5323.720215 -3915 -138.887970 ) (-5323.720215 -3913 -145.884430 ) (-5323.720215 -3912 -151.886475 ) 
3 61 63 (-5323.720215 -3890 -115 ) (-5323.720215 -3890 -116.397041 ) (-5323.720215 -3890.852539 -114.479111 ) 
4 61 62 (-5323.720215 -3890 183.468994 ) (-5323.720215 -3890 -65 ) (-5323.720215 -4030.959961 -65 ) (-5323.720215 -4030.959961 183.468994 ) 
4 62 67 (-5323.720215 -4030.959961 -65 ) (-5323.720215 -4030.959961 183.468994 ) (-5376 -4030.959961 183.468994 ) (-5376 -4030.959961 -65 ) 
4 64 70 (-5323.720215 -4030.959961 -157.886017 ) (-5323.720215 -4030.959961 -145.746414 ) (-5376 -4030.959961 -145.746414 ) (-5376 -4030.959961 -157.886017 ) 
4 64 65 (-5376 -3913.120117 -157.886017 ) (-5376 -3912 -157.886017 ) (-5323.720215 -3912 -157.886017 ) (-5323.720215 -3913.120117 -157.886017 ) 
4 64 66 (-5323.720215 -4030.959961 -157.886017 ) (-5376 -4030.959961 -157.886017 ) (-5376 -3913.120117 -157.886017 ) (-5323.720215 -3913.120117 -157.886017 ) 
4 65 66 (-5376 -3913.120117 -157.886017 ) (-5376 -3913.120117 -158.531006 ) (-5323.720215 -3913.120117 -158.531006 ) (-5323.720215 -3913.120117 -157.886017 ) 
4 66 76 (-5324 -4030.959961 -310.531006 ) (-5323.720215 -4030.959961 -310.531006 ) (-5323.720215 -4030.959961 -220.187500 ) (-5324 -4030.959961 -220.187500 ) 
4 66 74 (-5324 -4030.959961 -157.886017 ) (-5376 -4030.959961 -157.886017 ) (-5376 -4030.959961 -158.438995 ) (-5324 -4030.959961 -158.438995 ) 
4 66 73 (-5323.720215 -4030.959961 -220.187500 ) (-5323.720215 -4030.959961 -157.886017 ) (-5324 -4030.959961 -157.886017 ) (-5324 -4030.959961 -220.187500 ) 
4 67 69 (-5376 -4050 183.468994 ) (-5376 -4050 -65 ) (-5324 -4050 -65 ) (-5324 -4050 183.468994 ) 
4 67 68 (-5324 -4050 -65 ) (-5323.720215 -4050 -65 ) (-5323.720215 -4050 183.468994 ) (-5324 -4050 183.468994 ) 
4 68 87 (-5323.720215 -4096 183.468994 ) (-5324 -4096 183.468994 ) (-5324 -4096 -66 ) (-5323.720215 -4096 -66 ) 
4 68 69 (-5324 -4050 183.468994 ) (-5324 -4050 -65.333298 ) (-5324 -4096 -64.854126 ) (-5324 -4096 183.468994 ) 
4 69 88 (-5324 -4096 183.468994 ) (-5376 -4096 183.468994 ) (-5376 -4096 -64.854126 ) (-5324 -4096 -64.854126 ) 
4 70 74 (-5376 -4030.959961 -157.886017 ) (-5324 -4030.959961 -157.886017 ) (-5324 -4032 -157.886017 ) (-5376 -4032 -157.886017 ) 
4 70 73 (-5324 -4030.959961 -157.886017 ) (-5323.720215 -4030.959961 -157.886017 ) (-5323.720215 -4032 -157.886017 ) (-5324 -4032 -157.886017 ) 
4 71 93 (-5376 -4096 -152.736603 ) (-5323.720215 -4096 -152.736603 ) (-5323.720215 -4096 -108.740219 ) (-5376 -4096 -108.740219 ) 
4 71 72 (-5323.720215 -4070.090088 -146.886185 ) (-5323.720215 -4096 -152.736984 ) (-5376 -4096 -152.736984 ) (-5376 -4070.090088 -146.886185 ) 
4 72 93 (-5376 -4096 -157.886017 ) (-5323.720215 -4096 -157.886017 ) (-5323.720215 -4096 -152.736603 ) (-5376 -4096 -152.736603 ) 
4 72 77 (-5323.720215 -4069.440186 -157.886017 ) (-5323.720215 -4096 -157.886017 ) (-5376 -4096 -157.886017 ) (-5376 -4069.440186 -157.886017 ) 
4 72 75 (-5324 -4069.440186 -157.886017 ) (-5376 -4069.440186 -157.886017 ) (-5376 -4069.090332 -157.886017 ) (-5324 -4069.090332 -157.886017 ) 
4 73 76 (-5324 -4030.959961 -220.182999 ) (-5323.720215 -4030.959961 -220.182999 ) (-5323.720215 -4037.089600 -158.886017 ) (-5324 -4037.089600 -158.886017 ) 
4 73 74 (-5324 -4037.136475 -158.438995 ) (-5324 -4037.191895 -157.886017 ) (-5324 -4030.959961 -157.886017 ) (-5324 -4030.959961 -158.438995 ) 
4 75 77 (-5324 -4069.440186 -157.886017 ) (-5376 -4069.440186 -157.886017 ) (-5376 -4069.440186 -158.438995 ) (-5324 -4069.440186 -158.438995 ) 
4 76 77 (-5324 -4069.440186 -310.531006 ) (-5323.720215 -4069.440186 -310.531006 ) (-5323.720215 -4069.440186 -158.886017 ) (-5324 -4069.440186 -158.886017 ) 
4 77 93 (-5323.720215 -4096 -164.897644 ) (-5323.720215 -4096 -157.886017 ) (-5376 -4096 -157.886017 ) (-5376 -4096 -164.897644 ) 
4 77 89 (-5376 -4096 -310.531006 ) (-5323.720215 -4096 -310.531006 ) (-5323.720215 -4096 -164.897644 ) (-5376 -4096 -164.897644 ) 
4 78 79 (-4096 -4096 183.468994 ) (-4096 -4096 -310.531006 ) (-4096 -4970 -310.531006 ) (-4096 -4970 183.468994 ) 
4 79 81 (-4763.169922 -4318.729980 -310.531006 ) (-4763.169922 -4970 -310.531006 ) (-4763.169922 -4970 183.468994 ) (-4763.169922 -4318.729980 183.468994 ) 
4 79 80 (-4763.169922 -4096 183.468994 ) (-4763.169922 -4096 -310.531006 ) (-4763.169922 -4318.729980 -310.531006 ) (-4763.169922 -4318.729980 183.468994 ) 
4 80 82 (-5120 -4096 183.468994 ) (-5120 -4096 -310.531006 ) (-5120 -4318.729980 -310.531006 ) (-5120 -4318.729980 183.468994 ) 
4 80 81 (-4763.169922 -4318.729980 -310.531006 ) (-4763.169922 -4318.729980 183.468994 ) (-5120 -4318.729980 183.468994 ) (-5120 -4318.729980 -310.531006 ) 
4 81 83 (-5120 -4970 -310.531006 ) (-5120 -4970 183.468994 ) (-5120 -4318.729980 183.468994 ) (-5120 -4318.729980 -310.531006 ) 
4 82 84 (-5142.440430 -4096 183.468994 ) (-5142.440430 -4096 -310.531006 ) (-5142.440430 -4318.729980 -310.531006 ) (-5142.440430 -4318.729980 183.468994 ) 
4 82 83 (-5142.440430 -4318.729980 183.468994 ) (-5142.440430 -4318.729980 -310.531006 ) (-5120 -4318.729980 -310.531006 ) (-5120 -4318.729980 183.468994 ) 
4 83 84 (-5142.440430 -4970 -310.531006 ) (-5142.440430 -4970 183.468994 ) (-5142.440430 -4318.729980 183.468994 ) (-5142.440430 -4318.729980 -310.531006 ) 
4 84 86 (-5145.700195 -4970 -310.531006 ) (-5145.700195 -4970 183.468994 ) (-5145.700195 -4318.729980 183.468994 ) (-5145.700195 -4318.729980 -310.531006 ) 
4 84 85 (-5145.700195 -4318.729980 183.468994 ) (-5145.700195 -4096 183.468994 ) (-5145.700195 -4096 -310.531006 ) (-5145.700195 -4318.729980 -310.531006 ) 
4 85 95 (-5323.770508 -4314.007812 -105.085114 ) (-5323.770508 -4306.416504 -100.530190 ) (-5323.770508 -4306.140137 -101.451271 ) (-5323.770508 -4311.007324 -103.884842 ) 
22 85 94 (-5323.770508 -4227.120117 -310.531006 ) (-5323.770508 -4318.729980 -310.531006 ) (-5323.770508 -4318.729980 -107.918228 ) (-5323.770508 -4317.008789 -106.885628 ) (-5323.770508 -4311.006836 -103.884758 ) (-5323.770508 -4306.010254 -101.886078 ) (-5323.770508 -4299.010254 -99.886551 ) (-5323.770508 -4293.010742 -98.886642 ) (-5323.770508 -4281.008789 -98.886642 ) (-5323.770508 -4275.009766 -99.886436 ) (-5323.770508 -4268.010254 -101.885773 ) (-5323.770508 -4263.009766 -103.885857 ) (-5323.770508 -4257.010742 -106.885475 ) (-5323.770508 -4252.007812 -109.887291 ) (-5323.770508 -4247.009766 -113.885887 ) (-5323.770508 -4242.010254 -118.885262 ) (-5323.770508 -4238.011230 -123.884392 ) (-5323.770508 -4235.008789 -128.888321 ) (-5323.770508 -4232.010742 -134.884094 ) (-5323.770508 -4230.009277 -139.887390 ) (-5323.770508 -4228.010254 -146.884644 ) (-5323.770508 -4227.120117 -152.224869 ) 
21 85 93 (-5323.770508 -4096 -108.740181 ) (-5323.770508 -4096 -164.897614 ) (-5323.770508 -4189.089355 -152.886078 ) (-5323.770508 -4188.088867 -146.882614 ) (-5323.770508 -4186.090332 -139.887436 ) (-5323.770508 -4184.090332 -134.887115 ) (-5323.770508 -4181.089355 -128.885239 ) (-5323.770508 -4178.089844 -123.886337 ) (-5323.770508 -4174.088379 -118.884773 ) (-5323.770508 -4169.089844 -113.885933 ) (-5323.770508 -4164.090820 -109.886749 ) (-5323.770508 -4159.088379 -106.885353 ) (-5323.770508 -4153.089844 -103.885933 ) (-5323.770508 -4148.089355 -101.885788 ) (-5323.770508 -4141.089844 -99.886444 ) (-5323.770508 -4135.090820 -98.886642 ) (-5323.770508 -4123.088867 -98.886642 ) (-5323.770508 -4117.090332 -99.886421 ) (-5323.770508 -4110.088867 -101.886292 ) (-5323.770508 -4105.090820 -103.885445 ) (-5323.770508 -4099.090332 -106.885773 ) 
4 85 92 (-5323.770508 -4188.640137 -310.531006 ) (-5323.770508 -4227.120117 -310.531006 ) (-5323.770508 -4227.120117 -158.886017 ) (-5323.770508 -4188.640137 -158.886017 ) 
4 85 91 (-5323.770508 -4189.089844 -152.886032 ) (-5323.770508 -4188.640137 -152.944061 ) (-5323.770508 -4188.640137 -158.438995 ) (-5323.770508 -4189.089844 -158.438995 ) 
4 85 90 (-5323.770508 -4227.120117 -158.438995 ) (-5323.770508 -4227.120117 -152.223541 ) (-5323.770508 -4227 -152.944427 ) (-5323.770508 -4227 -158.438995 ) 
4 85 89 (-5323.770508 -4096 -164.897614 ) (-5323.770508 -4096 -310.531006 ) (-5323.770508 -4188.640137 -310.531006 ) (-5323.770508 -4188.640137 -152.944061 ) 
4 85 87 (-5323.770508 -4096 183.468994 ) (-5323.770508 -4096 -66 ) (-5323.770508 -4318.729980 -66 ) (-5323.770508 -4318.729980 183.468994 ) 
4 85 86 (-5323.770508 -4318.729980 183.468994 ) (-5323.770508 -4318.729980 -310.531006 ) (-5145.700195 -4318.729980 -310.531006 ) (-5145.700195 -4318.729980 183.468994 ) 
4 86 132 (-5323.770508 -4970 -310.531006 ) (-5323.770508 -4970 -277.880432 ) (-5323.770508 -4820.810059 -192.628937 ) (-5323.770508 -4820.810059 -310.531006 ) 
8 86 131 (-5323.770508 -4820.810059 -192.628937 ) (-5323.770508 -4709.259766 -128.885773 ) (-5323.770508 -4706.257324 -134.890610 ) (-5323.770508 -4704.260254 -139.883942 ) (-5323.770508 -4702.261230 -146.880219 ) (-5323.770508 -4701.259766 -152.887100 ) (-5323.770508 -4701.259766 -310.531006 ) (-5323.770508 -4820.810059 -310.531006 ) 
29 86 130 (-5323.770508 -4609.130859 -98.886642 ) (-5323.770508 -4597.128906 -98.886642 ) (-5323.770508 -4591.129883 -99.886467 ) (-5323.770508 -4584.129883 -101.886024 ) (-5323.770508 -4579.129395 -103.886215 ) (-5323.770508 -4573.127930 -106.886978 ) (-5323.770508 -4568.130371 -109.885559 ) (-5323.770508 -4563.131348 -113.884735 ) (-5323.770508 -4558.127930 -118.888252 ) (-5323.770508 -4554.131836 -123.882980 ) (-5323.770508 -4551.129883 -128.886719 ) (-5323.770508 -4548.127441 -134.891159 ) (-5323.770508 -4546.129883 -139.885010 ) (-5323.770508 -4544.130371 -146.884018 ) (-5323.770508 -4543.129883 -152.886139 ) (-5323.770508 -4543.129883 -168.369843 ) (-5323.770508 -4663.129883 -152.885956 ) (-5323.770508 -4662.129395 -146.883804 ) (-5323.770508 -4660.130859 -139.888412 ) (-5323.770508 -4658.129395 -134.883972 ) (-5323.770508 -4655.131836 -128.888977 ) (-5323.770508 -4652.130371 -123.886414 ) (-5323.770508 -4648.131348 -118.887909 ) (-5323.770508 -4643.130371 -113.886635 ) (-5323.770508 -4638.128906 -109.885429 ) (-5323.770508 -4633.126953 -106.884506 ) (-5323.770508 -4627.130371 -103.886131 ) (-5323.770508 -4622.129395 -101.885811 ) (-5323.770508 -4615.129883 -99.886452 ) 
4 86 129 (-5323.770508 -4530 -158.886017 ) (-5323.770508 -4530 -170.064026 ) (-5323.770508 -4543.129883 -168.369843 ) (-5323.770508 -4543.129883 -158.886017 ) 
4 86 128 (-5323.770508 -4662.680664 -310.531006 ) (-5323.770508 -4701.259766 -310.531006 ) (-5323.770508 -4701.259766 -158.886017 ) (-5323.770508 -4662.680664 -158.886017 ) 
4 86 127 (-5323.770508 -4663.129883 -152.885941 ) (-5323.770508 -4662.680664 -152.943909 ) (-5323.770508 -4662.680664 -158.438995 ) (-5323.770508 -4663.129883 -158.438995 ) 
4 86 126 (-5323.770508 -4543.110352 -310.531006 ) (-5323.770508 -4662.680664 -310.531006 ) (-5323.770508 -4662.680664 -152.943909 ) (-5323.770508 -4543.110352 -168.372360 ) 
4 86 125 (-5323.770508 -4530 -170.064026 ) (-5323.770508 -4530 -310.531006 ) (-5323.770508 -4543.110352 -310.531006 ) (-5323.770508 -4543.110352 -168.372360 ) 
3 86 123 (-5323.770508 -4600.959473 -67 ) (-5323.770508 -4530 -26.451706 ) (-5323.770508 -4530 -67 ) 
3 86 122 (-5323.770508 -4852.259766 -148.886108 ) (-5323.770508 -4854.177734 -148.638611 ) (-5323.770508 -4851.258789 -139.882217 ) 
5 86 121 (-5323.770508 -4970 -133.693802 ) (-5323.770508 -4970 -67 ) (-5323.770508 -4850 -67 ) (-5323.770508 -4850 -136.105469 ) (-5323.770508 -4854.177734 -148.638611 ) 
25 86 120 (-5323.770508 -4716.257324 -118.888763 ) (-5323.770508 -4712.260254 -123.884979 ) (-5323.770508 -4709.259766 -128.885941 ) (-5323.770508 -4764.154785 -160.254471 ) (-5323.770508 -4821.260254 -152.886047 ) (-5323.770508 -4820.261230 -146.891937 ) (-5323.770508 -4818.257812 -139.879211 ) (-5323.770508 -4816.264160 -134.895203 ) (-5323.770508 -4813.258789 -128.884384 ) (-5323.770508 -4810.260254 -123.886803 ) (-5323.770508 -4806.260742 -118.887230 ) (-5323.770508 -4801.258789 -113.885048 ) (-5323.770508 -4796.260254 -109.886337 ) (-5323.770508 -4791.261230 -106.886795 ) (-5323.770508 -4785.258789 -103.885498 ) (-5323.770508 -4780.260742 -101.886238 ) (-5323.770508 -4773.259277 -99.886360 ) (-5323.770508 -4767.261230 -98.886642 ) (-5323.770508 -4755.258789 -98.886642 ) (-5323.770508 -4749.259766 -99.886490 ) (-5323.770508 -4742.258301 -101.886383 ) (-5323.770508 -4737.260742 -103.885506 ) (-5323.770508 -4731.259766 -106.885864 ) (-5323.770508 -4726.259277 -109.886124 ) (-5323.770508 -4721.261230 -113.884666 ) 
3 86 119 (-5323.770508 -4840.511719 -111.201759 ) (-5323.770508 -4845.259766 -121.885223 ) (-5323.770508 -4842.002441 -112.112724 ) 
3 86 118 (-5323.770508 -4842.002441 -112.112869 ) (-5323.770508 -4850 -136.105469 ) (-5323.770508 -4850 -117 ) 
4 86 116 (-5323.770508 -4821.259766 -158.886017 ) (-5323.770508 -4821.259766 -192.885925 ) (-5323.770508 -4858.805664 -214.340637 ) (-5323.770508 -4853.260254 -158.886017 ) 
4 86 115 (-5323.770508 -4821.259766 -152.886078 ) (-5323.770508 -4820.810059 -152.944107 ) (-5323.770508 -4820.810059 -192.628952 ) (-5323.770508 -4821.259766 -192.885925 ) 
4 86 114 (-5323.770508 -4970 -277.880432 ) (-5323.770508 -4970 -133.693802 ) (-5323.770508 -4852.260254 -148.886032 ) (-5323.770508 -4858.805664 -214.340637 ) 
3 86 113 (-5323.770508 -4820.810059 -152.944107 ) (-5323.770508 -4764.154785 -160.254471 ) (-5323.770508 -4820.810059 -192.628952 ) 
4 86 112 (-5323.770508 -4970 -67 ) (-5323.770508 -4970 -62 ) (-5323.770508 -4592.209473 -62 ) (-5323.770508 -4600.959473 -67 ) 
5 86 111 (-5323.770508 -4970 -62 ) (-5323.770508 -4970 183.468994 ) (-5323.770508 -4530 183.468994 ) (-5323.770508 -4530 -26.451706 ) (-5323.770508 -4592.209473 -62 ) 
8 86 110 (-5323.770508 -4318.729980 -107.918251 ) (-5323.770508 -4318.729980 -147.331360 ) (-5323.770508 -4341.327637 -133.521912 ) (-5323.770508 -4339.008789 -128.883942 ) (-5323.770508 -4336.010742 -123.887260 ) (-5323.770508 -4332.008301 -118.884506 ) (-5323.770508 -4327.009766 -113.885857 ) (-5323.770508 -4322.010254 -109.886452 ) 
29 86 109 (-5323.770508 -4385.089844 -168.369934 ) (-5323.770508 -4505.089844 -152.886078 ) (-5323.770508 -4504.090332 -146.888504 ) (-5323.770508 -4502.087891 -139.880569 ) (-5323.770508 -4500.092285 -134.891098 ) (-5323.770508 -4497.089844 -128.886353 ) (-5323.770508 -4494.089844 -123.885902 ) (-5323.770508 -4490.088867 -118.884666 ) (-5323.770508 -4485.092285 -113.888115 ) (-5323.770508 -4480.090332 -109.886391 ) (-5323.770508 -4475.087402 -106.884811 ) (-5323.770508 -4469.089355 -103.885948 ) (-5323.770508 -4464.089355 -101.885918 ) (-5323.770508 -4457.089844 -99.886505 ) (-5323.770508 -4451.090820 -98.886642 ) (-5323.770508 -4439.088867 -98.886642 ) (-5323.770508 -4433.089844 -99.886452 ) (-5323.770508 -4426.090332 -101.885849 ) (-5323.770508 -4421.089355 -103.886185 ) (-5323.770508 -4415.089844 -106.885834 ) (-5323.770508 -4410.090332 -109.885551 ) (-5323.770508 -4405.091309 -113.884964 ) (-5323.770508 -4400.088867 -118.887192 ) (-5323.770508 -4396.090332 -123.885170 ) (-5323.770508 -4393.090820 -128.884247 ) (-5323.770508 -4390.090332 -134.885483 ) (-5323.770508 -4388.090332 -139.885468 ) (-5323.770508 -4386.090332 -146.885040 ) (-5323.770508 -4385.089844 -152.886749 ) 
7 86 108 (-5323.770508 -4318.729980 -147.331360 ) (-5323.770508 -4318.729980 -156.535034 ) (-5323.770508 -4347.010254 -152.885986 ) (-5323.770508 -4346.009766 -146.886383 ) (-5323.770508 -4344.009277 -139.884781 ) (-5323.770508 -4342.010254 -134.887863 ) (-5323.770508 -4341.327637 -133.521912 ) 
4 86 107 (-5323.770508 -4346.560059 -173.341507 ) (-5323.770508 -4385.089844 -168.369934 ) (-5323.770508 -4385.089844 -158.886017 ) (-5323.770508 -4346.560059 -158.886017 ) 
4 86 106 (-5323.770508 -4347 -152.887299 ) (-5323.770508 -4346.560059 -152.944061 ) (-5323.770508 -4346.560059 -158.438995 ) (-5323.770508 -4347 -158.438995 ) 
4 86 105 (-5323.770508 -4318.729980 -156.535034 ) (-5323.770508 -4318.729980 -176.932480 ) (-5323.770508 -4346.560059 -173.341507 ) (-5323.770508 -4346.560059 -152.944061 ) 
4 86 104 (-5323.770508 -4504.629883 -310.531006 ) (-5323.770508 -4530 -310.531006 ) (-5323.770508 -4530 -158.886017 ) (-5323.770508 -4504.629883 -158.886017 ) 
4 86 103 (-5323.770508 -4505.089844 -152.886078 ) (-5323.770508 -4504.629883 -152.945435 ) (-5323.770508 -4504.629883 -158.438995 ) (-5323.770508 -4505.089844 -158.438995 ) 
4 86 102 (-5323.770508 -4385.040039 -310.531006 ) (-5323.770508 -4504.629883 -310.531006 ) (-5323.770508 -4504.629883 -152.945435 ) (-5323.770508 -4385.040039 -168.376358 ) 
4 86 100 (-5323.770508 -4318.729980 -176.932480 ) (-5323.770508 -4318.729980 -310.531006 ) (-5323.770508 -4385.040039 -310.531006 ) (-5323.770508 -4385.040039 -168.376358 ) 
3 86 99 (-5323.770508 -4449.626465 -67.340141 ) (-5323.770508 -4450.519531 -67.429466 ) (-5323.770508 -4450 -67.111839 ) 
4 86 97 (-5323.770508 -4318.729980 -62 ) (-5323.770508 -4318.729980 -66 ) (-5323.770508 -4530 -66 ) (-5323.770508 -4530 -62 ) 
4 86 96 (-5323.770508 -4530 183.468994 ) (-5323.770508 -4318.729980 183.468994 ) (-5323.770508 -4318.729980 -62 ) (-5323.770508 -4530 -62 ) 
4 87 97 (-5323.770508 -4318.729980 -66 ) (-5323.770508 -4318.729980 -62 ) (-5324 -4318.729980 -62 ) (-5324 -4318.729980 -66 ) 
4 87 96 (-5323.770508 -4318.729980 -62 ) (-5323.770508 -4318.729980 183.468994 ) (-5324 -4318.729980 183.468994 ) (-5324 -4318.729980 -62 ) 
4 87 88 (-5324 -4318.729980 -62.534054 ) (-5324 -4318.729980 183.468994 ) (-5324 -4096 183.468994 ) (-5324 -4096 -64.854126 ) 
4 88 98 (-5376 -4318.729980 -62 ) (-5376 -4318.729980 -62.534058 ) (-5324 -4318.729980 -62.534054 ) (-5324 -4318.729980 -62 ) 
4 88 96 (-5324 -4318.729980 183.468994 ) (-5376 -4318.729980 183.468994 ) (-5376 -4318.729980 -62 ) (-5324 -4318.729980 -62 ) 
4 89 93 (-5323.770508 -4188.640137 -152.944412 ) (-5323.770508 -4096 -164.897980 ) (-5376 -4096 -164.897980 ) (-5376 -4188.640137 -152.944412 ) 
4 89 92 (-5324 -4188.640137 -310.531006 ) (-5323.770508 -4188.640137 -310.531006 ) (-5323.770508 -4188.640137 -158.886017 ) (-5324 -4188.640137 -158.886017 ) 
4 89 91 (-5323.770508 -4188.640137 -158.438995 ) (-5323.770508 -4188.640137 -152.937180 ) (-5376 -4188.640137 -152.937180 ) (-5376 -4188.640137 -158.438995 ) 
4 90 94 (-5323.770508 -4227.120117 -158.438995 ) (-5323.770508 -4227.120117 -152.223541 ) (-5376 -4227.120117 -152.223541 ) (-5376 -4227.120117 -158.438995 ) 
4 91 93 (-5323.770508 -4189.089844 -152.886383 ) (-5323.770508 -4188.640137 -152.944412 ) (-5376 -4188.640137 -152.944412 ) (-5376 -4189.089844 -152.886383 ) 
4 92 94 (-5324 -4227.120117 -310.531006 ) (-5323.770508 -4227.120117 -310.531006 ) (-5323.770508 -4227.120117 -158.886017 ) (-5324 -4227.120117 -158.886017 ) 
4 94 110 (-5323.770508 -4318.729980 -147.331329 ) (-5323.770508 -4318.729980 -107.918228 ) (-5376 -4318.729980 -107.918228 ) (-5376 -4318.729980 -147.331329 ) 
4 94 108 (-5323.770508 -4318.729980 -156.535049 ) (-5323.770508 -4318.729980 -147.331329 ) (-5376 -4318.729980 -147.331329 ) (-5376 -4318.729980 -156.535049 ) 
4 94 105 (-5323.770508 -4318.729980 -176.932495 ) (-5323.770508 -4318.729980 -156.535049 ) (-5376 -4318.729980 -156.535049 ) (-5376 -4318.729980 -176.932495 ) 
4 94 101 (-5324 -4318.729980 -176.932495 ) (-5376 -4318.729980 -176.932495 ) (-5376 -4318.729980 -310.531006 ) (-5324 -4318.729980 -310.531006 ) 
4 94 100 (-5323.770508 -4318.729980 -310.531006 ) (-5323.770508 -4318.729980 -176.932495 ) (-5324 -4318.729980 -176.932495 ) (-5324 -4318.729980 -310.531006 ) 
4 96 124 (-5324 -4530 -26.451763 ) (-5376 -4530 -26.451767 ) (-5376 -4530 -62 ) (-5324 -4530 -62 ) 
4 96 123 (-5323.770508 -4530 -62 ) (-5323.770508 -4530 -26.451763 ) (-5324 -4530 -26.451763 ) (-5324 -4530 -62 ) 
4 96 111 (-5323.770508 -4530 -26.451763 ) (-5323.770508 -4530 183.468994 ) (-5376 -4530 183.468994 ) (-5376 -4530 -26.451767 ) 
4 96 98 (-5376 -4370 -62 ) (-5376 -4318.729980 -62 ) (-5324 -4318.729980 -62 ) (-5324 -4370 -62 ) 
4 96 97 (-5323.770508 -4530 -62 ) (-5324 -4530 -62 ) (-5324 -4318.729980 -62 ) (-5323.770508 -4318.729980 -62 ) 
4 97 123 (-5324 -4530 -66 ) (-5323.770508 -4530 -66 ) (-5323.770508 -4530 -62 ) (-5324 -4530 -62 ) 
3 97 98 (-5324 -4370 -62 ) (-5324 -4318.729980 -62 ) (-5324 -4318.729980 -62.534054 ) 
4 100 107 (-5324 -4346.560059 -173.341934 ) (-5324 -4385.040039 -168.376770 ) (-5323.770508 -4385.040039 -168.376770 ) (-5323.770508 -4346.560059 -173.341934 ) 
4 100 105 (-5323.770508 -4318.729980 -176.932922 ) (-5324 -4318.729980 -176.932922 ) (-5324 -4346.560059 -173.341934 ) (-5323.770508 -4346.560059 -173.341934 ) 
4 100 102 (-5324 -4385.040039 -310.531006 ) (-5323.770508 -4385.040039 -310.531006 ) (-5323.770508 -4385.040039 -168.374680 ) (-5324 -4385.040039 -168.374680 ) 
4 100 101 (-5324 -4346.560059 -173.344055 ) (-5324 -4318.729980 -176.935013 ) (-5324 -4318.729980 -310.531006 ) (-5324 -4346.560059 -310.531006 ) 
4 101 105 (-5324 -4318.729980 -176.932922 ) (-5376 -4318.729980 -176.932922 ) (-5376 -4346.560059 -173.341934 ) (-5324 -4346.560059 -173.341934 ) 
4 102 109 (-5376 -4504.629883 -152.945801 ) (-5323.770508 -4504.629883 -152.945801 ) (-5323.770508 -4385.040039 -168.376770 ) (-5376 -4385.040039 -168.376770 ) 
4 102 104 (-5324 -4504.629883 -310.531006 ) (-5323.770508 -4504.629883 -310.531006 ) (-5323.770508 -4504.629883 -158.886017 ) (-5324 -4504.629883 -158.886017 ) 
4 102 103 (-5323.770508 -4504.629883 -158.438995 ) (-5323.770508 -4504.629883 -152.944992 ) (-5376 -4504.629883 -152.944992 ) (-5376 -4504.629883 -158.438995 ) 
4 103 109 (-5323.770508 -4505.089844 -152.886444 ) (-5323.770508 -4504.629883 -152.945801 ) (-5376 -4504.629883 -152.945801 ) (-5376 -4505.089844 -152.886444 ) 
4 104 129 (-5323.770508 -4530 -170.063980 ) (-5323.770508 -4530 -158.886017 ) (-5324 -4530 -158.886017 ) (-5324 -4530 -170.063980 ) 
4 104 125 (-5324 -4530 -310.531006 ) (-5323.770508 -4530 -310.531006 ) (-5323.770508 -4530 -170.063980 ) (-5324 -4530 -170.063980 ) 
4 105 108 (-5323.770508 -4318.729980 -156.535187 ) (-5376 -4318.729980 -156.535187 ) (-5376 -4346.560059 -152.944229 ) (-5323.770508 -4346.560059 -152.944229 ) 
4 105 107 (-5324 -4346.560059 -173.342545 ) (-5323.770508 -4346.560059 -173.342545 ) (-5323.770508 -4346.560059 -158.886017 ) (-5324 -4346.560059 -158.886017 ) 
4 105 106 (-5323.770508 -4346.560059 -158.438995 ) (-5323.770508 -4346.560059 -152.943207 ) (-5376 -4346.560059 -152.943207 ) (-5376 -4346.560059 -158.438995 ) 
4 106 108 (-5323.770508 -4347 -152.887466 ) (-5323.770508 -4346.560059 -152.944229 ) (-5376 -4346.560059 -152.944229 ) (-5376 -4347 -152.887466 ) 
4 107 109 (-5324 -4385.089844 -168.371094 ) (-5323.770508 -4385.089844 -168.371094 ) (-5323.770508 -4385.089844 -158.886017 ) (-5324 -4385.089844 -158.886017 ) 
4 108 110 (-5323.770508 -4318.729980 -147.331619 ) (-5376 -4318.729980 -147.331619 ) (-5376 -4341.327637 -133.522018 ) (-5323.770508 -4341.327637 -133.522018 ) 
4 111 124 (-5376 -4530 -26.453125 ) (-5324 -4530 -26.453125 ) (-5324 -4592.207031 -62 ) (-5376 -4592.207031 -62 ) 
4 111 123 (-5324 -4530 -26.453125 ) (-5323.770508 -4530 -26.453125 ) (-5323.770508 -4592.207031 -62 ) (-5324 -4592.207031 -62 ) 
4 111 112 (-5323.770508 -4970 -62 ) (-5324 -4970 -62 ) (-5324 -4592.208984 -62 ) (-5323.770508 -4592.208984 -62 ) 
4 112 123 (-5323.770508 -4592.207031 -62 ) (-5323.770508 -4600.957031 -67 ) (-5324 -4600.957031 -67 ) (-5324 -4592.207031 -62 ) 
4 112 121 (-5323.770508 -4850 -67 ) (-5323.770508 -4970 -67 ) (-5324 -4970 -67 ) (-5324 -4850 -67 ) 
4 113 131 (-5323.770508 -4764.152832 -160.254700 ) (-5323.770508 -4820.810059 -192.630264 ) (-5376 -4820.810059 -192.630264 ) (-5376 -4764.152832 -160.254700 ) 
4 113 120 (-5323.770508 -4764.155762 -160.253662 ) (-5376 -4764.155762 -160.253662 ) (-5376 -4820.810059 -152.943420 ) (-5323.770508 -4820.810059 -152.943420 ) 
4 113 117 (-5324 -4820.810059 -158.438995 ) (-5324 -4820.810059 -152.944992 ) (-5376 -4820.810059 -152.944992 ) (-5376 -4820.810059 -158.438995 ) 
4 113 115 (-5324 -4820.810059 -192.628967 ) (-5323.770508 -4820.810059 -192.628967 ) (-5323.770508 -4820.810059 -152.944992 ) (-5324 -4820.810059 -152.944992 ) 
4 114 132 (-5323.770508 -4858.805664 -214.342010 ) (-5323.770508 -4970 -277.881653 ) (-5324 -4970 -277.881653 ) (-5324 -4858.805664 -214.342010 ) 
4 114 122 (-5323.770508 -4854.177246 -148.637955 ) (-5323.770508 -4852.259766 -148.885391 ) (-5324 -4852.259766 -148.885391 ) (-5324 -4854.177246 -148.637955 ) 
4 114 121 (-5324 -4970 -133.693054 ) (-5323.770508 -4970 -133.693054 ) (-5323.770508 -4854.177246 -148.637955 ) (-5324 -4854.177246 -148.637955 ) 
4 114 116 (-5323.770508 -4858.805176 -214.340576 ) (-5324 -4858.805176 -214.340576 ) (-5324 -4853.259766 -158.886017 ) (-5323.770508 -4853.259766 -158.886017 ) 
4 115 132 (-5323.770508 -4820.810059 -192.630264 ) (-5323.770508 -4821.259766 -192.887238 ) (-5324 -4821.259766 -192.887238 ) (-5324 -4820.810059 -192.630264 ) 
4 115 120 (-5323.770508 -4821.259766 -152.885391 ) (-5323.770508 -4820.810059 -152.943420 ) (-5324 -4820.810059 -152.943420 ) (-5324 -4821.259766 -152.885391 ) 
4 115 117 (-5324 -4821.259766 -152.886139 ) (-5324 -4820.810059 -152.944153 ) (-5324 -4820.810059 -158.438995 ) (-5324 -4821.259766 -158.438995 ) 
4 115 116 (-5324 -4821.259766 -158.886017 ) (-5324 -4821.259766 -192.886093 ) (-5323.770508 -4821.259766 -192.886093 ) (-5323.770508 -4821.259766 -158.886017 ) 
4 116 132 (-5323.770508 -4821.259766 -192.887238 ) (-5323.770508 -4858.805664 -214.342010 ) (-5324 -4858.805664 -214.342010 ) (-5324 -4821.259766 -192.887238 ) 
4 117 120 (-5324 -4821.259766 -152.885391 ) (-5324 -4820.810059 -152.943420 ) (-5376 -4820.810059 -152.943420 ) (-5376 -4821.259766 -152.885391 ) 
4 118 121 (-5323.770508 -4850 -136.106461 ) (-5323.770508 -4850 -117 ) (-5324 -4850 -117 ) (-5324 -4850 -136.106461 ) 
4 118 119 (-5324 -4845.260742 -121.887810 ) (-5324 -4842.002441 -112.112869 ) (-5323.770508 -4842.002441 -112.112869 ) (-5323.770508 -4845.260742 -121.887810 ) 
4 120 131 (-5323.770508 -4709.259277 -128.886948 ) (-5323.770508 -4764.152832 -160.254700 ) (-5376 -4764.152832 -160.254700 ) (-5376 -4709.259277 -128.886948 ) 
4 121 122 (-5323.770508 -4854.177734 -148.637558 ) (-5324 -4854.177734 -148.637558 ) (-5324 -4851.258789 -139.881226 ) (-5323.770508 -4851.258789 -139.881226 ) 
3 123 124 (-5324 -4592.214844 -62 ) (-5324 -4530 -26.448669 ) (-5324 -4530 -62 ) 
4 125 129 (-5323.770508 -4530 -170.063843 ) (-5324 -4530 -170.063843 ) (-5324 -4543.110352 -168.372192 ) (-5323.770508 -4543.110352 -168.372192 ) 
4 125 126 (-5324 -4543.110352 -310.531006 ) (-5323.770508 -4543.110352 -310.531006 ) (-5323.770508 -4543.110352 -168.369293 ) (-5324 -4543.110352 -168.369293 ) 
4 126 130 (-5376 -4662.680664 -152.943771 ) (-5323.770508 -4662.680664 -152.943771 ) (-5323.770508 -4543.110352 -168.372192 ) (-5376 -4543.110352 -168.372192 ) 
4 126 128 (-5324 -4662.680664 -310.531006 ) (-5323.770508 -4662.680664 -310.531006 ) (-5323.770508 -4662.680664 -158.886017 ) (-5324 -4662.680664 -158.886017 ) 
4 126 127 (-5323.770508 -4662.680664 -158.438995 ) (-5323.770508 -4662.680664 -152.943207 ) (-5376 -4662.680664 -152.943207 ) (-5376 -4662.680664 -158.438995 ) 
4 127 130 (-5323.770508 -4663.129883 -152.885803 ) (-5323.770508 -4662.680664 -152.943771 ) (-5376 -4662.680664 -152.943771 ) (-5376 -4663.129883 -152.885803 ) 
4 128 131 (-5324 -4701.259766 -310.531006 ) (-5323.770508 -4701.259766 -310.531006 ) (-5323.770508 -4701.259766 -158.886017 ) (-5324 -4701.259766 -158.886017 ) 
4 129 130 (-5324 -4543.129883 -168.365082 ) (-5323.770508 -4543.129883 -168.365082 ) (-5323.770508 -4543.129883 -158.886017 ) (-5324 -4543.129883 -158.886017 ) 
4 131 132 (-5324 -4820.810059 -310.531006 ) (-5323.770508 -4820.810059 -310.531006 ) (-5323.770508 -4820.810059 -192.628937 ) (-5324 -4820.810059 -192.628937 ) 
