PRT1
181
497
4 0 31 (223 0 173.727997 ) (198 0 173.727997 ) (198 0 69 ) (223 0 69 ) 
4 0 27 (274 0 69 ) (274 0 173.727997 ) (223 0 173.727997 ) (223 0 69 ) 
4 0 1 (199 38 69 ) (273 38 69 ) (273 0 69 ) (199 0 69 ) 
4 1 42 (273 0 69 ) (199 0 69 ) (199 0 64 ) (273 0 64 ) 
4 2 4 (287 -639 173.076019 ) (287 -639 69 ) (287 -640 69 ) (287 -640 173.076019 ) 
4 2 5 (287 -693 69 ) (287 -694 69 ) (287 -694 173.076019 ) (287 -693 173.076019 ) 
4 2 3 (287 -639 174 ) (287 -639 173.076019 ) (287 -694 173.076019 ) (287 -694 174 ) 
4 3 66 (284 -694 173.076019 ) (284 -694 174 ) (284 -639 174 ) (284 -639 173.076019 ) 
4 3 4 (286 -639 173.076019 ) (287 -639 173.076019 ) (287 -640 173.076019 ) (286 -640 173.076019 ) 
4 3 5 (287 -693 173.076019 ) (287 -694 173.076019 ) (286 -694 173.076019 ) (286 -693 173.076019 ) 
4 3 6 (284 -639 173.076019 ) (286 -639 173.076019 ) (286 -694 173.076019 ) (284 -694 173.076019 ) 
4 4 6 (286 -639 64 ) (286 -640 64 ) (286 -640 173.076019 ) (286 -639 173.076019 ) 
4 5 6 (286 -693 64 ) (286 -694 64 ) (286 -694 173.076019 ) (286 -693 173.076019 ) 
4 6 126 (284 -694 64 ) (284 -694 109 ) (284 -639 109 ) (284 -639 64 ) 
4 6 103 (284 -694 109 ) (284 -694 112 ) (284 -639 112 ) (284 -639 109 ) 
4 6 66 (284 -694 112 ) (284 -694 173.076019 ) (284 -639 173.076019 ) (284 -639 112 ) 
4 7 14 (672 -944 174 ) (716 -944 174 ) (716 -944 200 ) (672 -944 200 ) 
4 7 8 (736 -944 174 ) (644 -944 174 ) (644 -733.538025 174 ) (736 -733.538025 174 ) 
4 8 14 (716 -944 174 ) (672 -944 174 ) (672 -944 120 ) (716 -944 120 ) 
4 9 11 (287 -848 173.076019 ) (287 -848 174 ) (287 -795 174 ) (287 -795 173.076019 ) 
4 9 10 (287 -794 174 ) (287 -794 64 ) (287 -795 64 ) (287 -795 174 ) 
4 9 12 (287 -848 64 ) (287 -849 64 ) (287 -849 174 ) (287 -848 174 ) 
4 10 11 (286 -795 174 ) (286 -795 173.076019 ) (287 -795 173.076019 ) (287 -795 174 ) 
4 10 13 (286 -794 174 ) (286 -794 64 ) (286 -795 64 ) (286 -795 174 ) 
4 11 13 (286 -848 173.076019 ) (286 -848 174 ) (286 -795 174 ) (286 -795 173.076019 ) 
4 11 12 (286 -848 174 ) (286 -848 173.076019 ) (287 -848 173.076019 ) (287 -848 174 ) 
4 12 13 (286 -848 64 ) (286 -849 64 ) (286 -849 174 ) (286 -848 174 ) 
4 13 134 (284 -794 109 ) (284 -794 64 ) (284 -849 64 ) (284 -849 109 ) 
4 13 106 (284 -794 112 ) (284 -794 109 ) (284 -849 109 ) (284 -849 112 ) 
4 13 85 (284 -849 174 ) (284 -794 174 ) (284 -794 112 ) (284 -849 112 ) 
4 14 15 (716 -960 200 ) (672 -960 200 ) (672 -960 120 ) (716 -960 120 ) 
4 15 16 (716 -971.429077 120 ) (716 -971.429077 200 ) (672 -971.429077 200 ) (672 -971.429077 120 ) 
4 16 17 (868.570984 -976 120 ) (868.570984 -976 307.076996 ) (539.427979 -976 307.076996 ) (539.427979 -976 120 ) 
4 17 169 (868.570984 -1024 120 ) (868.570984 -1024 307.076996 ) (539.427979 -1024 307.076996 ) (539.427979 -1024 120 ) 
4 18 170 (384.726013 -1024 112 ) (384.726013 -1024 160 ) (284 -1024 160 ) (284 -1024 112 ) 
4 18 99 (284 -1024 112 ) (284 -1024 160 ) (284 -976 160 ) (284 -976 112 ) 
4 18 21 (284 -976.726990 112 ) (284 -976.427246 112 ) (384 -976.428955 112 ) (384 -976.726990 112 ) 
4 18 23 (284 -1024 112 ) (284 -976.726990 112 ) (384 -976.726990 112 ) (384 -1024 112 ) 
4 18 20 (384 -976 112 ) (384.297974 -976 112 ) (384.297333 -1024 112 ) (384 -1024 112 ) 
3 19 171 (384 -1024 109.347351 ) (384 -1024 109 ) (384.423431 -1024 109 ) 
4 19 25 (384.424194 -977 109 ) (384.423431 -1024 109 ) (384 -1024 109 ) (384 -977 109 ) 
4 19 24 (384 -976 109 ) (384.424225 -976 109 ) (384.424194 -977 109 ) (384 -977 109 ) 
3 19 22 (384 -976.302002 109 ) (384 -976.726990 109 ) (384 -976.726990 109.347977 ) 
4 19 23 (384 -976.726990 109 ) (384 -1024 109 ) (384 -1024 109.347351 ) (384 -976.726990 109.347977 ) 
3 20 172 (384.297333 -1024 112 ) (384 -1024 112 ) (384 -1024 111.692627 ) 
3 20 21 (384 -976.726990 112 ) (384 -976.428955 112 ) (384 -976.726990 111.691978 ) 
4 20 23 (384 -1024 111.692627 ) (384 -1024 112 ) (384 -976.726990 112 ) (384 -976.726990 111.691978 ) 
4 21 23 (384 -976.726990 111.690933 ) (384 -976.726990 112 ) (284 -976.726990 112 ) (284 -976.726990 111.689178 ) 
4 22 24 (284 -976.726990 109 ) (284 -976.302002 109 ) (384 -976.302002 109 ) (384 -976.726990 109 ) 
4 22 23 (284 -976.726990 109 ) (384 -976.726990 109 ) (384 -976.726990 109.349007 ) (284 -976.726990 109.348999 ) 
4 23 173 (384 -1024 112 ) (284 -1024 112 ) (284 -1024 109 ) (384 -1024 109 ) 
4 23 110 (284 -1024 109 ) (284 -1024 112 ) (284 -976.726990 112 ) (284 -976.726990 109 ) 
4 23 26 (284 -1024 109 ) (284 -977 109 ) (384 -977 109 ) (384 -1024 109 ) 
4 23 24 (284 -977 109 ) (284 -976.726990 109 ) (384 -976.726990 109 ) (384 -977 109 ) 
4 24 141 (284 -977 109 ) (284 -976 109 ) (284 -976 69 ) (284 -977 69 ) 
4 24 25 (384.726013 -977 69 ) (384.726013 -977 109 ) (384 -977 109 ) (384 -977 69 ) 
4 24 26 (384 -977 109 ) (284 -977 109 ) (284 -977 69 ) (384 -977 69 ) 
4 25 178 (384.726013 -1024 69 ) (384.726013 -1024 109 ) (384 -1024 109 ) (384 -1024 69 ) 
4 25 26 (384 -977 109 ) (384 -977 69 ) (384 -1024 69 ) (384 -1024 109 ) 
4 26 179 (284 -1024 69 ) (284 -1024 64 ) (384 -1024 64 ) (384 -1024 69 ) 
4 26 178 (384 -1024 109 ) (284 -1024 109 ) (284 -1024 69 ) (384 -1024 69 ) 
4 26 142 (284 -1024 64 ) (284 -1024 109 ) (284 -977 109 ) (284 -977 64 ) 
4 27 143 (272 -602 109 ) (223 -602 109 ) (223 -602 69 ) (272 -602 69 ) 
4 27 120 (283.696075 -602 109 ) (283.270996 -602 109 ) (283.270996 -602 69 ) (283.696075 -602 69 ) 
4 27 122 (283.270996 -602 109 ) (272 -602 109 ) (272 -602 69 ) (283.270996 -602 69 ) 
4 27 114 (271.270996 -602 112 ) (223 -602 112 ) (223 -602 109 ) (271.270996 -602 109 ) 
4 27 111 (272 -602 112 ) (271.270996 -602 112 ) (271.270996 -602 109 ) (272 -602 109 ) 
4 27 109 (283.270996 -602 112 ) (272 -602 112 ) (272 -602 109 ) (283.270996 -602 109 ) 
4 27 74 (225 -602 192 ) (223 -602 192 ) (223 -602 112 ) (225 -602 112 ) 
4 27 71 (255 -602 192 ) (225 -602 192 ) (225 -602 112 ) (255 -602 112 ) 
4 27 70 (283.270996 -602 192 ) (255 -602 192 ) (255 -602 112 ) (283.270996 -602 112 ) 
4 27 63 (284 -602 112 ) (284 -602 174 ) (283.270996 -602 174 ) (283.270996 -602 112 ) 
4 27 59 (284 -602 174 ) (284 -602 177 ) (283.270996 -602 177 ) (283.270996 -602 174 ) 
4 27 58 (284 -602 177 ) (284 -602 192 ) (283.270996 -602 192 ) (283.270996 -602 177 ) 
4 27 43 (283 -602 69 ) (223 -602 69 ) (223 -1 69 ) (283 -1 69 ) 
4 27 42 (223 -1 69 ) (223 0 69 ) (273 0 69 ) (273 -1 69 ) 
4 27 30 (223 -602 191.664001 ) (223 -602 192 ) (223 -447 192 ) (223 -447 191.664001 ) 
4 27 28 (223 -225 192 ) (223 0 192 ) (223 0 191.664001 ) (223 -225 191.664001 ) 
4 27 29 (223 -417 192 ) (223 -255 192 ) (223 -255 191.664001 ) (223 -417 191.664001 ) 
4 27 31 (223 0 69 ) (223 -602 69 ) (223 -602 191.664001 ) (223 0 191.664001 ) 
4 28 32 (193 -225 192 ) (193 0 192 ) (193 0 191.664001 ) (193 -225 191.664001 ) 
4 28 31 (193 -225 191.664001 ) (193 0 191.664001 ) (223 0 191.664001 ) (223 -225 191.664001 ) 
4 29 32 (193 -417 192 ) (193 -255 192 ) (193 -255 191.664001 ) (193 -417 191.664001 ) 
4 29 31 (193 -417 191.664001 ) (193 -255 191.664001 ) (223 -255 191.664001 ) (223 -417 191.664001 ) 
4 30 74 (223 -602 192 ) (193 -602 192 ) (193 -602 191.664001 ) (223 -602 191.664001 ) 
4 30 32 (193 -602 191.664001 ) (193 -602 192 ) (193 -447 192 ) (193 -447 191.664001 ) 
4 30 31 (193 -602 191.664001 ) (193 -447 191.664001 ) (223 -447 191.664001 ) (223 -602 191.664001 ) 
4 31 143 (193 -602 109 ) (193 -602 69 ) (223 -602 69 ) (223 -602 109 ) 
4 31 114 (193 -602 112 ) (193 -602 109 ) (223 -602 109 ) (223 -602 112 ) 
4 31 74 (193 -602 191.664001 ) (193 -602 112 ) (223 -602 112 ) (223 -602 191.664001 ) 
4 31 43 (223 -602 69 ) (193 -602 69 ) (193 -1 69 ) (223 -1 69 ) 
4 31 42 (199 0 69 ) (223 0 69 ) (223 -1 69 ) (199 -1 69 ) 
4 31 32 (193 0 69 ) (193 -602 69 ) (193 -602 191.664001 ) (193 0 191.664001 ) 
4 32 152 (170 -602 109 ) (170 -602 69 ) (184 -602 69 ) (184 -602 109 ) 
4 32 148 (170 -602 112 ) (170 -602 109 ) (184 -602 109 ) (184 -602 112 ) 
4 32 143 (184 -602 69 ) (193 -602 69 ) (193 -602 109 ) (184 -602 109 ) 
4 32 115 (184.731995 -602 112 ) (184 -602 112 ) (184 -602 109 ) (184.731995 -602 109 ) 
4 32 114 (193 -602 109 ) (193 -602 112 ) (184.731995 -602 112 ) (184.731995 -602 109 ) 
4 32 74 (193 -602 192 ) (170 -602 192 ) (170 -602 112 ) (193 -602 112 ) 
4 32 44 (170 -474.461029 69 ) (170 -1 69 ) (170.535004 -1 69 ) (170.535004 -474.461029 69 ) 
4 32 46 (170.535004 -602 69 ) (170 -602 69 ) (170 -490.539001 69 ) (170.535004 -490.539001 69 ) 
4 32 43 (193 -602 69 ) (170.535004 -602 69 ) (170.535004 -1 69 ) (193 -1 69 ) 
4 32 33 (170 0 69 ) (170 -475 69 ) (170 -475 192 ) (170 0 192 ) 
4 32 34 (170 -490 69 ) (170 -602 69 ) (170 -602 192 ) (170 -490 192 ) 
4 33 44 (155 -474.461029 69 ) (155 -1 69 ) (170 -1 69 ) (170 -474.461029 69 ) 
4 33 35 (155 0 69 ) (155 -475 69 ) (155 -475 192 ) (155 0 192 ) 
4 34 152 (155 -602 109 ) (155 -602 69 ) (170 -602 69 ) (170 -602 109 ) 
4 34 148 (155 -602 112 ) (155 -602 109 ) (170 -602 109 ) (170 -602 112 ) 
4 34 74 (170 -602 192 ) (155 -602 192 ) (155 -602 112 ) (170 -602 112 ) 
4 34 46 (170 -602 69 ) (155 -602 69 ) (155 -490.539001 69 ) (170 -490.539001 69 ) 
4 34 35 (155 -490 69 ) (155 -602 69 ) (155 -602 192 ) (155 -490 192 ) 
4 35 152 (150 -602 109 ) (150 -602 69 ) (155 -602 69 ) (155 -602 109 ) 
4 35 148 (150 -602 112 ) (150 -602 109 ) (155 -602 109 ) (155 -602 112 ) 
4 35 74 (155 -602 192 ) (150 -602 192 ) (150 -602 112 ) (155 -602 112 ) 
4 35 45 (154.460999 -474.461029 69 ) (154.460999 -1 69 ) (155 -1 69 ) (155 -474.461029 69 ) 
4 35 46 (155 -602 69 ) (154.460999 -602 69 ) (154.460999 -490.539001 69 ) (155 -490.539001 69 ) 
4 35 47 (154.460999 -602 69 ) (150 -602 69 ) (150 -1 69 ) (154.460999 -1 69 ) 
4 35 41 (150 -120.971001 69 ) (150 -602 69 ) (150 -602 174.600998 ) (150 -120.971001 174.600998 ) 
4 35 39 (150 0 69 ) (150 -56 69 ) (150 -56 174.600998 ) (150 0 174.600998 ) 
4 35 40 (150 -61 69 ) (150 -115.971001 69 ) (150 -115.971001 174.600998 ) (150 -61 174.600998 ) 
4 35 37 (150 -120.971001 192 ) (150 -56 192 ) (150 -56 179.600998 ) (150 -120.971001 179.600998 ) 
4 35 36 (150 -56 192 ) (150 0 192 ) (150 0 174.600998 ) (150 -56 174.600998 ) 
4 35 38 (150 -602 174.600998 ) (150 -602 192 ) (150 -120.971001 192 ) (150 -120.971001 174.600998 ) 
4 36 39 (149 -56 174.600998 ) (149 0 174.600998 ) (150 0 174.600998 ) (150 -56 174.600998 ) 
4 36 37 (150 -56 179.600998 ) (150 -56 192 ) (149 -56 192 ) (149 -56 179.600998 ) 
4 37 38 (150 -120.971001 179.600998 ) (150 -120.971001 192 ) (149 -120.971001 192 ) (149 -120.971001 179.600998 ) 
4 38 74 (150 -602 192 ) (149 -602 192 ) (149 -602 174.600998 ) (150 -602 174.600998 ) 
4 38 56 (149 -602 174.600998 ) (149 -602 192 ) (149 -282 192 ) (149 -282 174.600998 ) 
4 38 41 (149 -602 174.600998 ) (149 -120.971001 174.600998 ) (150 -120.971001 174.600998 ) (150 -602 174.600998 ) 
4 40 50 (149 -115.971001 174.600998 ) (149 -61 174.600998 ) (149 -61 69 ) (149 -115.971001 69 ) 
4 40 48 (149 -115.971001 69 ) (149 -61 69 ) (150 -61 69 ) (150 -115.971001 69 ) 
4 41 153 (149.430786 -602 69 ) (149.729004 -602 69 ) (149.729004 -602 109 ) (149.429092 -602 109 ) 
4 41 152 (149.729004 -602 69 ) (150 -602 69 ) (150 -602 109 ) (149.729004 -602 109 ) 
4 41 148 (149.729004 -602 109 ) (150 -602 109 ) (150 -602 112 ) (149.729004 -602 112 ) 
4 41 74 (149 -602 174.600998 ) (149 -602 112 ) (150 -602 112 ) (150 -602 174.600998 ) 
4 41 56 (149 -602 69 ) (149 -602 174.600998 ) (149 -282 174.600998 ) (149 -282 69 ) 
4 41 49 (149 -601 69 ) (149 -283 69 ) (150 -283 69 ) (150 -601 69 ) 
4 42 43 (199 -1 64 ) (273 -1 64 ) (273 -1 69 ) (199 -1 69 ) 
4 43 156 (184 -602 69 ) (170.535004 -602 69 ) (170.535004 -602 64 ) (184 -602 64 ) 
4 43 147 (185 -602 69 ) (184 -602 69 ) (184 -602 64 ) (185 -602 64 ) 
4 43 146 (271 -602 69 ) (185 -602 69 ) (185 -602 64 ) (271 -602 64 ) 
4 43 144 (272 -602 69 ) (271 -602 69 ) (271 -602 64 ) (272 -602 64 ) 
4 43 123 (283 -602 69 ) (272 -602 69 ) (272 -602 64 ) (283 -602 64 ) 
4 43 44 (170.535004 -1 69 ) (170.535004 -1 64 ) (170.535004 -474.461029 64 ) (170.535004 -474.461029 69 ) 
4 43 46 (170.535004 -490.539001 64 ) (170.535004 -602 64 ) (170.535004 -602 69 ) (170.535004 -490.539001 69 ) 
4 44 45 (155 -1 69 ) (155 -1 64 ) (155 -474.461029 64 ) (155 -474.461029 69 ) 
4 45 47 (154.460999 -1 69 ) (154.460999 -1 64 ) (154.460999 -474.461029 64 ) (154.460999 -474.461029 69 ) 
4 46 156 (170.535004 -602 69 ) (154.460999 -602 69 ) (154.460999 -602 64 ) (170.535004 -602 64 ) 
4 46 47 (154.460999 -490.539001 64 ) (154.460999 -602 64 ) (154.460999 -602 69 ) (154.460999 -490.539001 69 ) 
4 47 156 (154.460999 -602 69 ) (150 -602 69 ) (150 -602 64 ) (154.460999 -602 64 ) 
4 47 48 (150 -61 64 ) (150 -116 64 ) (150 -116 69 ) (150 -61 69 ) 
4 47 49 (150 -283 64 ) (150 -601 64 ) (150 -601 69 ) (150 -283 69 ) 
4 48 50 (149 -116 69 ) (149 -61 69 ) (149 -61 64 ) (149 -116 64 ) 
4 49 57 (149 -601 69 ) (149 -283 69 ) (149 -283 64 ) (149 -601 64 ) 
4 50 52 (142 -115 173.076019 ) (142 -115 174.584015 ) (142 -62 174.584015 ) (142 -62 173.076019 ) 
4 50 51 (142 -61 64 ) (142 -62 64 ) (142 -62 174.584015 ) (142 -61 174.584015 ) 
4 50 53 (142 -115 64 ) (142 -116 64 ) (142 -116 174.584015 ) (142 -115 174.584015 ) 
4 51 54 (141 -61 174.584015 ) (141 -61 64 ) (141 -62 64 ) (141 -62 174.584015 ) 
4 51 52 (142 -62 173.076019 ) (142 -62 174.584015 ) (141 -62 174.584015 ) (141 -62 173.076019 ) 
4 52 55 (141 -115 173.076019 ) (141 -115 174.584015 ) (141 -62 174.584015 ) (141 -62 173.076019 ) 
4 52 53 (142 -115 173.076019 ) (142 -115 174.584015 ) (141 -115 174.584015 ) (141 -115 173.076019 ) 
4 53 55 (141 -116 69 ) (141 -116 174.584015 ) (141 -115 174.584015 ) (141 -115 69 ) 
4 54 55 (141 -62 69 ) (141 -62 174.584015 ) (140 -62 174.584015 ) (140 -62 69 ) 
4 56 57 (63 -283 69 ) (149 -283 69 ) (149 -601 69 ) (63 -601 69 ) 
4 58 75 (284 -704 177 ) (284 -704 192 ) (283.270996 -704 192 ) (283.270996 -704 177 ) 
4 58 70 (283.270996 -704 177 ) (283.270996 -704 192 ) (283.270996 -602 192 ) (283.270996 -602 177 ) 
4 58 62 (284 -704 177 ) (283.270996 -704 177 ) (283.270996 -697 177 ) (284 -697 177 ) 
4 58 60 (283.270996 -694 177 ) (283.270996 -639 177 ) (283.570892 -639 177 ) (283.569000 -694 177 ) 
4 58 59 (283.270996 -636 177 ) (283.270996 -602 177 ) (284 -602 177 ) (284 -636 177 ) 
4 59 70 (283.270996 -636 177 ) (283.270996 -602 177 ) (283.270996 -602 174 ) (283.270996 -636 174 ) 
4 59 63 (283.270996 -636 174 ) (283.270996 -602 174 ) (284 -602 174 ) (284 -636 174 ) 
4 60 70 (283.270996 -694 177 ) (283.270996 -639 177 ) (283.270996 -639 176.689026 ) (283.270996 -694 176.690994 ) 
4 61 70 (283.270996 -639 174.348999 ) (283.270996 -639 174 ) (283.270996 -694 174 ) (283.270996 -694 174.348999 ) 
4 61 66 (283.270996 -694 174 ) (283.270996 -639 174 ) (283.696014 -639 174 ) (283.696014 -694 174 ) 
4 62 75 (284 -704 174 ) (284 -704 177 ) (283.270996 -704 177 ) (283.270996 -704 174 ) 
4 62 70 (283.270996 -704 174 ) (283.270996 -704 177 ) (283.270996 -697 177 ) (283.270996 -697 174 ) 
4 62 69 (284 -704 174 ) (283.270996 -704 174 ) (283.270996 -697 174 ) (284 -697 174 ) 
4 63 101 (283.571991 -636 112 ) (283.270996 -636 112 ) (283.270996 -605 112 ) (283.571991 -605 112 ) 
4 63 70 (283.270996 -602 112 ) (283.270996 -636 112 ) (283.270996 -636 174 ) (283.270996 -602 174 ) 
4 63 65 (283.695984 -636 174 ) (283.270996 -636 174 ) (283.270996 -636 112 ) (283.695984 -636 112 ) 
3 64 101 (283.570953 -639 112 ) (283.270996 -639 112 ) (283.270996 -638.688965 112 ) 
4 64 70 (283.270996 -638.688965 112 ) (283.270996 -639 112 ) (283.270996 -639 174 ) (283.270996 -638.686340 174 ) 
4 64 66 (283.573486 -639 174 ) (283.270996 -639 174 ) (283.270996 -639 112 ) (283.570953 -639 112 ) 
3 65 101 (283.270996 -636.348999 112 ) (283.270996 -636 112 ) (283.695984 -636 112 ) 
4 65 70 (283.270996 -636 112 ) (283.270996 -636.348999 112 ) (283.270996 -636.348999 174 ) (283.270996 -636 174 ) 
4 66 103 (284 -639 112 ) (284 -694 112 ) (283.270996 -694 112 ) (283.270996 -639 112 ) 
4 66 70 (283.270996 -639 112 ) (283.270996 -694 112 ) (283.270996 -694 174 ) (283.270996 -639 174 ) 
4 66 68 (283.695984 -694 174 ) (283.270996 -694 174 ) (283.270996 -694 112 ) (283.695984 -694 112 ) 
3 67 105 (283.570953 -697 112 ) (283.270996 -697 112 ) (283.270996 -696.688965 112 ) 
4 67 70 (283.270996 -696.688965 112 ) (283.270996 -697 112 ) (283.270996 -697 174 ) (283.270996 -696.686340 174 ) 
4 67 69 (283.573486 -697 174 ) (283.270996 -697 174 ) (283.270996 -697 112 ) (283.570953 -697 112 ) 
3 68 105 (283.270996 -694.348999 112 ) (283.270996 -694 112 ) (283.695984 -694 112 ) 
4 68 70 (283.270996 -694 112 ) (283.270996 -694.348999 112 ) (283.270996 -694.348999 174 ) (283.270996 -694 174 ) 
4 69 105 (283.570007 -704 112 ) (283.270996 -704 112 ) (283.270996 -697 112 ) (283.570007 -697 112 ) 
4 69 78 (283.270996 -704 112 ) (284 -704 112 ) (284 -704 174 ) (283.270996 -704 174 ) 
4 69 70 (283.270996 -697 112 ) (283.270996 -704 112 ) (283.270996 -704 174 ) (283.270996 -697 174 ) 
4 70 114 (255 -602 112 ) (271.270996 -602 112 ) (271.270996 -704 112 ) (255 -704 112 ) 
4 70 111 (271.270996 -602 112 ) (272 -602 112 ) (272 -704 112 ) (271.270996 -704 112 ) 
4 70 109 (272 -602 112 ) (283.270996 -602 112 ) (283.270996 -704 112 ) (272 -704 112 ) 
4 70 81 (255 -704 112 ) (283.270996 -704 112 ) (283.270996 -704 174 ) (255 -704 174 ) 
4 70 77 (283.270996 -704 174 ) (283.270996 -704 192 ) (255 -704 192 ) (255 -704 174 ) 
4 70 72 (255 -673 112 ) (255 -703 112 ) (255 -703 191.664001 ) (255 -673 191.664001 ) 
4 70 71 (255 -602 112 ) (255 -673 112 ) (255 -673 192 ) (255 -602 192 ) 
4 70 73 (255 -703 112 ) (255 -704 112 ) (255 -704 192 ) (255 -703 192 ) 
4 71 114 (225 -602 112 ) (255 -602 112 ) (255 -673 112 ) (225 -673 112 ) 
4 71 74 (225 -602 112 ) (225 -673 112 ) (225 -673 192 ) (225 -602 192 ) 
4 71 72 (225 -673 191.664001 ) (225 -673 112 ) (255 -673 112 ) (255 -673 191.664001 ) 
4 72 114 (255 -673 112 ) (255 -703 112 ) (225 -703 112 ) (225 -673 112 ) 
4 72 74 (225 -673 112 ) (225 -703 112 ) (225 -703 191.664001 ) (225 -673 191.664001 ) 
4 72 73 (225 -703 191.664001 ) (225 -703 112 ) (255 -703 112 ) (255 -703 191.664001 ) 
4 73 114 (255 -703 112 ) (255 -704 112 ) (225 -704 112 ) (225 -703 112 ) 
4 73 81 (225 -704 112 ) (255 -704 112 ) (255 -704 174 ) (225 -704 174 ) 
4 73 77 (255 -704 174 ) (255 -704 192 ) (225 -704 192 ) (225 -704 174 ) 
4 73 74 (225 -703 112 ) (225 -704 112 ) (225 -704 192 ) (225 -703 192 ) 
4 74 150 (149.729004 -704 112 ) (149.429077 -704 112 ) (149.431000 -605 112 ) (149.729004 -605 112 ) 
4 74 149 (184 -605 112 ) (184 -704 112 ) (149.729004 -704 112 ) (149.729004 -605 112 ) 
4 74 148 (149.729004 -602 112 ) (184 -602 112 ) (184 -605 112 ) (149.729004 -605 112 ) 
4 74 115 (184 -602 112 ) (184.731995 -602 112 ) (184.731995 -704 112 ) (184 -704 112 ) 
4 74 114 (184.731995 -602 112 ) (225 -602 112 ) (225 -704 112 ) (184.731995 -704 112 ) 
4 74 100 (149 -704 112 ) (184 -704 112 ) (184 -704 192 ) (149 -704 192 ) 
4 74 81 (184 -704 112 ) (225 -704 112 ) (225 -704 174 ) (184 -704 174 ) 
4 74 77 (225 -704 174 ) (225 -704 192 ) (184 -704 192 ) (184 -704 174 ) 
4 75 78 (283.270996 -791 174 ) (283.270996 -704 174 ) (284 -704 174 ) (284 -791 174 ) 
4 75 76 (283.270996 -791 192 ) (283.270996 -791 177 ) (284 -791 177 ) (284 -791 192 ) 
4 75 77 (283.270996 -704 192 ) (283.270996 -704 174 ) (283.270996 -791 174 ) (283.270996 -791 192 ) 
4 76 82 (284 -794 177 ) (284 -794 192 ) (283.270996 -794 192 ) (283.270996 -794 177 ) 
4 76 77 (283.270996 -794 177 ) (283.270996 -794 192 ) (283.270996 -791 192 ) (283.270996 -791 177 ) 
4 77 100 (184 -704 192 ) (184 -704 174 ) (184 -794 174 ) (184 -794 192 ) 
4 77 87 (193 -794 174 ) (223 -794 174 ) (223 -794 192 ) (193 -794 192 ) 
4 77 86 (223 -794 174 ) (283.270996 -794 174 ) (283.270996 -794 192 ) (223 -794 192 ) 
4 77 90 (184 -794 192 ) (184 -794 174 ) (193 -794 174 ) (193 -794 192 ) 
4 77 81 (283.270996 -794 174 ) (184 -794 174 ) (184 -704 174 ) (283.270996 -704 174 ) 
4 78 105 (283.570007 -791 112 ) (283.270996 -791 112 ) (283.270996 -704 112 ) (283.570007 -704 112 ) 
4 78 80 (283.270996 -791 174 ) (283.270996 -791 112 ) (283.695984 -791 112 ) (283.695984 -791 174 ) 
4 78 81 (283.270996 -791 174 ) (283.270996 -704 174 ) (283.270996 -704 112 ) (283.270996 -791 112 ) 
4 79 85 (283.270996 -794 112 ) (283.569031 -794 112 ) (283.570892 -794 174 ) (283.270996 -794 174 ) 
4 79 81 (283.270996 -794 112 ) (283.270996 -794 174 ) (283.270996 -793.689026 174 ) (283.270996 -793.690918 112 ) 
4 80 81 (283.270996 -791.348999 174 ) (283.270996 -791 174 ) (283.270996 -791 112 ) (283.270996 -791.348999 112 ) 
4 81 115 (184.731995 -794 112 ) (184 -794 112 ) (184 -704 112 ) (184.731995 -704 112 ) 
4 81 114 (271.270996 -794 112 ) (184.731995 -794 112 ) (184.731995 -704 112 ) (271.270996 -704 112 ) 
4 81 111 (272 -794 112 ) (271.270996 -794 112 ) (271.270996 -704 112 ) (272 -704 112 ) 
4 81 109 (283.270996 -794 112 ) (272 -794 112 ) (272 -704 112 ) (283.270996 -704 112 ) 
4 81 100 (184 -704 174 ) (184 -704 112 ) (184 -794 112 ) (184 -794 174 ) 
4 81 87 (193 -794 112 ) (223 -794 112 ) (223 -794 174 ) (193 -794 174 ) 
4 81 86 (223 -794 112 ) (283.270996 -794 112 ) (283.270996 -794 174 ) (223 -794 174 ) 
4 81 90 (184 -794 174 ) (184 -794 112 ) (193 -794 112 ) (193 -794 174 ) 
4 82 91 (284 -849 177 ) (284 -849 192 ) (283.270996 -849 192 ) (283.270996 -849 177 ) 
4 82 86 (283.270996 -794 192 ) (283.270996 -794 177 ) (283.270996 -849 177 ) (283.270996 -849 192 ) 
4 82 83 (283.563660 -849 177 ) (283.270996 -849 177 ) (283.270996 -794 177 ) (283.565552 -794 177 ) 
4 83 86 (283.270996 -794 177 ) (283.270996 -794 176.694550 ) (283.270996 -849 176.696533 ) (283.270996 -849 177 ) 
4 84 86 (283.270996 -794 174.348999 ) (283.270996 -794 174 ) (283.270996 -849 174 ) (283.270996 -849 174.348999 ) 
4 84 85 (283.696014 -849 174 ) (283.270996 -849 174 ) (283.270996 -794 174 ) (283.696014 -794 174 ) 
4 85 106 (284 -794 112 ) (284 -849 112 ) (283.270996 -849 112 ) (283.270996 -794 112 ) 
4 85 94 (283.270996 -849 112 ) (283.695984 -849 112 ) (283.695984 -849 174 ) (283.270996 -849 174 ) 
4 85 86 (283.270996 -794 174 ) (283.270996 -794 112 ) (283.270996 -849 112 ) (283.270996 -849 174 ) 
4 86 114 (271.270996 -849 112 ) (223 -849 112 ) (223 -794 112 ) (271.270996 -794 112 ) 
4 86 111 (272 -849 112 ) (271.270996 -849 112 ) (271.270996 -794 112 ) (272 -794 112 ) 
4 86 109 (283.270996 -849 112 ) (272 -849 112 ) (272 -794 112 ) (283.270996 -794 112 ) 
4 86 95 (223 -849 112 ) (283.270996 -849 112 ) (283.270996 -849 174 ) (223 -849 174 ) 
4 86 92 (283.270996 -849 174 ) (283.270996 -849 192 ) (223 -849 192 ) (223 -849 174 ) 
4 86 88 (223 -801 112 ) (223 -831 112 ) (223 -831 191.664001 ) (223 -801 191.664001 ) 
4 86 87 (223 -794 192 ) (223 -794 112 ) (223 -801 112 ) (223 -801 192 ) 
4 86 89 (223 -831 112 ) (223 -849 112 ) (223 -849 192 ) (223 -831 192 ) 
4 87 114 (193 -801 112 ) (193 -794 112 ) (223 -794 112 ) (223 -801 112 ) 
4 87 88 (193 -801 191.664001 ) (193 -801 112 ) (223 -801 112 ) (223 -801 191.664001 ) 
4 87 90 (193 -794 192 ) (193 -794 112 ) (193 -801 112 ) (193 -801 192 ) 
4 88 114 (193 -831 112 ) (193 -801 112 ) (223 -801 112 ) (223 -831 112 ) 
4 88 90 (193 -801 112 ) (193 -831 112 ) (193 -831 191.664001 ) (193 -801 191.664001 ) 
4 88 89 (193 -831 191.664001 ) (193 -831 112 ) (223 -831 112 ) (223 -831 191.664001 ) 
4 89 114 (223 -849 112 ) (193 -849 112 ) (193 -831 112 ) (223 -831 112 ) 
4 89 95 (193 -849 112 ) (223 -849 112 ) (223 -849 174 ) (193 -849 174 ) 
4 89 92 (223 -849 174 ) (223 -849 192 ) (193 -849 192 ) (193 -849 174 ) 
4 89 90 (193 -831 112 ) (193 -849 112 ) (193 -849 192 ) (193 -831 192 ) 
4 90 115 (184.731995 -849 112 ) (184 -849 112 ) (184 -794 112 ) (184.731995 -794 112 ) 
4 90 114 (193 -849 112 ) (184.731995 -849 112 ) (184.731995 -794 112 ) (193 -794 112 ) 
4 90 100 (184 -794 112 ) (184 -849 112 ) (184 -849 192 ) (184 -794 192 ) 
4 90 95 (184 -849 174 ) (184 -849 112 ) (193 -849 112 ) (193 -849 174 ) 
4 90 92 (184 -849 192 ) (184 -849 174 ) (193 -849 174 ) (193 -849 192 ) 
4 91 96 (284 -852 177 ) (284 -852 192 ) (283.270996 -852 192 ) (283.270996 -852 177 ) 
4 91 92 (283.270996 -849 192 ) (283.270996 -849 177 ) (283.270996 -852 177 ) (283.270996 -852 192 ) 
4 92 100 (184 -852 174 ) (184 -852 192 ) (184 -849 192 ) (184 -849 174 ) 
4 92 97 (184 -852 192 ) (184 -852 174 ) (272 -852 174 ) (272 -852 192 ) 
4 92 96 (272 -852 174 ) (283.270996 -852 174 ) (283.270996 -852 192 ) (272 -852 192 ) 
4 92 95 (283.270996 -852 174 ) (184 -852 174 ) (184 -849 174 ) (283.270996 -849 174 ) 
4 93 96 (283.270996 -852 112 ) (283.569031 -852 112 ) (283.570892 -852 174 ) (283.270996 -852 174 ) 
4 93 95 (283.270996 -852 112 ) (283.270996 -852 174 ) (283.270996 -851.689026 174 ) (283.270996 -851.690918 112 ) 
4 94 95 (283.270996 -849.348999 174 ) (283.270996 -849 174 ) (283.270996 -849 112 ) (283.270996 -849.348999 112 ) 
4 95 115 (184.731995 -852 112 ) (184 -852 112 ) (184 -849 112 ) (184.731995 -849 112 ) 
4 95 114 (271.270996 -852 112 ) (184.731995 -852 112 ) (184.731995 -849 112 ) (271.270996 -849 112 ) 
4 95 111 (272 -852 112 ) (271.270996 -852 112 ) (271.270996 -849 112 ) (272 -849 112 ) 
4 95 109 (283.270996 -852 112 ) (272 -852 112 ) (272 -849 112 ) (283.270996 -849 112 ) 
4 95 100 (184 -849 112 ) (184 -852 112 ) (184 -852 174 ) (184 -849 174 ) 
4 95 97 (184 -852 174 ) (184 -852 112 ) (272 -852 112 ) (272 -852 174 ) 
4 95 96 (272 -852 112 ) (283.270996 -852 112 ) (283.270996 -852 174 ) (272 -852 174 ) 
4 96 109 (272 -959.270996 112 ) (272 -852 112 ) (283.270996 -852 112 ) (283.270996 -959.270996 112 ) 
4 96 108 (283.567993 -960 112 ) (283.270996 -960 112 ) (283.270996 -852 112 ) (283.568939 -852 112 ) 
4 96 97 (272 -852 192 ) (272 -852 112 ) (272 -960 112 ) (272 -960 192 ) 
4 97 117 (184.427002 -920.739014 112 ) (184.731995 -920.739014 112 ) (184.731995 -960 112 ) (184.426727 -960 112 ) 
4 97 116 (184.731995 -920.739014 112 ) (271.270996 -920.739014 112 ) (271.270996 -960 112 ) (184.731995 -960 112 ) 
4 97 115 (184 -920 112 ) (184 -852 112 ) (184.731995 -852 112 ) (184.731995 -920 112 ) 
4 97 114 (184.731995 -852 112 ) (271.270996 -852 112 ) (271.270996 -920.739014 112 ) (184.731995 -920.739014 112 ) 
4 97 111 (271.270996 -852 112 ) (272 -852 112 ) (272 -959.270996 112 ) (271.270996 -959.270996 112 ) 
4 97 100 (184 -852 112 ) (184 -920.702026 112 ) (184 -920.702026 192 ) (184 -852 192 ) 
4 97 98 (184 -960 160 ) (184 -960 112 ) (272 -960 112 ) (272 -960 160 ) 
4 98 117 (184.731995 -976 112 ) (184.426620 -976 112 ) (184.426727 -960 112 ) (184.731995 -960 112 ) 
4 98 116 (271.270996 -976 112 ) (184.731995 -976 112 ) (184.731995 -960 112 ) (271.270996 -960 112 ) 
4 98 99 (184 -976 160 ) (184 -976 112 ) (272 -976 112 ) (272 -976 160 ) 
4 99 170 (284 -1024 112 ) (284 -1024 160 ) (184 -1024 160 ) (184 -1024 112 ) 
4 99 117 (184.731995 -1024 112 ) (184.426300 -1024 112 ) (184.426620 -976 112 ) (184.731995 -976 112 ) 
4 99 116 (271.270996 -1024 112 ) (184.731995 -1024 112 ) (184.731995 -976 112 ) (271.270996 -976 112 ) 
4 99 113 (272 -1024 112 ) (271.270996 -1024 112 ) (271.270996 -976.737000 112 ) (272 -976.737000 112 ) 
4 99 110 (284 -976.726990 112 ) (284 -1024 112 ) (272 -1024 112 ) (272 -976.726990 112 ) 
4 100 164 (98.429688 -920 112 ) (184 -920 112 ) (184 -920.299927 112 ) (98.429680 -920.297974 112 ) 
4 100 162 (98.430992 -704.729004 112 ) (98.728500 -704.729004 112 ) (98.728500 -920 112 ) (98.429680 -920 112 ) 
4 100 161 (98.728500 -704.729004 112 ) (184 -704.729004 112 ) (184 -920 112 ) (98.728500 -920 112 ) 
4 100 158 (98 -704.729004 112 ) (98 -704.429138 112 ) (149 -704.431030 112 ) (149 -704.729004 112 ) 
4 100 157 (149 -704 112 ) (184 -704 112 ) (184 -704.729004 112 ) (149 -704.729004 112 ) 
4 101 109 (283.270996 -639 111.687965 ) (283.270996 -639 112 ) (283.270996 -605 112 ) (283.270996 -605 111.687965 ) 
3 101 103 (283.270996 -639 112 ) (283.270996 -639 111.687965 ) (283.571991 -639 112 ) 
4 102 121 (283.696014 -636 109 ) (283.270996 -636 109 ) (283.270996 -605 109 ) (283.696014 -605 109 ) 
4 102 109 (283.270996 -605 109 ) (283.270996 -636 109 ) (283.270996 -636 109.348000 ) (283.270996 -605 109.347992 ) 
4 103 126 (284 -639 109 ) (284 -694 109 ) (283.270996 -694 109 ) (283.270996 -639 109 ) 
4 103 109 (283.270996 -639 109 ) (283.270996 -694 109 ) (283.270996 -694 112 ) (283.270996 -639 112 ) 
3 103 105 (283.270996 -694 112 ) (283.270996 -694 111.689995 ) (283.570007 -694 112 ) 
3 103 104 (283.270996 -694 109.345009 ) (283.270996 -694 109 ) (283.691040 -694 109 ) 
4 104 130 (283.691040 -791 109 ) (283.270996 -791 109 ) (283.270996 -697 109 ) (283.691040 -697 109 ) 
4 104 128 (283.270996 -694.348999 109 ) (283.270996 -694 109 ) (283.691040 -694 109 ) (283.691040 -694.004028 109 ) 
3 104 127 (283.270996 -697 109 ) (283.270996 -696.689087 109 ) (283.570801 -697 109 ) 
4 104 109 (283.270996 -694 109 ) (283.270996 -791 109 ) (283.270996 -791 109.345009 ) (283.270996 -694 109.345009 ) 
4 105 109 (283.270996 -791 111.689995 ) (283.270996 -791 112 ) (283.270996 -694 112 ) (283.270996 -694 111.689995 ) 
4 106 134 (284 -794 109 ) (284 -849 109 ) (283.270996 -849 109 ) (283.270996 -794 109 ) 
4 106 109 (283.270996 -794 109 ) (283.270996 -849 109 ) (283.270996 -849 112 ) (283.270996 -794 112 ) 
4 107 138 (283.690002 -960 109 ) (283.270996 -960 109 ) (283.270996 -852 109 ) (283.690002 -852 109 ) 
4 107 109 (283.270996 -852 109 ) (283.270996 -959.270996 109 ) (283.270996 -959.270996 109.345451 ) (283.270996 -852 109.345451 ) 
4 108 109 (283.270996 -959.270996 112 ) (283.270996 -852 112 ) (283.270996 -852 111.690971 ) (283.270996 -959.270996 111.691948 ) 
4 109 140 (283 -959.270996 109 ) (272 -959.270996 109 ) (272 -959 109 ) (283 -959 109 ) 
4 109 139 (272 -959 109 ) (272 -852 109 ) (283 -852 109 ) (283 -959 109 ) 
4 109 138 (283.270996 -852 109 ) (283.270996 -959.270996 109 ) (283 -959.270996 109 ) (283 -852 109 ) 
4 109 137 (283.270996 -791 109 ) (283.270996 -852 109 ) (272 -852 109 ) (272 -791 109 ) 
4 109 130 (283.270996 -697 109 ) (283.270996 -791 109 ) (283 -791 109 ) (283 -697 109 ) 
4 109 131 (283 -791 109 ) (272 -791 109 ) (272 -697 109 ) (283 -697 109 ) 
4 109 129 (283.270996 -636 109 ) (283.270996 -697 109 ) (272 -697 109 ) (272 -636 109 ) 
4 109 122 (272 -602 109 ) (283.270996 -602 109 ) (283.270996 -636 109 ) (272 -636 109 ) 
4 109 111 (272 -602 109 ) (272 -959.270996 109 ) (272 -959.270996 112 ) (272 -602 112 ) 
4 110 173 (284 -1024 109 ) (284 -1024 112 ) (272 -1024 112 ) (272 -1024 109 ) 
4 110 141 (284 -976.726990 109 ) (284 -977 109 ) (272 -977 109 ) (272 -976.726990 109 ) 
4 110 142 (284 -977 109 ) (284 -1024 109 ) (272 -1024 109 ) (272 -977 109 ) 
4 110 113 (272 -976.726990 109 ) (272 -1024 109 ) (272 -1024 112 ) (272 -976.726990 112 ) 
4 111 143 (271.270996 -602 109 ) (272 -602 109 ) (272 -959.270996 109 ) (271.270996 -959.270996 109 ) 
4 111 116 (271.270996 -920.739014 109 ) (271.270996 -959.270996 109 ) (271.270996 -959.270996 112 ) (271.270996 -920.739014 112 ) 
4 111 114 (271.270996 -602 109 ) (271.270996 -920.739014 109 ) (271.270996 -920.739014 112 ) (271.270996 -602 112 ) 
4 112 143 (271.696014 -976 109 ) (271.270996 -976 109 ) (271.270996 -960 109 ) (271.696014 -960 109 ) 
4 112 116 (271.270996 -960 109 ) (271.270996 -976 109 ) (271.270996 -976 109.348991 ) (271.270996 -960 109.348991 ) 
4 113 173 (272 -1024 112 ) (271.270996 -1024 112 ) (271.270996 -1024 109 ) (272 -1024 109 ) 
4 113 143 (272 -976.737000 109 ) (272 -1024 109 ) (271.270996 -1024 109 ) (271.270996 -976.737000 109 ) 
4 113 116 (271.270996 -976.737000 109 ) (271.270996 -1024 109 ) (271.270996 -1024 112 ) (271.270996 -976.737000 112 ) 
4 114 143 (184.731995 -602 109 ) (271.270996 -602 109 ) (271.270996 -920.739014 109 ) (184.731995 -920.739014 109 ) 
4 114 116 (184.731995 -920.739014 109 ) (271.270996 -920.739014 109 ) (271.270996 -920.739014 112 ) (184.731995 -920.739014 112 ) 
4 114 115 (184.731995 -602 109 ) (184.731995 -920 109 ) (184.731995 -920 112 ) (184.731995 -602 112 ) 
4 115 161 (184 -920 112 ) (184 -704.729004 112 ) (184 -704.729004 109 ) (184 -920 109 ) 
4 115 157 (184 -704.729004 112 ) (184 -704 112 ) (184 -704 109 ) (184 -704.729004 109 ) 
4 115 149 (184 -704 112 ) (184 -605 112 ) (184 -605 109 ) (184 -704 109 ) 
4 115 148 (184 -605 112 ) (184 -602 112 ) (184 -602 109 ) (184 -605 109 ) 
4 115 143 (184 -920 109 ) (184 -602 109 ) (184.731995 -602 109 ) (184.731995 -920 109 ) 
4 116 173 (271.270996 -1024 112 ) (184.731995 -1024 112 ) (184.731995 -1024 109 ) (271.270996 -1024 109 ) 
4 116 143 (184.731995 -920.739014 109 ) (271.270996 -920.739014 109 ) (271.270996 -1024 109 ) (184.731995 -1024 109 ) 
4 116 118 (184.731995 -920.739014 109.354744 ) (184.731995 -920.739014 109 ) (184.731995 -1024 109 ) (184.731995 -1024 109.354744 ) 
4 116 117 (184.731995 -920.739014 112 ) (184.731995 -920.739014 111.682678 ) (184.731995 -1024 111.681953 ) (184.731995 -1024 112 ) 
3 117 176 (184.731995 -1024 112 ) (184.426300 -1024 112 ) (184.731995 -1024 111.681953 ) 
3 118 177 (184.300003 -1024 109 ) (184.731995 -1024 109 ) (184.731995 -1024 109.354744 ) 
4 118 143 (184.300003 -920.739014 109 ) (184.731995 -920.739014 109 ) (184.731995 -1024 109 ) (184.300003 -1024 109 ) 
4 119 121 (283.270996 -605 109 ) (283.270996 -605 69 ) (283.569183 -605 69 ) (283.570831 -605 109 ) 
4 119 122 (283.270996 -604.690796 69 ) (283.270996 -605 69 ) (283.270996 -605 109 ) (283.270996 -604.689087 109 ) 
4 120 122 (283.270996 -602 69 ) (283.270996 -602.349060 69 ) (283.270996 -602.349060 109 ) (283.270996 -602 109 ) 
4 121 125 (283.270996 -636 69 ) (283.695984 -636 69 ) (283.695984 -636 109 ) (283.270996 -636 109 ) 
4 121 122 (283.270996 -605 69 ) (283.270996 -636 69 ) (283.270996 -636 109 ) (283.270996 -605 109 ) 
4 122 143 (272 -636 69 ) (272 -636 109 ) (272 -602 109 ) (272 -602 69 ) 
4 122 129 (272 -636 109 ) (272 -636 69 ) (283.270996 -636 69 ) (283.270996 -636 109 ) 
4 122 123 (283 -636 69 ) (272 -636 69 ) (272 -602 69 ) (283 -602 69 ) 
4 123 144 (272 -602 64 ) (272 -636 64 ) (272 -636 69 ) (272 -602 69 ) 
4 123 129 (272 -636 69 ) (272 -636 64 ) (283 -636 64 ) (283 -636 69 ) 
4 124 126 (283.270996 -639 109 ) (283.270996 -639 64 ) (283.569000 -639 64 ) (283.570831 -639 109 ) 
4 124 129 (283.270996 -638.690979 64 ) (283.270996 -639 64 ) (283.270996 -639 109 ) (283.270996 -638.689087 109 ) 
4 125 129 (283.270996 -636 109 ) (283.270996 -636 64 ) (283.270996 -636.348999 64 ) (283.270996 -636.348999 109 ) 
4 126 128 (283.270996 -694 109 ) (283.270996 -694 64 ) (283.695984 -694 64 ) (283.695984 -694 109 ) 
4 126 129 (283.270996 -639 64 ) (283.270996 -694 64 ) (283.270996 -694 109 ) (283.270996 -639 109 ) 
4 127 130 (283.569214 -697 69 ) (283.570831 -697 109 ) (283.270996 -697 109 ) (283.270996 -697 69 ) 
4 127 129 (283.270996 -696.690979 64 ) (283.270996 -697 64 ) (283.270996 -697 109 ) (283.270996 -696.689087 109 ) 
4 128 129 (283.270996 -694 64 ) (283.270996 -694.348999 64 ) (283.270996 -694.348999 109 ) (283.270996 -694 109 ) 
4 129 144 (272 -636 64 ) (272 -697 64 ) (272 -697 69 ) (272 -636 69 ) 
4 129 143 (272 -697 69 ) (272 -697 109 ) (272 -636 109 ) (272 -636 69 ) 
4 129 130 (283.270996 -697 69 ) (283.270996 -697 109 ) (283 -697 109 ) (283 -697 69 ) 
4 129 131 (272 -697 109 ) (272 -697 64 ) (283 -697 64 ) (283 -697 109 ) 
4 130 133 (283.695984 -791 109 ) (283.270996 -791 109 ) (283.270996 -791 69 ) (283.695984 -791 69 ) 
4 130 137 (283.270996 -791 109 ) (283 -791 109 ) (283 -791 69 ) (283.270996 -791 69 ) 
4 130 131 (283 -697 109 ) (283 -697 69 ) (283 -791 69 ) (283 -791 109 ) 
4 131 144 (272 -697 64 ) (272 -791 64 ) (272 -791 69 ) (272 -697 69 ) 
4 131 143 (272 -791 69 ) (272 -791 109 ) (272 -697 109 ) (272 -697 69 ) 
4 131 137 (272 -791 109 ) (272 -791 64 ) (283 -791 64 ) (283 -791 109 ) 
4 132 134 (283.270996 -794 109 ) (283.270996 -794 64 ) (283.567596 -794 64 ) (283.568970 -794 109 ) 
4 132 137 (283.270996 -793.692444 64 ) (283.270996 -794 64 ) (283.270996 -794 109 ) (283.270996 -793.691040 109 ) 
4 133 137 (283.270996 -791 109 ) (283.270996 -791 64 ) (283.270996 -791.348999 64 ) (283.270996 -791.348999 109 ) 
4 134 136 (283.270996 -849 109 ) (283.270996 -849 64 ) (283.695984 -849 64 ) (283.695984 -849 109 ) 
4 134 137 (283.270996 -794 64 ) (283.270996 -849 64 ) (283.270996 -849 109 ) (283.270996 -794 109 ) 
4 135 138 (283.567749 -852 69 ) (283.568970 -852 109 ) (283.270996 -852 109 ) (283.270996 -852 69 ) 
4 135 137 (283.270996 -851.692444 64 ) (283.270996 -852 64 ) (283.270996 -852 109 ) (283.270996 -851.691040 109 ) 
4 136 137 (283.270996 -849 64 ) (283.270996 -849.348999 64 ) (283.270996 -849.348999 109 ) (283.270996 -849 109 ) 
4 137 144 (272 -791 64 ) (272 -852 64 ) (272 -852 69 ) (272 -791 69 ) 
4 137 143 (272 -852 69 ) (272 -852 109 ) (272 -791 109 ) (272 -791 69 ) 
4 137 139 (272 -852 109 ) (272 -852 64 ) (283 -852 64 ) (283 -852 109 ) 
4 137 138 (283.270996 -852 69 ) (283.270996 -852 109 ) (283 -852 109 ) (283 -852 69 ) 
4 138 140 (283 -959 69 ) (283 -960 69 ) (283 -960 109 ) (283 -959 109 ) 
4 138 139 (283 -852 109 ) (283 -852 69 ) (283 -959 69 ) (283 -959 109 ) 
4 139 144 (272 -852 64 ) (272 -959 64 ) (272 -959 69 ) (272 -852 69 ) 
4 139 143 (272 -959 69 ) (272 -959 109 ) (272 -852 109 ) (272 -852 69 ) 
4 139 140 (272 -959 109 ) (272 -959 69 ) (283 -959 69 ) (283 -959 109 ) 
4 140 143 (272 -960 69 ) (272 -960 109 ) (272 -959 109 ) (272 -959 69 ) 
4 141 143 (272 -977 69 ) (272 -977 109 ) (272 -976 109 ) (272 -976 69 ) 
4 141 142 (272 -977 109 ) (272 -977 69 ) (284 -977 69 ) (284 -977 109 ) 
4 142 179 (284 -1024 64 ) (284 -1024 69 ) (272 -1024 69 ) (272 -1024 64 ) 
4 142 178 (284 -1024 69 ) (284 -1024 109 ) (272 -1024 109 ) (272 -1024 69 ) 
4 142 145 (272 -977 64 ) (272 -1024 64 ) (272 -1024 69 ) (272 -977 69 ) 
4 142 143 (272 -1024 69 ) (272 -1024 109 ) (272 -977 109 ) (272 -977 69 ) 
4 143 178 (272 -1024 109 ) (184 -1024 109 ) (184 -1024 69 ) (272 -1024 69 ) 
4 143 166 (184 -920.702026 109 ) (184 -704.729004 109 ) (184 -704.729004 69 ) (184 -920.702026 69 ) 
4 143 157 (184 -704.729004 109 ) (184 -704 109 ) (184 -704 69 ) (184 -704.729004 69 ) 
4 143 152 (184 -704 109 ) (184 -602 109 ) (184 -602 69 ) (184 -704 69 ) 
4 143 147 (184 -920 69 ) (184 -602 69 ) (185 -602 69 ) (185 -920 69 ) 
4 143 146 (185 -602 69 ) (271 -602 69 ) (271 -1024 69 ) (185 -1024 69 ) 
4 143 144 (271 -602 69 ) (272 -602 69 ) (272 -959 69 ) (271 -959 69 ) 
4 143 145 (272 -977 69 ) (272 -1024 69 ) (271 -1024 69 ) (271 -977 69 ) 
4 144 146 (271 -602 64 ) (271 -959 64 ) (271 -959 69 ) (271 -602 69 ) 
4 145 179 (271 -1024 64 ) (272 -1024 64 ) (272 -1024 69 ) (271 -1024 69 ) 
4 145 146 (271 -977 64 ) (271 -1024 64 ) (271 -1024 69 ) (271 -977 69 ) 
4 146 179 (185 -1024 64 ) (271 -1024 64 ) (271 -1024 69 ) (185 -1024 69 ) 
4 146 147 (185 -602 64 ) (185 -920 64 ) (185 -920 69 ) (185 -602 69 ) 
4 147 167 (184 -920 69 ) (184 -704 69 ) (184 -704 64 ) (184 -920 64 ) 
4 147 156 (184 -704 69 ) (184 -602 69 ) (184 -602 64 ) (184 -704 64 ) 
4 148 152 (149.729004 -602 109 ) (184 -602 109 ) (184 -605 109 ) (149.729004 -605 109 ) 
4 148 149 (149.729004 -605 109 ) (184 -605 109 ) (184 -605 112 ) (149.729004 -605 112 ) 
4 149 157 (184 -704 109 ) (184 -704 112 ) (149.729004 -704 112 ) (149.729004 -704 109 ) 
4 149 152 (184 -704 109 ) (149.729004 -704 109 ) (149.729004 -605 109 ) (184 -605 109 ) 
4 149 151 (149.729004 -605 109.348999 ) (149.729004 -605 109 ) (149.729004 -704 109 ) (149.729004 -704 109.348999 ) 
4 149 150 (149.729004 -605 112 ) (149.729004 -605 111.691017 ) (149.729004 -704 111.688995 ) (149.729004 -704 112 ) 
3 150 157 (149.729004 -704 112 ) (149.429077 -704 112 ) (149.729004 -704 111.688995 ) 
3 151 157 (149.304001 -704 109 ) (149.729004 -704 109 ) (149.729004 -704 109.348999 ) 
4 151 155 (149.729004 -704 109 ) (149.304001 -704 109 ) (149.304001 -605 109 ) (149.729004 -605 109 ) 
4 152 157 (184 -704 69 ) (184 -704 109 ) (149.729004 -704 109 ) (149.729004 -704 69 ) 
4 152 156 (184 -704 69 ) (150 -704 69 ) (150 -602 69 ) (184 -602 69 ) 
4 152 154 (149.729004 -604.651001 69 ) (149.729004 -605 69 ) (149.729004 -605 109 ) (149.729004 -604.651001 109 ) 
4 152 153 (149.729004 -602 69 ) (149.729004 -602.309265 69 ) (149.729004 -602.310974 109 ) (149.729004 -602 109 ) 
4 152 155 (149.729004 -605 69 ) (149.729004 -704 69 ) (149.729004 -704 109 ) (149.729004 -605 109 ) 
4 154 155 (149.304001 -605 69 ) (149.729004 -605 69 ) (149.729004 -605 109 ) (149.304001 -605 109 ) 
4 155 157 (149.729004 -704 109 ) (149 -704 109 ) (149 -704 69 ) (149.729004 -704 69 ) 
4 156 167 (184 -704 64 ) (184 -704 69 ) (150 -704 69 ) (150 -704 64 ) 
4 157 167 (150 -704 69 ) (184 -704 69 ) (184 -704.729004 69 ) (150 -704.729004 69 ) 
4 157 166 (149 -704.729004 69 ) (184 -704.729004 69 ) (184 -704.729004 109 ) (149 -704.729004 109 ) 
4 157 161 (184 -704.729004 109 ) (184 -704.729004 112 ) (149 -704.729004 112 ) (149 -704.729004 109 ) 
3 157 159 (149 -704.304016 109 ) (149 -704.729004 109 ) (149 -704.729004 109.348999 ) 
3 157 158 (149 -704.729004 111.691010 ) (149 -704.729004 112 ) (149 -704.431030 112 ) 
4 157 160 (149 -704 109 ) (149 -704 69 ) (149 -704.729004 69 ) (149 -704.729004 109 ) 
3 158 162 (98.728500 -704.729004 111.691002 ) (98.728500 -704.729004 112 ) (98.430992 -704.729004 112 ) 
4 158 161 (98.728500 -704.729004 111.689018 ) (149 -704.729004 111.691010 ) (149 -704.729004 112 ) (98.728500 -704.729004 112 ) 
3 159 163 (98.303902 -704.729004 109 ) (98.728500 -704.729004 109 ) (98.728500 -704.729004 109.348999 ) 
4 159 161 (98.728500 -704.729004 109 ) (149 -704.729004 109 ) (149 -704.729004 109.348999 ) (98.728500 -704.729004 109.348999 ) 
4 159 160 (149 -704.304016 109 ) (149 -704.729004 109 ) (98 -704.729004 109 ) (98 -704.304016 109 ) 
4 160 166 (98 -704.729004 109 ) (98 -704.729004 69 ) (149 -704.729004 69 ) (149 -704.729004 109 ) 
4 161 166 (98.728500 -704.729004 109 ) (184 -704.729004 109 ) (184 -920 109 ) (98.728500 -920 109 ) 
4 161 165 (101.318069 -920 109 ) (184 -920 109 ) (184 -920 109.348999 ) (100.982056 -920 109.348999 ) 
4 161 164 (184 -920 111.689003 ) (184 -920 112 ) (98.728500 -920 112 ) (98.728500 -920 111.689629 ) 
4 161 163 (98.728500 -704.729004 109.348511 ) (98.728500 -704.729004 109 ) (98.728500 -920 109 ) (98.728500 -920 109.348343 ) 
4 161 162 (98.728500 -704.729004 112 ) (98.728500 -704.729004 111.690987 ) (98.728500 -920 111.689621 ) (98.728500 -920 112 ) 
3 162 164 (98.728500 -920 111.689621 ) (98.728500 -920 112 ) (98.429680 -920 112 ) 
4 163 166 (98.303902 -704.729004 109 ) (98.728500 -704.729004 109 ) (98.728500 -920 109 ) (98.304100 -920 109 ) 
4 165 166 (101.318047 -920 109 ) (184 -920 109 ) (184 -920.424988 109 ) (101.318047 -920.424988 109 ) 
4 166 168 (150 -705 69 ) (150 -920 69 ) (99 -920 69 ) (99 -705 69 ) 
4 166 167 (150 -704.729004 69 ) (184 -704.729004 69 ) (184 -920 69 ) (150 -920 69 ) 
4 167 168 (150 -705 64 ) (150 -920 64 ) (150 -920 69 ) (150 -705 69 ) 
4 169 180 (868.570984 -1052 120 ) (868.570984 -1052 307.076996 ) (539.427979 -1052 307.076996 ) (539.427979 -1052 120 ) 
4 170 176 (184.731995 -1052 112 ) (184.426086 -1052 112 ) (184.426300 -1024 112 ) (184.731995 -1024 112 ) 
4 170 174 (184.731995 -1051.569946 112 ) (184.731995 -1051.270020 112 ) (384 -1051.270020 112 ) (384 -1051.571899 112 ) 
4 170 173 (184.731995 -1051.270020 112 ) (184.731995 -1024 112 ) (384 -1024 112 ) (384 -1051.270020 112 ) 
4 170 172 (384 -1051.571899 112 ) (384 -1024 112 ) (384.297333 -1024 112 ) (384.296997 -1051.571899 112 ) 
4 171 178 (384.423035 -1048.660034 109 ) (384 -1048.660034 109 ) (384 -1024 109 ) (384.423431 -1024 109 ) 
4 171 173 (384 -1024 109 ) (384 -1048.660034 109 ) (384 -1048.996826 109.347031 ) (384 -1024 109.347351 ) 
4 172 174 (384 -1051.273926 111.692978 ) (384 -1051.571899 112 ) (384 -1051.270020 112 ) (384 -1051.270020 111.692978 ) 
4 172 173 (384 -1051.270020 112 ) (384 -1024 112 ) (384 -1024 111.692627 ) (384 -1051.270020 111.692978 ) 
4 173 178 (184.731995 -1051.270020 109 ) (184.731995 -1024 109 ) (384 -1024 109 ) (384 -1051.270020 109 ) 
4 173 177 (184.731995 -1024 109 ) (184.731995 -1051.270020 109 ) (184.731995 -1051.270020 109.354744 ) (184.731995 -1024 109.354744 ) 
4 173 176 (184.731995 -1051.270020 111.681755 ) (184.731995 -1051.270020 112 ) (184.731995 -1024 112 ) (184.731995 -1024 111.681953 ) 
4 173 175 (184.731995 -1051.270020 109.348976 ) (184.731995 -1051.270020 109 ) (384 -1051.270020 109 ) (384 -1051.270020 109.348969 ) 
4 173 174 (184.731995 -1051.270020 112 ) (184.731995 -1051.270020 111.691010 ) (384 -1051.270020 111.688995 ) (384 -1051.270020 112 ) 
3 174 176 (184.731995 -1051.569946 112 ) (184.731995 -1051.270020 112 ) (184.731995 -1051.270020 111.691010 ) 
4 175 178 (184.731995 -1051.699951 109 ) (184.731995 -1051.270020 109 ) (384 -1051.270020 109 ) (384 -1051.699951 109 ) 
3 175 177 (184.731995 -1051.270020 109 ) (184.731995 -1051.699951 109 ) (184.731995 -1051.270020 109.348976 ) 
4 177 178 (184.731995 -1052 109 ) (184.300003 -1052 109 ) (184.300003 -1024 109 ) (184.731995 -1024 109 ) 
4 178 179 (185 -1051 69 ) (185 -1024 69 ) (384 -1024 69 ) (384 -1051 69 ) 
