PRT1
94
208
4 0 5 (1264 1264 144 ) (1264 1264 766 ) (1264 1280 766 ) (1264 1280 144 ) 
4 0 6 (1264 1280 -190 ) (1264 1264 -190 ) (1264 1264 48 ) (1264 1280 48 ) 
4 0 4 (1264 1534 -190 ) (1264 1280 -190 ) (1264 1280 766 ) (1264 1534 766 ) 
4 0 2 (1264 1264 766 ) (1264 1264 144 ) (1280 1264 144 ) (1280 1264 766 ) 
4 0 3 (1264 1264 48 ) (1264 1264 -190 ) (1280 1264 -190 ) (1280 1264 48 ) 
4 0 1 (1280 1264 -190 ) (2046 1264 -190 ) (2046 1264 766 ) (1280 1264 766 ) 
4 1 9 (1280 1024 -190 ) (2046 1024 -190 ) (2046 1024 766 ) (1280 1024 766 ) 
4 1 2 (1280 1264 766 ) (1280 1264 144 ) (1280 1024 144 ) (1280 1024 766 ) 
4 1 3 (1280 1264 48 ) (1280 1264 -190 ) (1280 1024 -190 ) (1280 1024 48 ) 
4 2 10 (1280 1024 144 ) (1280 1024 766 ) (1264 1024 766 ) (1264 1024 144 ) 
4 2 7 (1264 1024 144 ) (1264 1024 766 ) (1264 1264 766 ) (1264 1264 144 ) 
4 3 11 (1264 1024 -190 ) (1280 1024 -190 ) (1280 1024 48 ) (1264 1024 48 ) 
4 3 8 (1264 1264 -190 ) (1264 1024 -190 ) (1264 1024 48 ) (1264 1264 48 ) 
4 4 28 (1024 1280 766 ) (1024 1534 766 ) (1024 1534 -190 ) (1024 1280 -190 ) 
4 4 5 (1264 1280 144 ) (1264 1280 766 ) (1024 1280 766 ) (1024 1280 144 ) 
4 4 6 (1024 1280 -190 ) (1264 1280 -190 ) (1264 1280 48 ) (1024 1280 48 ) 
4 5 29 (1024 1264 766 ) (1024 1280 766 ) (1024 1280 144 ) (1024 1264 144 ) 
4 5 7 (1264 1264 144 ) (1264 1264 766 ) (1024 1264 766 ) (1024 1264 144 ) 
4 6 30 (1024 1280 48 ) (1024 1280 -190 ) (1024 1264 -190 ) (1024 1264 48 ) 
4 6 8 (1024 1264 -190 ) (1264 1264 -190 ) (1264 1264 48 ) (1024 1264 48 ) 
4 7 31 (1024 1024 64 ) (1024 1024 766 ) (1024 1264 766 ) (1024 1264 64 ) 
4 7 12 (1024 1024 766 ) (1024 1024 64 ) (1264 1024 64 ) (1264 1024 766 ) 
4 8 32 (1024 1024 -190 ) (1024 1024 48 ) (1024 1264 48 ) (1024 1264 -190 ) 
4 8 13 (1024 1024 48 ) (1024 1024 -190 ) (1264 1024 -190 ) (1264 1024 48 ) 
4 9 14 (2046 0 766 ) (1280 0 766 ) (1280 0 -190 ) (2046 0 -190 ) 
4 9 10 (1280 0 144 ) (1280 0 766 ) (1280 1024 766 ) (1280 1024 144 ) 
4 9 11 (1280 1024 -190 ) (1280 0 -190 ) (1280 0 48 ) (1280 1024 48 ) 
4 10 15 (1280 0 766 ) (1264 0 766 ) (1264 0 144 ) (1280 0 144 ) 
4 10 12 (1264 0 144 ) (1264 0 766 ) (1264 1024 766 ) (1264 1024 144 ) 
4 11 16 (1264 0 48 ) (1264 0 -190 ) (1280 0 -190 ) (1280 0 48 ) 
4 11 13 (1264 1024 -190 ) (1264 0 -190 ) (1264 0 48 ) (1264 1024 48 ) 
4 12 38 (1024 0 64 ) (1024 0 766 ) (1024 1024 766 ) (1024 1024 64 ) 
4 12 17 (1264 0 766 ) (1024 0 766 ) (1024 0 64 ) (1264 0 64 ) 
4 13 39 (1024 0 -190 ) (1024 0 48 ) (1024 1024 48 ) (1024 1024 -190 ) 
4 13 18 (1024 0 48 ) (1024 0 -190 ) (1264 0 -190 ) (1264 0 48 ) 
4 14 19 (1280 -1024 -190 ) (2046 -1024 -190 ) (2046 -1024 766 ) (1280 -1024 766 ) 
4 14 15 (1280 -1024 144 ) (1280 -1024 766 ) (1280 0 766 ) (1280 0 144 ) 
4 14 16 (1280 0 -190 ) (1280 -1024 -190 ) (1280 -1024 48 ) (1280 0 48 ) 
4 15 20 (1280 -1024 144 ) (1280 -1024 766 ) (1264 -1024 766 ) (1264 -1024 144 ) 
4 15 17 (1264 -1024 144 ) (1264 -1024 766 ) (1264 0 766 ) (1264 0 144 ) 
4 16 21 (1264 -1024 -190 ) (1280 -1024 -190 ) (1280 -1024 48 ) (1264 -1024 48 ) 
4 16 18 (1264 0 -190 ) (1264 -1024 -190 ) (1264 -1024 48 ) (1264 0 48 ) 
4 17 66 (1024 -1024 64 ) (1024 -1024 766 ) (1024 0 766 ) (1024 0 64 ) 
4 17 23 (1024 -1024 766 ) (1024 -1024 64 ) (1264 -1024 64 ) (1264 -1024 766 ) 
4 18 67 (1024 -1024 -190 ) (1024 -1024 48 ) (1024 0 48 ) (1024 0 -190 ) 
4 18 24 (1024 -1024 48 ) (1024 -1024 -190 ) (1264 -1024 -190 ) (1264 -1024 48 ) 
4 19 22 (1280 -1264 -190 ) (2046 -1264 -190 ) (2046 -1264 766 ) (1280 -1264 766 ) 
4 19 20 (1280 -1264 144 ) (1280 -1264 766 ) (1280 -1024 766 ) (1280 -1024 144 ) 
4 19 21 (1280 -1024 -190 ) (1280 -1264 -190 ) (1280 -1264 48 ) (1280 -1024 48 ) 
4 20 23 (1264 -1264 144 ) (1264 -1264 766 ) (1264 -1024 766 ) (1264 -1024 144 ) 
4 20 22 (1264 -1264 766 ) (1264 -1264 144 ) (1280 -1264 144 ) (1280 -1264 766 ) 
4 21 24 (1264 -1024 -190 ) (1264 -1264 -190 ) (1264 -1264 48 ) (1264 -1024 48 ) 
4 21 22 (1264 -1264 48 ) (1264 -1264 -190 ) (1280 -1264 -190 ) (1280 -1264 48 ) 
4 22 27 (1264 -1280 -190 ) (1264 -1662 -190 ) (1264 -1662 766 ) (1264 -1280 766 ) 
4 22 25 (1264 -1280 144 ) (1264 -1280 766 ) (1264 -1264 766 ) (1264 -1264 144 ) 
4 22 26 (1264 -1264 -190 ) (1264 -1280 -190 ) (1264 -1280 48 ) (1264 -1264 48 ) 
4 23 70 (1024 -1264 766 ) (1024 -1024 766 ) (1024 -1024 64 ) (1024 -1264 64 ) 
4 23 25 (1264 -1264 144 ) (1264 -1264 766 ) (1024 -1264 766 ) (1024 -1264 144 ) 
4 24 71 (1024 -1024 48 ) (1024 -1024 -190 ) (1024 -1264 -190 ) (1024 -1264 48 ) 
4 24 26 (1024 -1264 -190 ) (1264 -1264 -190 ) (1264 -1264 48 ) (1024 -1264 48 ) 
4 25 72 (1024 -1280 766 ) (1024 -1264 766 ) (1024 -1264 144 ) (1024 -1280 144 ) 
4 25 27 (1264 -1280 144 ) (1264 -1280 766 ) (1024 -1280 766 ) (1024 -1280 144 ) 
4 26 73 (1024 -1264 48 ) (1024 -1264 -190 ) (1024 -1280 -190 ) (1024 -1280 48 ) 
4 26 27 (1024 -1280 -190 ) (1264 -1280 -190 ) (1264 -1280 48 ) (1024 -1280 48 ) 
4 27 74 (1024 -1662 766 ) (1024 -1280 766 ) (1024 -1280 -190 ) (1024 -1662 -190 ) 
4 28 33 (0 1534 -190 ) (0 1280 -190 ) (0 1280 766 ) (0 1534 766 ) 
4 28 29 (1024 1280 144 ) (1024 1280 766 ) (0 1280 766 ) (0 1280 144 ) 
4 28 30 (0 1280 -190 ) (1024 1280 -190 ) (1024 1280 48 ) (0 1280 48 ) 
4 29 34 (0 1264 144 ) (0 1264 766 ) (0 1280 766 ) (0 1280 144 ) 
4 29 31 (1024 1264 144 ) (1024 1264 766 ) (0 1264 766 ) (0 1264 144 ) 
4 30 35 (0 1280 -190 ) (0 1264 -190 ) (0 1264 48 ) (0 1280 48 ) 
4 30 32 (0 1264 -190 ) (1024 1264 -190 ) (1024 1264 48 ) (0 1264 48 ) 
4 31 38 (1024 1024 64 ) (1024 1024 766 ) (0 1024 766 ) (0 1024 64 ) 
4 31 36 (0 1024 64 ) (0 1024 766 ) (0 1264 766 ) (0 1264 64 ) 
4 32 39 (1024 1024 -190 ) (1024 1024 48 ) (0 1024 48 ) (0 1024 -190 ) 
4 32 37 (0 1264 -190 ) (0 1024 -190 ) (0 1024 48 ) (0 1264 48 ) 
4 33 52 (-1024 1280 766 ) (-1024 1534 766 ) (-1024 1534 -190 ) (-1024 1280 -190 ) 
4 33 34 (0 1280 144 ) (0 1280 766 ) (-1024 1280 766 ) (-1024 1280 144 ) 
4 33 35 (-1024 1280 -190 ) (0 1280 -190 ) (0 1280 48 ) (-1024 1280 48 ) 
4 34 53 (-1024 1264 766 ) (-1024 1280 766 ) (-1024 1280 144 ) (-1024 1264 144 ) 
4 34 36 (0 1264 144 ) (0 1264 766 ) (-1024 1264 766 ) (-1024 1264 144 ) 
4 35 54 (-1024 1280 48 ) (-1024 1280 -190 ) (-1024 1264 -190 ) (-1024 1264 48 ) 
4 35 37 (-1024 1264 -190 ) (0 1264 -190 ) (0 1264 48 ) (-1024 1264 48 ) 
4 36 55 (-1024 1024 64 ) (-1024 1024 766 ) (-1024 1264 766 ) (-1024 1264 64 ) 
4 36 41 (-614.456970 1024 64 ) (-586.114014 1024 64 ) (-586.114014 1024 766 ) (-614.456970 1024 766 ) 
4 36 40 (-586.114014 1024 64 ) (0 1024 64 ) (0 1024 766 ) (-586.114014 1024 766 ) 
4 36 50 (-1024 1024 766 ) (-1024 1024 64 ) (-614.456970 1024 64 ) (-614.456970 1024 766 ) 
4 37 56 (-1024 1024 -190 ) (-1024 1024 48 ) (-1024 1264 48 ) (-1024 1264 -190 ) 
4 37 51 (-1024 1024 48 ) (-1024 1024 -190 ) (0 1024 -190 ) (0 1024 48 ) 
4 38 66 (1024 0 64 ) (1024 0 766 ) (0 0 766 ) (0 0 64 ) 
4 38 40 (0 1024 766 ) (0 1024 64 ) (0 0 64 ) (0 0 766 ) 
4 39 67 (1024 0 -190 ) (1024 0 48 ) (0 0 48 ) (0 0 -190 ) 
4 39 51 (0 1024 48 ) (0 1024 -190 ) (0 0 -190 ) (0 0 48 ) 
4 40 68 (0 0 64 ) (0 0 766 ) (-586.114014 0 766 ) (-586.114014 0 64 ) 
3 40 47 (-586.114014 248.369003 115.900032 ) (-586.114014 248.369003 121.943405 ) (-586.114014 250.597733 124.381790 ) 
3 40 46 (-586.114014 279.948975 124.717041 ) (-586.114014 282.368988 122.087250 ) (-586.114014 282.368988 115.923950 ) 
3 40 45 (-586.114014 274.285004 130.871994 ) (-586.114014 282.368988 128.920837 ) (-586.114014 282.368988 122.087250 ) 
3 40 44 (-586.114014 265.865540 132.904114 ) (-586.114014 282.368988 136.281265 ) (-586.114014 282.368988 128.920837 ) 
3 40 43 (-586.114014 256.666748 131.021744 ) (-586.114014 282.368988 159.141846 ) (-586.114014 282.368988 136.281265 ) 
4 40 42 (-586.114014 248.369003 121.943405 ) (-586.114014 248.369003 766 ) (-586.114014 282.368988 766 ) (-586.114014 282.368988 159.141846 ) 
4 40 48 (-586.114014 282.368988 64 ) (-586.114014 248.369003 64 ) (-586.114014 248.369003 65.136703 ) (-586.114014 282.368988 65.136703 ) 
4 40 41 (-586.114014 1024 64 ) (-586.114014 282.368988 64 ) (-586.114014 282.368988 766 ) (-586.114014 1024 766 ) 
4 40 49 (-586.114014 248.369003 64 ) (-586.114014 0 64 ) (-586.114014 0 766 ) (-586.114014 248.369003 766 ) 
4 41 46 (-614.456970 282.368988 122.087242 ) (-614.456970 282.368988 115.922897 ) (-586.114014 282.368988 115.923950 ) (-586.114014 282.368988 122.087250 ) 
4 41 45 (-614.456970 282.368988 128.920609 ) (-614.456970 282.368988 122.087242 ) (-586.114014 282.368988 122.087250 ) (-586.114014 282.368988 128.920837 ) 
4 41 44 (-614.456970 282.368988 136.281265 ) (-614.456970 282.368988 128.920609 ) (-586.114014 282.368988 128.920837 ) (-586.114014 282.368988 136.281265 ) 
4 41 43 (-614.456970 282.368988 159.138855 ) (-614.456970 282.368988 136.281265 ) (-586.114014 282.368988 136.281265 ) (-586.114014 282.368988 159.141815 ) 
4 41 42 (-614.456970 282.368988 766 ) (-614.456970 282.368988 159.138855 ) (-586.114014 282.368988 159.141815 ) (-586.114014 282.368988 766 ) 
4 41 48 (-614.456970 282.368988 65.136703 ) (-614.456970 282.368988 64 ) (-586.114014 282.368988 64 ) (-586.114014 282.368988 65.136703 ) 
4 41 50 (-614.456970 1024 64 ) (-614.456970 282.368988 64 ) (-614.456970 282.368988 766 ) (-614.456970 1024 766 ) 
4 42 47 (-586.114014 248.369003 121.942047 ) (-614.456970 248.369003 121.939049 ) (-614.456970 250.596115 124.375641 ) (-586.114014 250.597214 124.379837 ) 
4 42 43 (-614.456970 256.671783 131.022781 ) (-614.456970 282.368988 159.137054 ) (-586.114014 282.368988 159.140045 ) (-586.114014 256.668396 131.022079 ) 
4 42 49 (-614.456970 248.369003 766 ) (-614.456970 248.369003 121.940430 ) (-586.114014 248.369003 121.943405 ) (-586.114014 248.369003 766 ) 
4 42 50 (-614.456970 248.369003 121.940399 ) (-614.456970 248.369003 766 ) (-614.456970 282.368988 766 ) (-614.456970 282.368988 159.138855 ) 
4 43 44 (-614.456970 265.864685 132.904083 ) (-614.456970 282.368988 136.281296 ) (-586.114014 282.368988 136.281296 ) (-586.114014 265.865204 132.904190 ) 
3 43 50 (-614.456970 256.670135 131.022430 ) (-614.456970 282.368988 159.138855 ) (-614.456970 282.368988 136.281265 ) 
4 44 45 (-614.456970 274.285492 130.871475 ) (-614.456970 282.368988 128.920441 ) (-586.114014 282.368988 128.920685 ) (-586.114014 274.285187 130.871796 ) 
3 44 50 (-614.456970 265.864990 132.904007 ) (-614.456970 282.368988 136.281265 ) (-614.456970 282.368988 128.920609 ) 
4 45 46 (-614.456970 282.368988 122.088051 ) (-586.114014 282.368988 122.088051 ) (-586.114014 279.948669 124.718132 ) (-614.456970 279.948273 124.718575 ) 
3 45 50 (-614.456970 274.285278 130.871689 ) (-614.456970 282.368988 128.920609 ) (-614.456970 282.368988 122.087242 ) 
3 46 50 (-614.456970 279.948578 124.717461 ) (-614.456970 282.368988 122.087242 ) (-614.456970 282.368988 115.922897 ) 
3 47 50 (-614.456970 248.369003 115.900024 ) (-614.456970 248.369003 121.940399 ) (-614.456970 250.596619 124.377571 ) 
4 47 49 (-614.456970 248.369003 121.940430 ) (-614.456970 248.369003 115.900055 ) (-586.114014 248.369003 115.900032 ) (-586.114014 248.369003 121.943405 ) 
4 48 50 (-614.456970 282.368988 64 ) (-614.456970 248.369003 64 ) (-614.456970 248.369003 65.136703 ) (-614.456970 282.368988 65.136703 ) 
4 48 49 (-614.456970 248.369003 65.136703 ) (-614.456970 248.369003 64 ) (-586.114014 248.369003 64 ) (-586.114014 248.369003 65.136703 ) 
4 49 68 (-586.114014 0 766 ) (-614.456970 0 766 ) (-614.456970 0 64 ) (-586.114014 0 64 ) 
4 49 50 (-614.456970 248.369003 64 ) (-614.456970 0 64 ) (-614.456970 0 766 ) (-614.456970 248.369003 766 ) 
4 50 68 (-614.456970 0 766 ) (-1024 0 766 ) (-1024 0 64 ) (-614.456970 0 64 ) 
4 50 61 (-1024 0 64 ) (-1024 0 766 ) (-1024 1024 766 ) (-1024 1024 64 ) 
4 51 69 (0 0 -190 ) (0 0 48 ) (-1024 0 48 ) (-1024 0 -190 ) 
4 51 62 (-1024 0 -190 ) (-1024 0 48 ) (-1024 1024 48 ) (-1024 1024 -190 ) 
4 52 57 (-1280 1534 -190 ) (-1280 1280 -190 ) (-1280 1280 766 ) (-1280 1534 766 ) 
4 52 53 (-1280 1280 766 ) (-1280 1280 144 ) (-1024 1280 144 ) (-1024 1280 766 ) 
4 52 54 (-1280 1280 48 ) (-1280 1280 -190 ) (-1024 1280 -190 ) (-1024 1280 48 ) 
4 53 57 (-1280 1264 144 ) (-1280 1264 766 ) (-1280 1280 766 ) (-1280 1280 144 ) 
4 53 55 (-1280 1264 766 ) (-1280 1264 144 ) (-1024 1264 144 ) (-1024 1264 766 ) 
4 54 57 (-1280 1280 -190 ) (-1280 1264 -190 ) (-1280 1264 48 ) (-1280 1280 48 ) 
4 54 56 (-1280 1264 48 ) (-1280 1264 -190 ) (-1024 1264 -190 ) (-1024 1264 48 ) 
4 55 61 (-1024 1024 64 ) (-1024 1024 766 ) (-1280 1024 766 ) (-1280 1024 64 ) 
4 55 58 (-1280 1024 144 ) (-1280 1024 766 ) (-1280 1264 766 ) (-1280 1264 144 ) 
4 56 62 (-1024 1024 -190 ) (-1024 1024 48 ) (-1280 1024 48 ) (-1280 1024 -190 ) 
4 56 59 (-1280 1264 -190 ) (-1280 1024 -190 ) (-1280 1024 48 ) (-1280 1264 48 ) 
4 57 58 (-1280 1264 144 ) (-1280 1264 766 ) (-1296 1264 766 ) (-1296 1264 144 ) 
4 57 59 (-1296 1264 -190 ) (-1280 1264 -190 ) (-1280 1264 48 ) (-1296 1264 48 ) 
4 57 60 (-1598 1264 766 ) (-1598 1264 -190 ) (-1296 1264 -190 ) (-1296 1264 766 ) 
4 58 63 (-1280 1024 766 ) (-1296 1024 766 ) (-1296 1024 144 ) (-1280 1024 144 ) 
4 58 60 (-1296 1264 766 ) (-1296 1264 144 ) (-1296 1024 144 ) (-1296 1024 766 ) 
4 59 64 (-1296 1024 48 ) (-1296 1024 -190 ) (-1280 1024 -190 ) (-1280 1024 48 ) 
4 59 60 (-1296 1264 48 ) (-1296 1264 -190 ) (-1296 1024 -190 ) (-1296 1024 48 ) 
4 60 65 (-1296 1024 766 ) (-1598 1024 766 ) (-1598 1024 -190 ) (-1296 1024 -190 ) 
4 61 80 (-1024 0 64 ) (-1024 0 766 ) (-1280 0 766 ) (-1280 0 64 ) 
4 61 63 (-1280 0 144 ) (-1280 0 766 ) (-1280 1024 766 ) (-1280 1024 144 ) 
4 62 81 (-1024 0 -190 ) (-1024 0 48 ) (-1280 0 48 ) (-1280 0 -190 ) 
4 62 64 (-1280 1024 -190 ) (-1280 0 -190 ) (-1280 0 48 ) (-1280 1024 48 ) 
4 63 82 (-1280 0 766 ) (-1296 0 766 ) (-1296 0 144 ) (-1280 0 144 ) 
4 63 65 (-1296 0 144 ) (-1296 0 766 ) (-1296 1024 766 ) (-1296 1024 144 ) 
4 64 83 (-1296 0 48 ) (-1296 0 -190 ) (-1280 0 -190 ) (-1280 0 48 ) 
4 64 65 (-1296 1024 -190 ) (-1296 0 -190 ) (-1296 0 48 ) (-1296 1024 48 ) 
4 65 84 (-1296 0 766 ) (-1598 0 766 ) (-1598 0 -190 ) (-1296 0 -190 ) 
4 66 70 (1024 -1024 64 ) (1024 -1024 766 ) (0 -1024 766 ) (0 -1024 64 ) 
4 66 68 (0 0 766 ) (0 0 64 ) (0 -1024 64 ) (0 -1024 766 ) 
4 67 71 (1024 -1024 -190 ) (1024 -1024 48 ) (0 -1024 48 ) (0 -1024 -190 ) 
4 67 69 (0 0 48 ) (0 0 -190 ) (0 -1024 -190 ) (0 -1024 48 ) 
4 68 80 (-1024 0 766 ) (-1024 0 64 ) (-1024 -1024 64 ) (-1024 -1024 766 ) 
4 68 75 (0 -1024 64 ) (0 -1024 766 ) (-1024 -1024 766 ) (-1024 -1024 64 ) 
4 69 81 (-1024 0 48 ) (-1024 0 -190 ) (-1024 -1024 -190 ) (-1024 -1024 48 ) 
4 69 76 (0 -1024 -190 ) (0 -1024 48 ) (-1024 -1024 48 ) (-1024 -1024 -190 ) 
4 70 75 (0 -1264 766 ) (0 -1024 766 ) (0 -1024 64 ) (0 -1264 64 ) 
4 70 72 (1024 -1264 144 ) (1024 -1264 766 ) (0 -1264 766 ) (0 -1264 144 ) 
4 71 76 (0 -1024 48 ) (0 -1024 -190 ) (0 -1264 -190 ) (0 -1264 48 ) 
4 71 73 (0 -1264 -190 ) (1024 -1264 -190 ) (1024 -1264 48 ) (0 -1264 48 ) 
4 72 77 (0 -1280 766 ) (0 -1264 766 ) (0 -1264 144 ) (0 -1280 144 ) 
4 72 74 (1024 -1280 144 ) (1024 -1280 766 ) (0 -1280 766 ) (0 -1280 144 ) 
4 73 78 (0 -1264 48 ) (0 -1264 -190 ) (0 -1280 -190 ) (0 -1280 48 ) 
4 73 74 (0 -1280 -190 ) (1024 -1280 -190 ) (1024 -1280 48 ) (0 -1280 48 ) 
4 74 79 (0 -1662 766 ) (0 -1280 766 ) (0 -1280 -190 ) (0 -1662 -190 ) 
4 75 85 (-1024 -1264 766 ) (-1024 -1024 766 ) (-1024 -1024 64 ) (-1024 -1264 64 ) 
4 75 77 (0 -1264 144 ) (0 -1264 766 ) (-1024 -1264 766 ) (-1024 -1264 144 ) 
4 76 86 (-1024 -1024 48 ) (-1024 -1024 -190 ) (-1024 -1264 -190 ) (-1024 -1264 48 ) 
4 76 78 (-1024 -1264 -190 ) (0 -1264 -190 ) (0 -1264 48 ) (-1024 -1264 48 ) 
4 77 87 (-1024 -1280 766 ) (-1024 -1264 766 ) (-1024 -1264 144 ) (-1024 -1280 144 ) 
4 77 79 (0 -1280 144 ) (0 -1280 766 ) (-1024 -1280 766 ) (-1024 -1280 144 ) 
4 78 88 (-1024 -1264 48 ) (-1024 -1264 -190 ) (-1024 -1280 -190 ) (-1024 -1280 48 ) 
4 78 79 (-1024 -1280 -190 ) (0 -1280 -190 ) (0 -1280 48 ) (-1024 -1280 48 ) 
4 79 89 (-1024 -1662 766 ) (-1024 -1280 766 ) (-1024 -1280 -190 ) (-1024 -1662 -190 ) 
4 80 85 (-1024 -1024 64 ) (-1024 -1024 766 ) (-1280 -1024 766 ) (-1280 -1024 64 ) 
4 80 82 (-1280 -1024 144 ) (-1280 -1024 766 ) (-1280 0 766 ) (-1280 0 144 ) 
4 81 86 (-1024 -1024 -190 ) (-1024 -1024 48 ) (-1280 -1024 48 ) (-1280 -1024 -190 ) 
4 81 83 (-1280 0 -190 ) (-1280 -1024 -190 ) (-1280 -1024 48 ) (-1280 0 48 ) 
4 82 90 (-1280 -1024 766 ) (-1296 -1024 766 ) (-1296 -1024 144 ) (-1280 -1024 144 ) 
4 82 84 (-1296 -1024 144 ) (-1296 -1024 766 ) (-1296 0 766 ) (-1296 0 144 ) 
4 83 91 (-1296 -1024 48 ) (-1296 -1024 -190 ) (-1280 -1024 -190 ) (-1280 -1024 48 ) 
4 83 84 (-1296 0 -190 ) (-1296 -1024 -190 ) (-1296 -1024 48 ) (-1296 0 48 ) 
4 84 92 (-1296 -1024 766 ) (-1598 -1024 766 ) (-1598 -1024 -190 ) (-1296 -1024 -190 ) 
4 85 90 (-1280 -1264 144 ) (-1280 -1264 766 ) (-1280 -1024 766 ) (-1280 -1024 144 ) 
4 85 87 (-1280 -1264 766 ) (-1280 -1264 144 ) (-1024 -1264 144 ) (-1024 -1264 766 ) 
4 86 91 (-1280 -1024 -190 ) (-1280 -1264 -190 ) (-1280 -1264 48 ) (-1280 -1024 48 ) 
4 86 88 (-1280 -1264 48 ) (-1280 -1264 -190 ) (-1024 -1264 -190 ) (-1024 -1264 48 ) 
4 87 93 (-1280 -1280 144 ) (-1280 -1280 766 ) (-1280 -1264 766 ) (-1280 -1264 144 ) 
4 87 89 (-1280 -1280 766 ) (-1280 -1280 144 ) (-1024 -1280 144 ) (-1024 -1280 766 ) 
4 88 93 (-1280 -1264 -190 ) (-1280 -1280 -190 ) (-1280 -1280 48 ) (-1280 -1264 48 ) 
4 88 89 (-1280 -1280 48 ) (-1280 -1280 -190 ) (-1024 -1280 -190 ) (-1024 -1280 48 ) 
4 89 93 (-1280 -1280 -190 ) (-1280 -1662 -190 ) (-1280 -1662 766 ) (-1280 -1280 766 ) 
4 90 93 (-1280 -1264 144 ) (-1280 -1264 766 ) (-1296 -1264 766 ) (-1296 -1264 144 ) 
4 90 92 (-1296 -1264 144 ) (-1296 -1264 766 ) (-1296 -1024 766 ) (-1296 -1024 144 ) 
4 91 93 (-1296 -1264 -190 ) (-1280 -1264 -190 ) (-1280 -1264 48 ) (-1296 -1264 48 ) 
4 91 92 (-1296 -1024 -190 ) (-1296 -1264 -190 ) (-1296 -1264 48 ) (-1296 -1024 48 ) 
4 92 93 (-1598 -1264 766 ) (-1598 -1264 -190 ) (-1296 -1264 -190 ) (-1296 -1264 766 ) 
