qdir:    "c:\program files (x86)\steam\steamapps\sourcemods\who\modelsrc\chessandpieces\floayting_bishop\"
gamedir: "C:\Program Files (x86)\Steam\steamapps\sourcemods\who\"
g_path:  "C:\Program Files (x86)\Steam\steamapps\sourcemods\who\ModelSrc\chessandpieces\floayting_bishop\floayting_bishop.qc"
Building binary model files...
Working on "floayting_bishop.qc"
SMD MODEL ref.smd
SMD MODEL anims/idle.smd
SMD MODEL colls.smd
Model has 1 convex sub-parts
Collision model completed.
---------------------
writing C:\Program Files (x86)\Steam\steamapps\sourcemods\who\models/chessandpieces/floayting_bishop.mdl:
bones          964 bytes (1)
animations     124 bytes (1 anims) (1 frames) [0:00]
sequences      220 bytes (1 seq) 
ik/pose        164 bytes
eyeballs         0 bytes (0 eyeballs)
flexes           0 bytes (0 flexes)
textures        72 bytes
keyvalues       56 bytes
bone transforms        0 bytes
bone flex driver       0 bytes
Collision model volume 25220.10 in^3
collision        0 bytes
total         1840
---------------------
writing C:\Program Files (x86)\Steam\steamapps\sourcemods\who\models/chessandpieces/floayting_bishop.vvd:
vertices     88224 bytes (1838 vertices)
tangents     29408 bytes (1838 vertices)
total       117696 bytes
---------------------
Generating optimized mesh "C:\Program Files (x86)\Steam\steamapps\sourcemods\who\models/chessandpieces/floayting_bishop.sw.vtx":
body parts:         8 bytes
models:            20 bytes
model LODs:        12 bytes
meshes:             9 bytes
strip groups:      25 bytes
strips:            27 bytes
verts:          16542 bytes
indices:        17544 bytes
bone changes:       8 bytes
everything:     34219 bytes
---------------------
Generating optimized mesh "C:\Program Files (x86)\Steam\steamapps\sourcemods\who\models/chessandpieces/floayting_bishop.dx80.vtx":
body parts:         8 bytes
models:            20 bytes
model LODs:        12 bytes
meshes:             9 bytes
strip groups:      25 bytes
strips:            27 bytes
verts:          16542 bytes
indices:        17544 bytes
bone changes:      16 bytes
everything:     34227 bytes
---------------------
Generating optimized mesh "C:\Program Files (x86)\Steam\steamapps\sourcemods\who\models/chessandpieces/floayting_bishop.dx90.vtx":
body parts:         8 bytes
models:            20 bytes
model LODs:        12 bytes
meshes:             9 bytes
strip groups:      25 bytes
strips:            27 bytes
verts:          16542 bytes
indices:        17544 bytes
bone changes:      16 bytes
everything:     34227 bytes

Completed "floayting_bishop.qc"



