qdir:    "c:\program files (x86)\steam\steamapps\sourcemods\who\modelsrc\chessandpieces\rook_white\"
gamedir: "C:\Program Files (x86)\Steam\steamapps\sourcemods\who\"
g_path:  "C:\Program Files (x86)\Steam\steamapps\sourcemods\who\ModelSrc\chessandpieces\rook_white\rook_white.qc"
Building binary model files...
Working on "rook_white.qc"
SMD MODEL rook.smd
SMD MODEL rook_colls.smd
SMD MODEL anims/idle.smd
Model has 1 convex sub-parts
Collision model completed.
---------------------
writing C:\Program Files (x86)\Steam\steamapps\sourcemods\who\models/chessandpieces/rook_white.mdl:
bones          896 bytes (1)
animations     116 bytes (1 anims) (1 frames) [0:00]
sequences      220 bytes (1 seq) 
ik/pose        164 bytes
eyeballs         0 bytes (0 eyeballs)
flexes           0 bytes (0 flexes)
textures        72 bytes
keyvalues        0 bytes
bone transforms        0 bytes
bone flex driver       0 bytes
Collision model volume 0.05 in^3
collision        0 bytes
total         1704
---------------------
writing C:\Program Files (x86)\Steam\steamapps\sourcemods\who\models/chessandpieces/rook_white.vvd:
vertices     96768 bytes (2016 vertices)
tangents     32256 bytes (2016 vertices)
total       129088 bytes
---------------------
Generating optimized mesh "C:\Program Files (x86)\Steam\steamapps\sourcemods\who\models/chessandpieces/rook_white.sw.vtx":
body parts:         8 bytes
models:            20 bytes
model LODs:        12 bytes
meshes:             9 bytes
strip groups:      25 bytes
strips:            27 bytes
verts:          18144 bytes
indices:        17856 bytes
bone changes:      16 bytes
everything:     36141 bytes
---------------------
Generating optimized mesh "C:\Program Files (x86)\Steam\steamapps\sourcemods\who\models/chessandpieces/rook_white.dx80.vtx":
body parts:         8 bytes
models:            20 bytes
model LODs:        12 bytes
meshes:             9 bytes
strip groups:      25 bytes
strips:            27 bytes
verts:          18144 bytes
indices:        17856 bytes
bone changes:      16 bytes
everything:     36141 bytes
---------------------
Generating optimized mesh "C:\Program Files (x86)\Steam\steamapps\sourcemods\who\models/chessandpieces/rook_white.dx90.vtx":
body parts:         8 bytes
models:            20 bytes
model LODs:        12 bytes
meshes:             9 bytes
strip groups:      25 bytes
strips:            27 bytes
verts:          18144 bytes
indices:        17856 bytes
bone changes:      16 bytes
everything:     36141 bytes

Completed "rook_white.qc"



