qdir:    "c:\program files (x86)\steam\steamapps\sourcemods\who\modelsrc\chessandpieces\bishop_white\"
gamedir: "C:\Program Files (x86)\Steam\steamapps\sourcemods\who\"
g_path:  "C:\Program Files (x86)\Steam\steamapps\sourcemods\who\ModelSrc\chessandpieces\bishop_white\bishop_white.qc"
Building binary model files...
Working on "bishop_white.qc"
SMD MODEL bishop.smd
SMD MODEL bishop_colls.smd
SMD MODEL anims/idle.smd
Model has 1 convex sub-parts
Collision model completed.
---------------------
writing C:\Program Files (x86)\Steam\steamapps\sourcemods\who\models/chessandpieces/bishop_white.mdl:
bones          896 bytes (1)
animations     116 bytes (1 anims) (1 frames) [0:00]
sequences      220 bytes (1 seq) 
ik/pose        164 bytes
eyeballs         0 bytes (0 eyeballs)
flexes           0 bytes (0 flexes)
textures        72 bytes
keyvalues        0 bytes
bone transforms        0 bytes
bone flex driver       0 bytes
Collision model volume 1.00 in^3
collision        0 bytes
total         1708
---------------------
writing C:\Program Files (x86)\Steam\steamapps\sourcemods\who\models/chessandpieces/bishop_white.vvd:
vertices     88224 bytes (1838 vertices)
tangents     29408 bytes (1838 vertices)
total       117696 bytes
---------------------
Generating optimized mesh "C:\Program Files (x86)\Steam\steamapps\sourcemods\who\models/chessandpieces/bishop_white.sw.vtx":
body parts:         8 bytes
models:            20 bytes
model LODs:        12 bytes
meshes:             9 bytes
strip groups:      25 bytes
strips:            27 bytes
verts:          16542 bytes
indices:        17544 bytes
bone changes:      16 bytes
everything:     34227 bytes
---------------------
Generating optimized mesh "C:\Program Files (x86)\Steam\steamapps\sourcemods\who\models/chessandpieces/bishop_white.dx80.vtx":
body parts:         8 bytes
models:            20 bytes
model LODs:        12 bytes
meshes:             9 bytes
strip groups:      25 bytes
strips:            27 bytes
verts:          16542 bytes
indices:        17544 bytes
bone changes:      16 bytes
everything:     34227 bytes
---------------------
Generating optimized mesh "C:\Program Files (x86)\Steam\steamapps\sourcemods\who\models/chessandpieces/bishop_white.dx90.vtx":
body parts:         8 bytes
models:            20 bytes
model LODs:        12 bytes
meshes:             9 bytes
strip groups:      25 bytes
strips:            27 bytes
verts:          16542 bytes
indices:        17544 bytes
bone changes:      16 bytes
everything:     34227 bytes

Completed "bishop_white.qc"



