qdir:    "c:\program files (x86)\steam\steamapps\sourcemods\who\modelsrc\example\model\"
gamedir: "C:\Program Files (x86)\Steam\steamapps\common\Source SDK Base 2013 Singleplayer\sourcetest\"
g_path:  "C:\Program Files (x86)\Steam\steamapps\sourcemods\who\ModelSrc\example\model\model.qc"
Building binary model files...
Working on "model.qc"
SMD MODEL ref.smd
SMD MODEL colls.smd
SMD MODEL anims/idle.smd
WARNING: Model has 2-dimensional geometry (less than 0.500 inches thick on any axis)!!!
WARNING: Model has 2-dimensional geometry (less than 0.500 inches thick on any axis)!!!
WARNING: Model has 2-dimensional geometry (less than 0.500 inches thick on any axis)!!!
WARNING: Model has 2-dimensional geometry (less than 0.500 inches thick on any axis)!!!
WARNING: Model has 2-dimensional geometry (less than 0.500 inches thick on any axis)!!!
WARNING: Model has 2-dimensional geometry (less than 0.500 inches thick on any axis)!!!
WARNING: Model has 2-dimensional geometry (less than 0.500 inches thick on any axis)!!!
WARNING: Model has 2-dimensional geometry (less than 0.500 inches thick on any axis)!!!
WARNING: Model has 2-dimensional geometry (less than 0.500 inches thick on any axis)!!!
WARNING: Model has 2-dimensional geometry (less than 0.500 inches thick on any axis)!!!
WARNING: Model has 2-dimensional geometry (less than 0.500 inches thick on any axis)!!!
WARNING: Model has 2-dimensional geometry (less than 0.500 inches thick on any axis)!!!
WARNING: Model has 2-dimensional geometry (less than 0.500 inches thick on any axis)!!!
WARNING: Model has 2-dimensional geometry (less than 0.500 inches thick on any axis)!!!
WARNING: Error with convex elements of colls.smd, building single convex!!!!
Model has 2 convex sub-parts
Collision model completed.
---------------------
writing C:\Program Files (x86)\Steam\steamapps\common\Source SDK Base 2013 Singleplayer\sourcetest\models/example/model.mdl:
bones          964 bytes (1)
animations     112 bytes (1 anims) (1 frames) [0:00]
sequences      220 bytes (1 seq) 
ik/pose        164 bytes
eyeballs         0 bytes (0 eyeballs)
flexes           0 bytes (0 flexes)
textures        72 bytes
keyvalues        0 bytes
bone transforms        0 bytes
bone flex driver       0 bytes
Collision model volume 25262.83 in^3
collision        0 bytes
total         1736
---------------------
writing C:\Program Files (x86)\Steam\steamapps\common\Source SDK Base 2013 Singleplayer\sourcetest\models/example/model.vvd:
vertices      4800 bytes (100 vertices)
tangents      1600 bytes (100 vertices)
total         6464 bytes
---------------------
Generating optimized mesh "C:\Program Files (x86)\Steam\steamapps\common\Source SDK Base 2013 Singleplayer\sourcetest\models/example/model.sw.vtx":
body parts:         8 bytes
models:            20 bytes
model LODs:        12 bytes
meshes:             9 bytes
strip groups:      25 bytes
strips:            27 bytes
verts:            900 bytes
indices:          312 bytes
bone changes:      16 bytes
everything:      1353 bytes
---------------------
Generating optimized mesh "C:\Program Files (x86)\Steam\steamapps\common\Source SDK Base 2013 Singleplayer\sourcetest\models/example/model.dx80.vtx":
body parts:         8 bytes
models:            20 bytes
model LODs:        12 bytes
meshes:             9 bytes
strip groups:      25 bytes
strips:            27 bytes
verts:            900 bytes
indices:          312 bytes
bone changes:      16 bytes
everything:      1353 bytes
---------------------
Generating optimized mesh "C:\Program Files (x86)\Steam\steamapps\common\Source SDK Base 2013 Singleplayer\sourcetest\models/example/model.dx90.vtx":
body parts:         8 bytes
models:            20 bytes
model LODs:        12 bytes
meshes:             9 bytes
strip groups:      25 bytes
strips:            27 bytes
verts:            900 bytes
indices:          312 bytes
bone changes:      16 bytes
everything:      1353 bytes

Completed "model.qc"



